Component: ARM Compiler 6.14 Tool: armlink [5db06800]

==============================================================================

Section Cross References

    startup_stm32f429xx.o(STACK) refers (Special) to heapauxi.o(.text) for __use_two_region_memory
    startup_stm32f429xx.o(HEAP) refers (Special) to heapauxi.o(.text) for __use_two_region_memory
    startup_stm32f429xx.o(RESET) refers (Special) to heapauxi.o(.text) for __use_two_region_memory
    startup_stm32f429xx.o(RESET) refers to startup_stm32f429xx.o(STACK) for __initial_sp
    startup_stm32f429xx.o(RESET) refers to startup_stm32f429xx.o(.text) for Reset_Handler
    startup_stm32f429xx.o(RESET) refers to stm32f4xx_it.o(.text.NMI_Handler) for NMI_Handler
    startup_stm32f429xx.o(RESET) refers to stm32f4xx_it.o(.text.HardFault_Handler) for HardFault_Handler
    startup_stm32f429xx.o(RESET) refers to stm32f4xx_it.o(.text.MemManage_Handler) for MemManage_Handler
    startup_stm32f429xx.o(RESET) refers to stm32f4xx_it.o(.text.BusFault_Handler) for BusFault_Handler
    startup_stm32f429xx.o(RESET) refers to stm32f4xx_it.o(.text.UsageFault_Handler) for UsageFault_Handler
    startup_stm32f429xx.o(RESET) refers to stm32f4xx_it.o(.text.DebugMon_Handler) for DebugMon_Handler
    startup_stm32f429xx.o(RESET) refers to tx_thread_schedule.o(.text) for PendSV_Handler
    startup_stm32f429xx.o(RESET) refers to tx_initialize_low_level.o(.text) for SysTick_Handler
    startup_stm32f429xx.o(RESET) refers to stm32f4xx_it.o(.text.TIM1_UP_TIM10_IRQHandler) for TIM1_UP_TIM10_IRQHandler
    startup_stm32f429xx.o(RESET) refers to stm32f4xx_it.o(.text.USART1_IRQHandler) for USART1_IRQHandler
    startup_stm32f429xx.o(.text) refers (Special) to heapauxi.o(.text) for __use_two_region_memory
    startup_stm32f429xx.o(.text) refers to system_stm32f4xx.o(.text.SystemInit) for SystemInit
    startup_stm32f429xx.o(.text) refers to __main.o(!!!main) for __main
    startup_stm32f429xx.o(.text) refers to startup_stm32f429xx.o(HEAP) for Heap_Mem
    startup_stm32f429xx.o(.text) refers to startup_stm32f429xx.o(STACK) for Stack_Mem
    main.o(.text.main) refers to stm32f4xx_hal.o(.text.HAL_Init) for HAL_Init
    main.o(.text.main) refers to main.o(.text.SystemClock_Config) for SystemClock_Config
    main.o(.text.main) refers to stm32f4xx_hal_gpio.o(.text.HAL_GPIO_WritePin) for HAL_GPIO_WritePin
    main.o(.text.main) refers to stm32f4xx_hal_gpio.o(.text.HAL_GPIO_Init) for HAL_GPIO_Init
    main.o(.text.main) refers to main.o(.bss.huart1) for huart1
    main.o(.text.main) refers to stm32f4xx_hal_uart.o(.text.HAL_UART_Init) for HAL_UART_Init
    main.o(.text.main) refers to main.o(.bss.hpcd_USB_OTG_HS) for hpcd_USB_OTG_HS
    main.o(.text.main) refers to stm32f4xx_hal_pcd.o(.text.HAL_PCD_Init) for HAL_PCD_Init
    main.o(.text.main) refers to app_threadx.o(.text.MX_ThreadX_Init) for MX_ThreadX_Init
    main.o(.ARM.exidx.text.main) refers to main.o(.text.main) for [Anonymous Symbol]
    main.o(.text.SystemClock_Config) refers to stm32f4xx_hal_rcc.o(.text.HAL_RCC_OscConfig) for HAL_RCC_OscConfig
    main.o(.text.SystemClock_Config) refers to stm32f4xx_hal_rcc.o(.text.HAL_RCC_ClockConfig) for HAL_RCC_ClockConfig
    main.o(.ARM.exidx.text.SystemClock_Config) refers to main.o(.text.SystemClock_Config) for [Anonymous Symbol]
    main.o(.ARM.exidx.text.Error_Handler) refers to main.o(.text.Error_Handler) for [Anonymous Symbol]
    main.o(.text.MX_SDIO_SD_Init) refers to main.o(.bss.hsd) for hsd
    main.o(.text.MX_SDIO_SD_Init) refers to stm32f4xx_hal_sd.o(.text.HAL_SD_Init) for HAL_SD_Init
    main.o(.text.MX_SDIO_SD_Init) refers to stm32f4xx_hal_sd.o(.text.HAL_SD_ConfigWideBusOperation) for HAL_SD_ConfigWideBusOperation
    main.o(.ARM.exidx.text.MX_SDIO_SD_Init) refers to main.o(.text.MX_SDIO_SD_Init) for [Anonymous Symbol]
    main.o(.text.HAL_TIM_PeriodElapsedCallback) refers to stm32f4xx_hal.o(.text.HAL_IncTick) for HAL_IncTick
    main.o(.ARM.exidx.text.HAL_TIM_PeriodElapsedCallback) refers to main.o(.text.HAL_TIM_PeriodElapsedCallback) for [Anonymous Symbol]
    tx_initialize_low_level.o(.text) refers (Special) to __main.o(!!!main) for __main
    tx_initialize_low_level.o(.text) refers (Special) to tx_thread_schedule.o(.text) for __tx_PendSVHandler
    tx_initialize_low_level.o(.text) refers to tx_initialize_high_level.o(.bss._tx_initialize_unused_memory) for _tx_initialize_unused_memory
    tx_initialize_low_level.o(.text) refers to startup_stm32f429xx.o(RESET) for __Vectors
    tx_initialize_low_level.o(.text) refers to tx_thread_initialize.o(.bss._tx_thread_system_stack_ptr) for _tx_thread_system_stack_ptr
    tx_initialize_low_level.o(.text) refers to tx_timer_interrupt.o(.text) for _tx_timer_interrupt
    app_threadx.o(.ARM.exidx.text.App_ThreadX_Init) refers to app_threadx.o(.text.App_ThreadX_Init) for [Anonymous Symbol]
[...]
    _ux_system_slave_class_storage_product_serial 0x20000027   Data          21  ux_device_class_storage_initialize.o(.data..L_MergedGlobals)
    FsWriteBuf                               0x2000003c   Data        1024  sdtask.o(.data.FsWriteBuf)
    SystemCoreClock                          0x2000043c   Data           4  system_stm32f4xx.o(.data.SystemCoreClock)
    UserClassInstance                        0x20000440   Data           9  ux_device_descriptors.o(.data.UserClassInstance)
    _fx_version_id                           0x20000449   Data          92  fx_system_initialize.o(.data._fx_version_id)
    _tx_thread_system_state                  0x200004a8   Data           4  tx_thread_initialize.o(.data._tx_thread_system_state)
    _ux_system_slave_class_storage_name      0x200004ac   Data          23  ux_device_stack_initialize.o(.data._ux_system_slave_class_storage_name)
    __libspace_start                         0x200004c8   Data          96  libspace.o(.bss)
    PDL_First                                0x20000528   Data           4  uart.o(.bss..L_MergedGlobals)
    __temporary_stack_top$libspace           0x20000528   Data           0  libspace.o(.bss)
    PDL_BlockPool                            0x2000052c   Data          48  uart.o(.bss..L_MergedGlobals)
    PD_BytePool                              0x2000055c   Data          52  uart.o(.bss..L_MergedGlobals)
    _tx_semaphore_created_ptr                0x20000590   Data           4  tx_initialize_high_level.o(.bss..L_MergedGlobals)
    _tx_semaphore_created_count              0x20000594   Data           4  tx_initialize_high_level.o(.bss..L_MergedGlobals)
    _tx_queue_created_ptr                    0x20000598   Data           4  tx_initialize_high_level.o(.bss..L_MergedGlobals)
    _tx_queue_created_count                  0x2000059c   Data           4  tx_initialize_high_level.o(.bss..L_MergedGlobals)
    _tx_event_flags_created_ptr              0x200005a0   Data           4  tx_initialize_high_level.o(.bss..L_MergedGlobals)
    _tx_event_flags_created_count            0x200005a4   Data           4  tx_initialize_high_level.o(.bss..L_MergedGlobals)
    _tx_block_pool_created_ptr               0x200005a8   Data           4  tx_initialize_high_level.o(.bss..L_MergedGlobals)
    _tx_block_pool_created_count             0x200005ac   Data           4  tx_initialize_high_level.o(.bss..L_MergedGlobals)
    _tx_byte_pool_created_ptr                0x200005b0   Data           4  tx_initialize_high_level.o(.bss..L_MergedGlobals)
    _tx_byte_pool_created_count              0x200005b4   Data           4  tx_initialize_high_level.o(.bss..L_MergedGlobals)
    _tx_mutex_created_ptr                    0x200005b8   Data           4  tx_initialize_high_level.o(.bss..L_MergedGlobals)
    _tx_mutex_created_count                  0x200005bc   Data           4  tx_initialize_high_level.o(.bss..L_MergedGlobals)
    _tx_thread_current_ptr                   0x200005c0   Data           4  tx_thread_initialize.o(.bss..L_MergedGlobals)
    _tx_thread_execute_ptr                   0x200005c4   Data           4  tx_thread_initialize.o(.bss..L_MergedGlobals)
    _tx_thread_priority_maps                 0x200005c8   Data           4  tx_thread_initialize.o(.bss..L_MergedGlobals)
    _tx_thread_highest_priority              0x200005cc   Data           4  tx_thread_initialize.o(.bss..L_MergedGlobals)
    _tx_thread_created_ptr                   0x200005d0   Data           4  tx_thread_initialize.o(.bss..L_MergedGlobals)
    _tx_thread_created_count                 0x200005d4   Data           4  tx_thread_initialize.o(.bss..L_MergedGlobals)
    _tx_thread_preempt_disable               0x200005d8   Data           4  tx_thread_initialize.o(.bss..L_MergedGlobals)
    _tx_thread_mutex_release                 0x200005dc   Data           4  tx_thread_initialize.o(.bss..L_MergedGlobals)
    _tx_build_options                        0x200005e0   Data           4  tx_thread_initialize.o(.bss..L_MergedGlobals)
    _tx_timer_system_clock                   0x200005e4   Data           4  tx_timer_initialize.o(.bss..L_MergedGlobals)
    _tx_timer_time_slice                     0x200005e8   Data           4  tx_timer_initialize.o(.bss..L_MergedGlobals)
    _tx_timer_expired_time_slice             0x200005ec   Data           4  tx_timer_initialize.o(.bss..L_MergedGlobals)
    _tx_timer_expired                        0x200005f0   Data           4  tx_timer_initialize.o(.bss..L_MergedGlobals)
    _tx_timer_expired_timer_ptr              0x200005f4   Data           4  tx_timer_initialize.o(.bss..L_MergedGlobals)
    _tx_timer_list_start                     0x200005f8   Data           4  tx_timer_initialize.o(.bss..L_MergedGlobals)
    _tx_timer_current_ptr                    0x200005fc   Data           4  tx_timer_initialize.o(.bss..L_MergedGlobals)
    _tx_timer_list_end                       0x20000600   Data           4  tx_timer_initialize.o(.bss..L_MergedGlobals)
    _tx_timer_stack_start                    0x20000604   Data           4  tx_timer_initialize.o(.bss..L_MergedGlobals)
    _tx_timer_stack_size                     0x20000608   Data           4  tx_timer_initialize.o(.bss..L_MergedGlobals)
    _tx_timer_priority                       0x2000060c   Data           4  tx_timer_initialize.o(.bss..L_MergedGlobals)
    _tx_timer_created_ptr                    0x20000610   Data           4  tx_timer_initialize.o(.bss..L_MergedGlobals)
    _tx_timer_created_count                  0x20000614   Data           4  tx_timer_initialize.o(.bss..L_MergedGlobals)
    _fx_system_media_opened_ptr              0x20000618   Data           4  fx_system_initialize.o(.bss..L_MergedGlobals)
    _fx_system_media_opened_count            0x2000061c   Data           4  fx_system_initialize.o(.bss..L_MergedGlobals)
    _fx_system_date                          0x20000620   Data           4  fx_system_initialize.o(.bss..L_MergedGlobals)
    _fx_system_time                          0x20000624   Data           4  fx_system_initialize.o(.bss..L_MergedGlobals)
    _fx_system_media_max_sector_cache        0x20000628   Data           4  fx_system_initialize.o(.bss..L_MergedGlobals)
    _fx_system_media_max_fat_cache           0x2000062c   Data           4  fx_system_initialize.o(.bss..L_MergedGlobals)
    _fx_system_build_options_1               0x20000630   Data           4  fx_system_initialize.o(.bss..L_MergedGlobals)
    _fx_system_build_options_2               0x20000634   Data           4  fx_system_initialize.o(.bss..L_MergedGlobals)
    _fx_system_build_options_3               0x20000638   Data           4  fx_system_initialize.o(.bss..L_MergedGlobals)
    _fx_system_timer                         0x2000063c   Data          44  fx_system_initialize.o(.bss..L_MergedGlobals)
    CPUcount                                 0x200006c4   Data           4  idle.o(.bss.CPUcount)
    PrintfDataListBlockBuf                   0x20000fb8   Data        1024  uart.o(.bss.PrintfDataListBlockBuf)
    PrintfDataPoolBuf                        0x200013b8   Data        1024  uart.o(.bss.PrintfDataPoolBuf)
    USBD_Device_FS                           0x20002748   Data         284  ux_device_descriptors.o(.bss.USBD_Device_FS)
    USBD_Device_HS                           0x20002864   Data         284  ux_device_descriptors.o(.bss.USBD_Device_HS)
    USBD_language_id_framework               0x20002980   Data           2  ux_device_descriptors.o(.bss.USBD_language_id_framework)
    USBD_string_framework                    0x20002984   Data         256  ux_device_descriptors.o(.bss.USBD_string_framework)
    _tx_initialize_unused_memory             0x20003b34   Data           4  tx_initialize_high_level.o(.bss._tx_initialize_unused_memory)
    _tx_thread_priority_list                 0x20003b38   Data         128  tx_thread_initialize.o(.bss._tx_thread_priority_list)
    _tx_thread_system_stack_ptr              0x20003bb8   Data           4  tx_thread_initialize.o(.bss._tx_thread_system_stack_ptr)
    _tx_timer_list                           0x20003bbc   Data         128  tx_timer_initialize.o(.bss._tx_timer_list)
    _tx_timer_thread                         0x20003c3c   Data         176  tx_timer_initialize.o(.bss._tx_timer_thread)
    _tx_timer_thread_stack_area              0x20003cec   Data        1024  tx_timer_initialize.o(.bss._tx_timer_thread_stack_area)
    _ux_system                               0x200040ec   Data           4  ux_system_initialize.o(.bss._ux_system)
    _ux_system_slave                         0x200040f0   Data           4  ux_device_stack_initialize.o(.bss._ux_system_slave)
    fx_file                                  0x200040f8   Data         480  sdtask.o(.bss.fx_file)
    hpcd_USB_OTG_HS                          0x200042d8   Data        1032  main.o(.bss.hpcd_USB_OTG_HS)
    hsd                                      0x200046e0   Data         132  main.o(.bss.hsd)
    htim1                                    0x20004764   Data          72  stm32f4xx_hal_timebase_tim.o(.bss.htim1)
    huart1                                   0x200047ac   Data          68  main.o(.bss.huart1)
    media_memory                             0x200047f0   Data        4096  sdtask.o(.bss.media_memory)
    sdio_disk                                0x200057f0   Data        9400  sdtask.o(.bss.sdio_disk)
    status                                   0x20007ca8   Data           4  sdtask.o(.bss.status)
    uwTick                                   0x200124ac   Data           4  stm32f4xx_hal.o(.bss.uwTick)
    Image$$RW_IRAM1$$ZI$$Limit               0x20012ab0   Number         0  anon$$obj.o ABSOLUTE



==============================================================================

Memory Map of the image

  Image Entry point : 0x080001ad

  Load Region LR_IROM1 (Base: 0x08000000, Size: 0x0000fb50, Max: 0x00200000, ABSOLUTE, COMPRESSED[0x0000f758])

    Execution Region ER_IROM1 (Exec base: 0x08000000, Load base: 0x08000000, Size: 0x0000f688, Max: 0x00200000, ABSOLUTE)

    Exec Addr    Load Addr    Size         Type   Attr      Idx    E Section Name        Object

    0x08000000   0x08000000   0x000001ac   Data   RO            3    RESET               startup_stm32f429xx.o
    0x080001ac   0x080001ac   0x00000008   Code   RO         5788  * !!!main             c_w.l(__main.o)
    0x080001b4   0x080001b4   0x00000034   Code   RO         5963    !!!scatter          c_w.l(__scatter.o)
    0x080001e8   0x080001e8   0x0000003a   Code   RO         5961    !!dczerorl          c_w.l(__dczerorl.o)
    0x08000222   0x08000222   0x00000002   PAD
    0x08000224   0x08000224   0x0000001c   Code   RO         5965    !!handler_zi        c_w.l(__scatter_zi.o)
    0x08000240   0x08000240   0x00000002   Code   RO         5825    .ARM.Collect$$libinit$$00000000  c_w.l(libinit.o)
    0x08000242   0x08000242   0x00000004   Code   RO         5837    .ARM.Collect$$libinit$$00000001  c_w.l(libinit2.o)
    0x08000246   0x08000246   0x00000000   Code   RO         5840    .ARM.Collect$$libinit$$00000004  c_w.l(libinit2.o)
    0x08000246   0x08000246   0x00000000   Code   RO         5843    .ARM.Collect$$libinit$$0000000A  c_w.l(libinit2.o)
    0x08000246   0x08000246   0x00000000   Code   RO         5845    .ARM.Collect$$libinit$$0000000C  c_w.l(libinit2.o)
    0x08000246   0x08000246   0x00000000   Code   RO         5847    .ARM.Collect$$libinit$$0000000E  c_w.l(libinit2.o)
    0x08000246   0x08000246   0x00000000   Code   RO         5850    .ARM.Collect$$libinit$$00000011  c_w.l(libinit2.o)
    0x08000246   0x08000246   0x00000000   Code   RO         5852    .ARM.Collect$$libinit$$00000013  c_w.l(libinit2.o)
    0x08000246   0x08000246   0x00000000   Code   RO         5854    .ARM.Collect$$libinit$$00000015  c_w.l(libinit2.o)
    0x08000246   0x08000246   0x00000000   Code   RO         5856    .ARM.Collect$$libinit$$00000017  c_w.l(libinit2.o)
    0x08000246   0x08000246   0x00000000   Code   RO         5858    .ARM.Collect$$libinit$$00000019  c_w.l(libinit2.o)
    0x08000246   0x08000246   0x00000000   Code   RO         5860    .ARM.Collect$$libinit$$0000001B  c_w.l(libinit2.o)
    0x08000246   0x08000246   0x00000000   Code   RO         5862    .ARM.Collect$$libinit$$0000001D  c_w.l(libinit2.o)
    0x08000246   0x08000246   0x00000000   Code   RO         5864    .ARM.Collect$$libinit$$0000001F  c_w.l(libinit2.o)
    0x08000246   0x08000246   0x00000000   Code   RO         5866    .ARM.Collect$$libinit$$00000021  c_w.l(libinit2.o)
    0x08000246   0x08000246   0x00000000   Code   RO         5868    .ARM.Collect$$libinit$$00000023  c_w.l(libinit2.o)
    0x08000246   0x08000246   0x00000000   Code   RO         5870    .ARM.Collect$$libinit$$00000025  c_w.l(libinit2.o)
    0x08000246   0x08000246   0x00000000   Code   RO         5874    .ARM.Collect$$libinit$$0000002C  c_w.l(libinit2.o)
    0x08000246   0x08000246   0x00000000   Code   RO         5876    .ARM.Collect$$libinit$$0000002E  c_w.l(libinit2.o)
    0x08000246   0x08000246   0x00000000   Code   RO         5878    .ARM.Collect$$libinit$$00000030  c_w.l(libinit2.o)
    0x08000246   0x08000246   0x00000000   Code   RO         5880    .ARM.Collect$$libinit$$00000032  c_w.l(libinit2.o)
    0x08000246   0x08000246   0x00000002   Code   RO         5881    .ARM.Collect$$libinit$$00000033  c_w.l(libinit2.o)
    0x08000248   0x08000248   0x00000002   Code   RO         5916    .ARM.Collect$$libshutdown$$00000000  c_w.l(libshutdown.o)
    0x0800024a   0x0800024a   0x00000000   Code   RO         5944    .ARM.Collect$$libshutdown$$00000002  c_w.l(libshutdown2.o)
    0x0800024a   0x0800024a   0x00000000   Code   RO         5946    .ARM.Collect$$libshutdown$$00000004  c_w.l(libshutdown2.o)
    0x0800024a   0x0800024a   0x00000000   Code   RO         5949    .ARM.Collect$$libshutdown$$00000007  c_w.l(libshutdown2.o)
    0x0800024a   0x0800024a   0x00000000   Code   RO         5952    .ARM.Collect$$libshutdown$$0000000A  c_w.l(libshutdown2.o)
    0x0800024a   0x0800024a   0x00000000   Code   RO         5954    .ARM.Collect$$libshutdown$$0000000C  c_w.l(libshutdown2.o)
    0x0800024a   0x0800024a   0x00000000   Code   RO         5957    .ARM.Collect$$libshutdown$$0000000F  c_w.l(libshutdown2.o)
    0x0800024a   0x0800024a   0x00000002   Code   RO         5958    .ARM.Collect$$libshutdown$$00000010  c_w.l(libshutdown2.o)
    0x0800024c   0x0800024c   0x00000000   Code   RO         5790    .ARM.Collect$$rtentry$$00000000  c_w.l(__rtentry.o)
    0x0800024c   0x0800024c   0x00000000   Code   RO         5796    .ARM.Collect$$rtentry$$00000002  c_w.l(__rtentry2.o)
    0x0800024c   0x0800024c   0x00000006   Code   RO         5808    .ARM.Collect$$rtentry$$00000004  c_w.l(__rtentry4.o)
    0x08000252   0x08000252   0x00000000   Code   RO         5798    .ARM.Collect$$rtentry$$00000009  c_w.l(__rtentry2.o)
    0x08000252   0x08000252   0x00000004   Code   RO         5799    .ARM.Collect$$rtentry$$0000000A  c_w.l(__rtentry2.o)
    0x08000256   0x08000256   0x00000000   Code   RO         5801    .ARM.Collect$$rtentry$$0000000C  c_w.l(__rtentry2.o)
    0x08000256   0x08000256   0x00000008   Code   RO         5802    .ARM.Collect$$rtentry$$0000000D  c_w.l(__rtentry2.o)
    0x0800025e   0x0800025e   0x00000002   Code   RO         5829    .ARM.Collect$$rtexit$$00000000  c_w.l(rtexit.o)
    0x08000260   0x08000260   0x00000000   Code   RO         5887    .ARM.Collect$$rtexit$$00000002  c_w.l(rtexit2.o)
    0x08000260   0x08000260   0x00000004   Code   RO         5888    .ARM.Collect$$rtexit$$00000003  c_w.l(rtexit2.o)
    0x08000264   0x08000264   0x00000006   Code   RO         5889    .ARM.Collect$$rtexit$$00000004  c_w.l(rtexit2.o)
    0x0800026a   0x0800026a   0x00000002   PAD
    0x0800026c   0x0800026c   0x00000040   Code   RO            4    .text               startup_stm32f429xx.o
    0x080002ac   0x080002ac   0x00000004   PAD
    0x080002b0   0x080002b0   0x0000009c   Code   RO           32    .text               tx_initialize_low_level.o
    0x0800034c   0x0800034c   0x00000004   PAD
    0x08000350   0x08000350   0x000000c4   Code   RO         1419    .text               tx_thread_schedule.o
    0x08000414   0x08000414   0x0000000c   PAD
    0x08000420   0x08000420   0x00000040   Code   RO         1424    .text               tx_thread_stack_build.o
    0x08000460   0x08000460   0x000000c8   Code   RO         1434    .text               tx_timer_interrupt.o
    0x08000528   0x08000528   0x000000f0   Code   RO         5772    .text               c_w.l(lludivv7m.o)
    0x08000618   0x08000618   0x0000003e   Code   RO         5774    .text               c_w.l(strlen.o)
    0x08000656   0x08000656   0x0000008a   Code   RO         5776    .text               c_w.l(rt_memcpy_v6.o)
    0x080006e0   0x080006e0   0x00000064   Code   RO         5778    .text               c_w.l(rt_memcpy_w.o)
    0x08000744   0x08000744   0x00000010   Code   RO         5780    .text               c_w.l(aeabi_memset.o)
    0x08000754   0x08000754   0x00000044   Code   RO         5782    .text               c_w.l(rt_memclr.o)
    0x08000798   0x08000798   0x0000004e   Code   RO         5784    .text               c_w.l(rt_memclr_w.o)
    0x080007e6   0x080007e6   0x00000006   Code   RO         5786    .text               c_w.l(heapauxi.o)
    0x080007ec   0x080007ec   0x0000004a   Code   RO         5812    .text               c_w.l(sys_stackheap_outer.o)
    0x08000836   0x08000836   0x00000012   Code   RO         5814    .text               c_w.l(exit.o)
    0x08000848   0x08000848   0x00000008   Code   RO         5826    .text               c_w.l(libspace.o)
    0x08000850   0x08000850   0x0000000c   Code   RO         5882    .text               c_w.l(sys_exit.o)
    0x0800085c   0x0800085c   0x00000002   Code   RO         5905    .text               c_w.l(use_no_semi.o)
    0x0800085e   0x0800085e   0x00000000   Code   RO         5907    .text               c_w.l(indicate_semi.o)
    0x0800085e   0x0800085e   0x00000002   PAD
    0x08000860   0x08000860   0x00000002   Code   RO           56    .text.BusFault_Handler  stm32f4xx_it.o
    0x08000862   0x08000862   0x00000002   PAD
    0x08000864   0x08000864   0x00000002   Code   RO           60    .text.DebugMon_Handler  stm32f4xx_it.o
    0x08000866   0x08000866   0x00000002   PAD
    0x08000868   0x08000868   0x000000aa   Code   RO         2837    .text.F429_SD_SDIO_driver  sdio_drive.o
    0x08000912   0x08000912   0x00000002   PAD
    0x08000914   0x08000914   0x00000090   Code   RO          452    .text.HAL_DMA_Abort  stm32f4xx_hal_dma.o
    0x080009a4   0x080009a4   0x00000024   Code   RO          454    .text.HAL_DMA_Abort_IT  stm32f4xx_hal_dma.o
    0x080009c8   0x080009c8   0x00000028   Code   RO          611    .text.HAL_Delay     stm32f4xx_hal.o
    0x080009f0   0x080009f0   0x000001ba   Code   RO          406    .text.HAL_GPIO_Init  stm32f4xx_hal_gpio.o
    0x08000baa   0x08000baa   0x00000002   PAD
    0x08000bac   0x08000bac   0x0000000a   Code   RO          412    .text.HAL_GPIO_WritePin  stm32f4xx_hal_gpio.o
    0x08000bb6   0x08000bb6   0x00000002   PAD
    0x08000bb8   0x08000bb8   0x0000000c   Code   RO          603    .text.HAL_GetTick   stm32f4xx_hal.o
    0x08000bc4   0x08000bc4   0x0000001a   Code   RO          601    .text.HAL_IncTick   stm32f4xx_hal.o
    0x08000bde   0x08000bde   0x00000002   PAD
    0x08000be0   0x08000be0   0x00000036   Code   RO          591    .text.HAL_Init      stm32f4xx_hal.o
    0x08000c16   0x08000c16   0x00000002   PAD
    0x08000c18   0x08000c18   0x0000008c   Code   RO           95    .text.HAL_InitTick  stm32f4xx_hal_timebase_tim.o
    0x08000ca4   0x08000ca4   0x00000038   Code   RO           73    .text.HAL_MspInit   stm32f4xx_hal_msp.o
    0x08000cdc   0x08000cdc   0x00000020   Code   RO          549    .text.HAL_NVIC_EnableIRQ  stm32f4xx_hal_cortex.o
    0x08000cfc   0x08000cfc   0x00000056   Code   RO          547    .text.HAL_NVIC_SetPriority  stm32f4xx_hal_cortex.o
    0x08000d52   0x08000d52   0x00000002   PAD
    0x08000d54   0x08000d54   0x00000020   Code   RO          545    .text.HAL_NVIC_SetPriorityGrouping  stm32f4xx_hal_cortex.o
    0x08000d74   0x08000d74   0x00000008   Code   RO         1274    .text.HAL_PCDEx_SetRxFiFo  stm32f4xx_hal_pcd_ex.o
    0x08000d7c   0x08000d7c   0x00000092   Code   RO         1272    .text.HAL_PCDEx_SetTxFiFo  stm32f4xx_hal_pcd_ex.o
    0x08000e0e   0x08000e0e   0x00000002   PAD
    0x08000e10   0x08000e10   0x0000004c   Code   RO         1244    .text.HAL_PCD_EP_Close  stm32f4xx_hal_pcd.o
    0x08000e5c   0x08000e5c   0x00000062   Code   RO         1254    .text.HAL_PCD_EP_ClrStall  stm32f4xx_hal_pcd.o
    0x08000ebe   0x08000ebe   0x00000002   PAD
    0x08000ec0   0x08000ec0   0x00000060   Code   RO         1242    .text.HAL_PCD_EP_Open  stm32f4xx_hal_pcd.o
    0x08000f20   0x08000f20   0x00000054   Code   RO         1246    .text.HAL_PCD_EP_Receive  stm32f4xx_hal_pcd.o
    0x08000f74   0x08000f74   0x00000076   Code   RO         1252    .text.HAL_PCD_EP_SetStall  stm32f4xx_hal_pcd.o
    0x08000fea   0x08000fea   0x00000002   PAD
    0x08000fec   0x08000fec   0x00000048   Code   RO         1250    .text.HAL_PCD_EP_Transmit  stm32f4xx_hal_pcd.o
    0x08001034   0x08001034   0x0000013c   Code   RO         1198    .text.HAL_PCD_Init  stm32f4xx_hal_pcd.o
    0x08001170   0x08001170   0x00000076   Code   RO           83    .text.HAL_PCD_MspInit  stm32f4xx_hal_msp.o
    0x080011e6   0x080011e6   0x00000002   PAD
    0x080011e8   0x080011e8   0x00000028   Code   RO         1240    .text.HAL_PCD_SetAddress  stm32f4xx_hal_pcd.o
    0x08001210   0x08001210   0x0000003e   Code   RO         1206    .text.HAL_PCD_Start  stm32f4xx_hal_pcd.o
    0x0800124e   0x0800124e   0x00000002   PAD
    0x08001250   0x08001250   0x00000048   Code   RO         1208    .text.HAL_PCD_Stop  stm32f4xx_hal_pcd.o
    0x08001298   0x08001298   0x00000160   Code   RO          286    .text.HAL_RCC_ClockConfig  stm32f4xx_hal_rcc.o
    0x080013f8   0x080013f8   0x0000003e   Code   RO          304    .text.HAL_RCC_GetClockConfig  stm32f4xx_hal_rcc.o
    0x08001436   0x08001436   0x00000002   PAD
    0x08001438   0x08001438   0x00000026   Code   RO          298    .text.HAL_RCC_GetPCLK1Freq  stm32f4xx_hal_rcc.o
    0x0800145e   0x0800145e   0x00000002   PAD
    0x08001460   0x08001460   0x00000026   Code   RO          300    .text.HAL_RCC_GetPCLK2Freq  stm32f4xx_hal_rcc.o
    0x08001486   0x08001486   0x00000002   PAD
    0x08001488   0x08001488   0x00000068   Code   RO          288    .text.HAL_RCC_GetSysClockFreq  stm32f4xx_hal_rcc.o
    0x080014f0   0x080014f0   0x00000368   Code   RO          284    .text.HAL_RCC_OscConfig  stm32f4xx_hal_rcc.o
    0x08001858   0x08001858   0x00000122   Code   RO          741    .text.HAL_SD_ConfigWideBusOperation  stm32f4xx_hal_sd.o
    0x0800197a   0x0800197a   0x00000002   PAD
    0x0800197c   0x0800197c   0x00000184   Code   RO          735    .text.HAL_SD_GetCardCSD  stm32f4xx_hal_sd.o
    0x08001b00   0x08001b00   0x00000028   Code   RO          743    .text.HAL_SD_GetCardState  stm32f4xx_hal_sd.o
    0x08001b28   0x08001b28   0x0000003e   Code   RO          685    .text.HAL_SD_Init   stm32f4xx_hal_sd.o
    0x08001b66   0x08001b66   0x00000002   PAD
    0x08001b68   0x08001b68   0x00000212   Code   RO          689    .text.HAL_SD_InitCard  stm32f4xx_hal_sd.o
    0x08001d7a   0x08001d7a   0x00000002   PAD
    0x08001d7c   0x08001d7c   0x000000ac   Code   RO           75    .text.HAL_SD_MspInit  stm32f4xx_hal_msp.o
    0x08001e28   0x08001e28   0x0000023e   Code   RO          695    .text.HAL_SD_ReadBlocks  stm32f4xx_hal_sd.o
    0x08002066   0x08002066   0x00000002   PAD
    0x08002068   0x08002068   0x00000228   Code   RO          697    .text.HAL_SD_WriteBlocks  stm32f4xx_hal_sd.o
    0x08002290   0x08002290   0x00000002   Code   RO         1064    .text.HAL_TIMEx_BreakCallback  stm32f4xx_hal_tim_ex.o
    0x08002292   0x08002292   0x00000002   PAD
    0x08002294   0x08002294   0x00000002   Code   RO         1060    .text.HAL_TIMEx_CommutCallback  stm32f4xx_hal_tim_ex.o
    0x08002296   0x08002296   0x00000002   PAD
    0x08002298   0x08002298   0x0000005a   Code   RO          759    .text.HAL_TIM_Base_Init  stm32f4xx_hal_tim.o
    0x080022f2   0x080022f2   0x00000002   PAD
    0x080022f4   0x080022f4   0x00000002   Code   RO          761    .text.HAL_TIM_Base_MspInit  stm32f4xx_hal_tim.o
    0x080022f6   0x080022f6   0x00000002   PAD
    0x080022f8   0x080022f8   0x000000a8   Code   RO          773    .text.HAL_TIM_Base_Start_IT  stm32f4xx_hal_tim.o
    0x080023a0   0x080023a0   0x00000002   Code   RO          895    .text.HAL_TIM_IC_CaptureCallback  stm32f4xx_hal_tim.o
    0x080023a2   0x080023a2   0x00000002   PAD
    0x080023a4   0x080023a4   0x0000016a   Code   RO          893    .text.HAL_TIM_IRQHandler  stm32f4xx_hal_tim.o
    0x0800250e   0x0800250e   0x00000002   PAD
    0x08002510   0x08002510   0x00000002   Code   RO          897    .text.HAL_TIM_OC_DelayElapsedCallback  stm32f4xx_hal_tim.o
    0x08002512   0x08002512   0x00000002   PAD
    0x08002514   0x08002514   0x00000002   Code   RO          899    .text.HAL_TIM_PWM_PulseFinishedCallback  stm32f4xx_hal_tim.o
    0x08002516   0x08002516   0x00000002   PAD
    0x08002518   0x08002518   0x00000012   Code   RO           19    .text.HAL_TIM_PeriodElapsedCallback  main.o
    0x0800252a   0x0800252a   0x00000002   PAD
    0x0800252c   0x0800252c   0x00000002   Code   RO          903    .text.HAL_TIM_TriggerCallback  stm32f4xx_hal_tim.o
    0x0800252e   0x0800252e   0x00000002   PAD
    0x08002530   0x08002530   0x00000002   Code   RO         1162    .text.HAL_UARTEx_RxEventCallback  stm32f4xx_hal_uart.o
    0x08002532   0x08002532   0x00000002   PAD
    0x08002534   0x08002534   0x00000002   Code   RO         1160    .text.HAL_UART_ErrorCallback  stm32f4xx_hal_uart.o
    0x08002536   0x08002536   0x00000002   PAD
    0x08002538   0x08002538   0x00000562   Code   RO         1154    .text.HAL_UART_IRQHandler  stm32f4xx_hal_uart.o
    0x08002a9a   0x08002a9a   0x00000002   PAD
    0x08002a9c   0x08002a9c   0x0000005e   Code   RO         1078    .text.HAL_UART_Init  stm32f4xx_hal_uart.o
    0x08002afa   0x08002afa   0x00000002   PAD
    0x08002afc   0x08002afc   0x00000084   Code   RO           79    .text.HAL_UART_MspInit  stm32f4xx_hal_msp.o
    0x08002b80   0x08002b80   0x00000002   Code   RO         1168    .text.HAL_UART_RxCpltCallback  stm32f4xx_hal_uart.o
    0x08002b82   0x08002b82   0x00000002   PAD
    0x08002b84   0x08002b84   0x000002d2   Code   RO         1094    .text.HAL_UART_Transmit  stm32f4xx_hal_uart.o
    0x08002e56   0x08002e56   0x00000002   PAD
    0x08002e58   0x08002e58   0x00000002   Code   RO         1164    .text.HAL_UART_TxCpltCallback  stm32f4xx_hal_uart.o
    0x08002e5a   0x08002e5a   0x00000002   PAD
    0x08002e5c   0x08002e5c   0x00000002   Code   RO           52    .text.HardFault_Handler  stm32f4xx_it.o
    0x08002e5e   0x08002e5e   0x00000002   PAD
    0x08002e60   0x08002e60   0x00000010   Code   RO          126    .text.IDLETASK      idle.o
    0x08002e70   0x08002e70   0x00000054   Code   RO          124    .text.IDLETaskCreate  idle.o
    0x08002ec4   0x08002ec4   0x00000046   Code   RO          112    .text.LEDTASK       ledtask.o
    0x08002f0a   0x08002f0a   0x00000002   PAD
    0x08002f0c   0x08002f0c   0x00000054   Code   RO          110    .text.LEDTaskCreate  ledtask.o
    0x08002f60   0x08002f60   0x00000052   Code   RO           17    .text.MX_SDIO_SD_Init  main.o
    0x08002fb2   0x08002fb2   0x00000002   PAD
    0x08002fb4   0x08002fb4   0x00000004   Code   RO           40    .text.MX_ThreadX_Init  app_threadx.o
    0x08002fb8   0x08002fb8   0x00000002   Code   RO           54    .text.MemManage_Handler  stm32f4xx_it.o
    0x08002fba   0x08002fba   0x00000002   PAD
    0x08002fbc   0x08002fbc   0x00000002   Code   RO           50    .text.NMI_Handler   stm32f4xx_it.o
    0x08002fbe   0x08002fbe   0x00000002   PAD
    0x08002fc0   0x08002fc0   0x00000068   Code   RO          165    .text.Printf        uart.o
    0x08003028   0x08003028   0x00000238   Code   RO          159    .text.PrintfDec     uart.o
    0x08003260   0x08003260   0x0000024e   Code   RO          163    .text.PrintfHex     uart.o
    0x080034ae   0x080034ae   0x00000002   PAD
    0x080034b0   0x080034b0   0x00000026   Code   RO          212    .text.SDIO_ConfigData  stm32f4xx_ll_sdmmc.o
    0x080034d6   0x080034d6   0x00000002   PAD
    0x080034d8   0x080034d8   0x00000008   Code   RO          204    .text.SDIO_GetPowerState  stm32f4xx_ll_sdmmc.o
    0x080034e0   0x080034e0   0x00000006   Code   RO          210    .text.SDIO_GetResponse  stm32f4xx_ll_sdmmc.o
    0x080034e6   0x080034e6   0x00000002   PAD
    0x080034e8   0x080034e8   0x0000002c   Code   RO          194    .text.SDIO_Init     stm32f4xx_ll_sdmmc.o
    0x08003514   0x08003514   0x00000010   Code   RO          200    .text.SDIO_PowerState_ON  stm32f4xx_ll_sdmmc.o
    0x08003524   0x08003524   0x00000006   Code   RO          196    .text.SDIO_ReadFIFO  stm32f4xx_ll_sdmmc.o
    0x0800352a   0x0800352a   0x00000002   PAD
    0x0800352c   0x0800352c   0x0000000c   Code   RO          198    .text.SDIO_WriteFIFO  stm32f4xx_ll_sdmmc.o
    0x08003538   0x08003538   0x00000018   Code   RO          250    .text.SDMMC_CmdAppCommand  stm32f4xx_ll_sdmmc.o
    0x08003550   0x08003550   0x00000092   Code   RO          252    .text.SDMMC_CmdAppOperCommand  stm32f4xx_ll_sdmmc.o
    0x080035e2   0x080035e2   0x00000002   PAD
    0x080035e4   0x080035e4   0x00000018   Code   RO          220    .text.SDMMC_CmdBlockLength  stm32f4xx_ll_sdmmc.o
    0x080035fc   0x080035fc   0x00000018   Code   RO          254    .text.SDMMC_CmdBusWidth  stm32f4xx_ll_sdmmc.o
    0x08003614   0x08003614   0x00000060   Code   RO          246    .text.SDMMC_CmdGoIdleState  stm32f4xx_ll_sdmmc.o
    0x08003674   0x08003674   0x000000a8   Code   RO          248    .text.SDMMC_CmdOperCond  stm32f4xx_ll_sdmmc.o
    0x0800371c   0x0800371c   0x00000018   Code   RO          226    .text.SDMMC_CmdReadMultiBlock  stm32f4xx_ll_sdmmc.o
    0x08003734   0x08003734   0x00000018   Code   RO          224    .text.SDMMC_CmdReadSingleBlock  stm32f4xx_ll_sdmmc.o
    0x0800374c   0x0800374c   0x00000018   Code   RO          244    .text.SDMMC_CmdSelDesel  stm32f4xx_ll_sdmmc.o
    0x08003764   0x08003764   0x0000009e   Code   RO          258    .text.SDMMC_CmdSendCID  stm32f4xx_ll_sdmmc.o
    0x08003802   0x08003802   0x00000002   PAD
    0x08003804   0x08003804   0x0000009e   Code   RO          260    .text.SDMMC_CmdSendCSD  stm32f4xx_ll_sdmmc.o
    0x080038a2   0x080038a2   0x00000002   PAD
    0x080038a4   0x080038a4   0x0000001a   Code   RO          256    .text.SDMMC_CmdSendSCR  stm32f4xx_ll_sdmmc.o
    0x080038be   0x080038be   0x00000002   PAD
    0x080038c0   0x080038c0   0x00000018   Code   RO          264    .text.SDMMC_CmdSendStatus  stm32f4xx_ll_sdmmc.o
    0x080038d8   0x080038d8   0x000000d4   Code   RO          262    .text.SDMMC_CmdSetRelAdd  stm32f4xx_ll_sdmmc.o
    0x080039ac   0x080039ac   0x0000001e   Code   RO          242    .text.SDMMC_CmdStopTransfer  stm32f4xx_ll_sdmmc.o
    0x080039ca   0x080039ca   0x00000002   PAD
    0x080039cc   0x080039cc   0x00000018   Code   RO          230    .text.SDMMC_CmdWriteMultiBlock  stm32f4xx_ll_sdmmc.o
    0x080039e4   0x080039e4   0x00000018   Code   RO          228    .text.SDMMC_CmdWriteSingleBlock  stm32f4xx_ll_sdmmc.o
    0x080039fc   0x080039fc   0x00000168   Code   RO          222    .text.SDMMC_GetCmdResp1  stm32f4xx_ll_sdmmc.o
    0x08003b64   0x08003b64   0x000000f4   Code   RO         2848    .text.SDTASK        sdtask.o
    0x08003c58   0x08003c58   0x00000050   Code   RO         2846    .text.SDTaskCreate  sdtask.o
    0x08003ca8   0x08003ca8   0x00000024   Code   RO         2823    .text.SD_Check      sdio.o
    0x08003ccc   0x08003ccc   0x000000d6   Code   RO          749    .text.SD_FindSCR    stm32f4xx_hal_sd.o
    0x08003da2   0x08003da2   0x00000002   PAD
    0x08003da4   0x08003da4   0x0000002e   Code   RO         2825    .text.SD_ReadDisk   sdio.o
    0x08003dd2   0x08003dd2   0x00000002   PAD
    0x08003dd4   0x08003dd4   0x0000002e   Code   RO         2827    .text.SD_WriteDisk  sdio.o
    0x08003e02   0x08003e02   0x00000002   PAD
    0x08003e04   0x08003e04   0x00000094   Code   RO          141    .text.SYSTASK       systask.o
    0x08003e98   0x08003e98   0x00000054   Code   RO          139    .text.SYSTaskCreate  systask.o
    0x08003eec   0x08003eec   0x000000aa   Code   RO           13    .text.SystemClock_Config  main.o
    0x08003f96   0x08003f96   0x00000002   PAD
    0x08003f98   0x08003f98   0x00000012   Code   RO         1390    .text.SystemInit    system_stm32f4xx.o
    0x08003faa   0x08003faa   0x00000002   PAD
    0x08003fac   0x08003fac   0x0000000c   Code   RO           62    .text.TIM1_UP_TIM10_IRQHandler  stm32f4xx_it.o
    0x08003fb8   0x08003fb8   0x00000136   Code   RO          763    .text.TIM_Base_SetConfig  stm32f4xx_hal_tim.o
    0x080040ee   0x080040ee   0x00000002   PAD
    0x080040f0   0x080040f0   0x00000054   Code   RO          153    .text.UART1TaskCreate  uart.o
    0x08004144   0x08004144   0x000000b8   Code   RO          155    .text.UARTTASK      uart.o
    0x080041fc   0x080041fc   0x0000000c   Code   RO         1158    .text.UART_DMAAbortOnError  stm32f4xx_hal_uart.o
    0x08004208   0x08004208   0x000000fa   Code   RO         1156    .text.UART_Receive_IT  stm32f4xx_hal_uart.o
    0x08004302   0x08004302   0x00000002   PAD
    0x08004304   0x08004304   0x000000e2   Code   RO         1082    .text.UART_SetConfig  stm32f4xx_hal_uart.o
    0x080043e6   0x080043e6   0x00000002   PAD
    0x080043e8   0x080043e8   0x0000000c   Code   RO           64    .text.USART1_IRQHandler  stm32f4xx_it.o
    0x080043f4   0x080043f4   0x000002dc   Code   RO         4596    .text.USBD_Device_Framework_Builder  ux_device_descriptors.o
    0x080046d0   0x080046d0   0x00000058   Code   RO         4594    .text.USBD_Get_Device_Framework_Speed  ux_device_descriptors.o
    0x08004728   0x08004728   0x00000020   Code   RO         4600    .text.USBD_Get_Language_Id_Framework  ux_device_descriptors.o
    0x08004748   0x08004748   0x000000a0   Code   RO         4598    .text.USBD_Get_String_Framework  ux_device_descriptors.o
    0x080047e8   0x080047e8   0x00000104   Code   RO         4633    .text.USBTASK       app_usbx_device.o
    0x080048ec   0x080048ec   0x00000054   Code   RO         4631    .text.USBTaskCreate  app_usbx_device.o
    0x08004940   0x08004940   0x0000008e   Code   RO         1310    .text.USB_ActivateEndpoint  stm32f4xx_ll_usb.o
    0x080049ce   0x080049ce   0x00000002   PAD
    0x080049d0   0x080049d0   0x000001c0   Code   RO         1288    .text.USB_CoreInit  stm32f4xx_ll_usb.o
    0x08004b90   0x08004b90   0x00000092   Code   RO         1314    .text.USB_DeactivateEndpoint  stm32f4xx_ll_usb.o
    0x08004c22   0x08004c22   0x00000002   PAD
    0x08004c24   0x08004c24   0x0000001e   Code   RO         1334    .text.USB_DevConnect  stm32f4xx_ll_usb.o
    0x08004c42   0x08004c42   0x00000002   PAD
    0x08004c44   0x08004c44   0x0000001e   Code   RO         1336    .text.USB_DevDisconnect  stm32f4xx_ll_usb.o
    0x08004c62   0x08004c62   0x00000002   PAD
    0x08004c64   0x08004c64   0x000003a6   Code   RO         1300    .text.USB_DevInit   stm32f4xx_ll_usb.o
    0x0800500a   0x0800500a   0x00000002   PAD
    0x0800500c   0x0800500c   0x0000000e   Code   RO         1294    .text.USB_DisableGlobalInt  stm32f4xx_ll_usb.o
    0x0800501a   0x0800501a   0x00000002   PAD
    0x0800501c   0x0800501c   0x000000fc   Code   RO         1322    .text.USB_EP0StartXfer  stm32f4xx_ll_usb.o
    0x08005118   0x08005118   0x0000005a   Code   RO         1352    .text.USB_EP0_OutStart  stm32f4xx_ll_usb.o
    0x08005172   0x08005172   0x00000002   PAD
    0x08005174   0x08005174   0x00000050   Code   RO         1328    .text.USB_EPClearStall  stm32f4xx_ll_usb.o
    0x080051c4   0x080051c4   0x0000004e   Code   RO         1326    .text.USB_EPSetStall  stm32f4xx_ll_usb.o
    0x08005212   0x08005212   0x00000002   PAD
    0x08005214   0x08005214   0x000001fe   Code   RO         1318    .text.USB_EPStartXfer  stm32f4xx_ll_usb.o
    0x08005412   0x08005412   0x00000002   PAD
    0x08005414   0x08005414   0x0000000e   Code   RO         1292    .text.USB_EnableGlobalInt  stm32f4xx_ll_usb.o
    0x08005422   0x08005422   0x00000002   PAD
    0x08005424   0x08005424   0x00000060   Code   RO         1304    .text.USB_FlushTxFifo  stm32f4xx_ll_usb.o
    0x08005484   0x08005484   0x00000066   Code   RO         1296    .text.USB_SetCurrentMode  stm32f4xx_ll_usb.o
    0x080054ea   0x080054ea   0x00000002   PAD
    0x080054ec   0x080054ec   0x00000022   Code   RO         1332    .text.USB_SetDevAddress  stm32f4xx_ll_usb.o
    0x0800550e   0x0800550e   0x00000002   PAD
    0x08005510   0x08005510   0x00000002   Code   RO           58    .text.UsageFault_Handler  stm32f4xx_it.o
    0x08005512   0x08005512   0x00000002   PAD
    0x08005514   0x08005514   0x0000092c   Code   RO         2938    .text._fx_directory_entry_read  fx_directory_entry_read.o
    0x08005e40   0x08005e40   0x00000c5a   Code   RO         2947    .text._fx_directory_entry_write  fx_directory_entry_write.o
    0x08006a9a   0x08006a9a   0x00000002   PAD
    0x08006a9c   0x08006a9c   0x0000057e   Code   RO         2978    .text._fx_directory_free_search  fx_directory_free_search.o
    0x0800701a   0x0800701a   0x00000002   PAD
    0x0800701c   0x0800701c   0x000000ce   Code   RO         3058    .text._fx_directory_name_extract  fx_directory_name_extract.o
    0x080070ea   0x080070ea   0x00000002   PAD
    0x080070ec   0x080070ec   0x000009b8   Code   RO         3105    .text._fx_directory_search  fx_directory_search.o
    0x08007aa4   0x08007aa4   0x000000dc   Code   RO         3187    .text._fx_file_close  fx_file_close.o
    0x08007b80   0x08007b80   0x0000013a   Code   RO         3196    .text._fx_file_create  fx_file_create.o
    0x08007cba   0x08007cba   0x00000002   PAD
    0x08007cbc   0x08007cbc   0x00000404   Code   RO         3277    .text._fx_file_open  fx_file_open.o
    0x080080c0   0x080080c0   0x0000066c   Code   RO         3340    .text._fx_file_write  fx_file_write.o
    0x0800872c   0x0800872c   0x000000aa   Code   RO         3367    .text._fx_media_boot_info_extract  fx_media_boot_info_extract.o
    0x080087d6   0x080087d6   0x00000002   PAD
    0x080087d8   0x080087d8   0x000001f8   Code   RO         3440    .text._fx_media_flush  fx_media_flush.o
    0x080089d0   0x080089d0   0x00000620   Code   RO         3487    .text._fx_media_open  fx_media_open.o
    0x08008ff0   0x08008ff0   0x000000da   Code   RO         3560    .text._fx_partition_offset_calculate  fx_partition_offset_calculate.o
    0x080090ca   0x080090ca   0x00000002   PAD
    0x080090cc   0x080090cc   0x00000088   Code   RO         3590    .text._fx_system_initialize  fx_system_initialize.o
    0x08009154   0x08009154   0x000001cc   Code   RO         3618    .text._fx_system_timer_entry  fx_system_timer_entry.o
    0x08009320   0x08009320   0x00000004   Code   RO         3745    .text._fx_utility_16_unsigned_read  fx_utility_16_unsigned_read.o
    0x08009324   0x08009324   0x00000004   Code   RO         3754    .text._fx_utility_16_unsigned_write  fx_utility_16_unsigned_write.o
    0x08009328   0x08009328   0x00000004   Code   RO         3762    .text._fx_utility_32_unsigned_read  fx_utility_32_unsigned_read.o
    0x0800932c   0x0800932c   0x00000004   Code   RO         3771    .text._fx_utility_32_unsigned_write  fx_utility_32_unsigned_write.o
    0x08009330   0x08009330   0x00000290   Code   RO         3817    .text._fx_utility_FAT_entry_read  fx_utility_fat_entry_read.o
    0x080095c0   0x080095c0   0x00000146   Code   RO         3826    .text._fx_utility_FAT_entry_write  fx_utility_fat_entry_write.o
    0x08009706   0x08009706   0x00000002   PAD
    0x08009708   0x08009708   0x00000478   Code   RO         3835    .text._fx_utility_FAT_flush  fx_utility_fat_flush.o
    0x08009b80   0x08009b80   0x000000b2   Code   RO         3844    .text._fx_utility_FAT_map_flush  fx_utility_fat_map_flush.o
    0x08009c32   0x08009c32   0x00000002   PAD
    0x08009c34   0x08009c34   0x00000336   Code   RO         3862    .text._fx_utility_logical_sector_cache_entry_read  fx_utility_logical_sector_cache_entry_read.o
    0x08009f6a   0x08009f6a   0x00000002   PAD
    0x08009f6c   0x08009f6c   0x00000a6e   Code   RO         3871    .text._fx_utility_logical_sector_flush  fx_utility_logical_sector_flush.o
    0x0800a9da   0x0800a9da   0x00000002   PAD
    0x0800a9dc   0x0800a9dc   0x00000304   Code   RO         3880    .text._fx_utility_logical_sector_read  fx_utility_logical_sector_read.o
    0x0800ace0   0x0800ace0   0x000001f6   Code   RO         3889    .text._fx_utility_logical_sector_write  fx_utility_logical_sector_write.o
    0x0800aed6   0x0800aed6   0x00000002   PAD
    0x0800aed8   0x0800aed8   0x0000000a   Code   RO         3898    .text._fx_utility_memory_copy  fx_utility_memory_copy.o
    0x0800aee2   0x0800aee2   0x00000002   PAD
    0x0800aee4   0x0800aee4   0x000000b2   Code   RO         3562    .text._fx_utility_partition_get  fx_partition_offset_calculate.o
    0x0800af96   0x0800af96   0x00000002   PAD
    0x0800af98   0x0800af98   0x00000042   Code   RO         4170    .text._fxe_file_close  fxe_file_close.o
    0x0800afda   0x0800afda   0x00000002   PAD
    0x0800afdc   0x0800afdc   0x00000046   Code   RO         4179    .text._fxe_file_create  fxe_file_create.o
    0x0800b022   0x0800b022   0x00000002   PAD
    0x0800b024   0x0800b024   0x000000ec   Code   RO         4260    .text._fxe_file_open  fxe_file_open.o
    0x0800b110   0x0800b110   0x00000052   Code   RO         4323    .text._fxe_file_write  fxe_file_write.o
    0x0800b162   0x0800b162   0x00000002   PAD
    0x0800b164   0x0800b164   0x00000042   Code   RO         4396    .text._fxe_media_flush  fxe_media_flush.o
    0x0800b1a6   0x0800b1a6   0x00000002   PAD
    0x0800b1a8   0x0800b1a8   0x00000124   Code   RO         4414    .text._fxe_media_open  fxe_media_open.o
    0x0800b2cc   0x0800b2cc   0x000000ae   Code   RO         1466    .text._tx_block_allocate  tx_block_allocate.o
    0x0800b37a   0x0800b37a   0x00000002   PAD
    0x0800b37c   0x0800b37c   0x00000092   Code   RO         1475    .text._tx_block_pool_cleanup  tx_block_pool_cleanup.o
    0x0800b40e   0x0800b40e   0x00000002   PAD
    0x0800b410   0x0800b410   0x00000132   Code   RO         1485    .text._tx_block_pool_create  tx_block_pool_create.o
    0x0800b542   0x0800b542   0x00000002   PAD
    0x0800b544   0x0800b544   0x0000006a   Code   RO         1522    .text._tx_block_release  tx_block_release.o
    0x0800b5ae   0x0800b5ae   0x00000002   PAD
    0x0800b5b0   0x0800b5b0   0x000000d0   Code   RO         1531    .text._tx_byte_allocate  tx_byte_allocate.o
    0x0800b680   0x0800b680   0x00000092   Code   RO         1540    .text._tx_byte_pool_cleanup  tx_byte_pool_cleanup.o
    0x0800b712   0x0800b712   0x00000002   PAD
    0x0800b714   0x0800b714   0x0000008a   Code   RO         1550    .text._tx_byte_pool_create  tx_byte_pool_create.o
    0x0800b79e   0x0800b79e   0x00000002   PAD
    0x0800b7a0   0x0800b7a0   0x000000f2   Code   RO         1587    .text._tx_byte_pool_search  tx_byte_pool_search.o
    0x0800b892   0x0800b892   0x00000002   PAD
    0x0800b894   0x0800b894   0x0000012a   Code   RO         1596    .text._tx_byte_release  tx_byte_release.o
    0x0800b9be   0x0800b9be   0x00000002   PAD
    0x0800b9c0   0x0800b9c0   0x0000002e   Code   RO         1440    .text._tx_initialize_high_level  tx_initialize_high_level.o
    0x0800b9ee   0x0800b9ee   0x00000002   PAD
    0x0800b9f0   0x0800b9f0   0x0000004e   Code   RO         1450    .text._tx_initialize_kernel_enter  tx_initialize_kernel_enter.o
    0x0800ba3e   0x0800ba3e   0x00000002   PAD
    0x0800ba40   0x0800ba40   0x00000092   Code   RO         1672    .text._tx_mutex_cleanup  tx_mutex_cleanup.o
    0x0800bad2   0x0800bad2   0x00000002   PAD
    0x0800bad4   0x0800bad4   0x0000006a   Code   RO         1684    .text._tx_mutex_create  tx_mutex_create.o
    0x0800bb3e   0x0800bb3e   0x00000002   PAD
    0x0800bb40   0x0800bb40   0x00000116   Code   RO         1702    .text._tx_mutex_get  tx_mutex_get.o
    0x0800bc56   0x0800bc56   0x00000002   PAD
    0x0800bc58   0x0800bc58   0x000000bc   Code   RO         1721    .text._tx_mutex_prioritize  tx_mutex_prioritize.o
    0x0800bd14   0x0800bd14   0x000000da   Code   RO         1730    .text._tx_mutex_priority_change  tx_mutex_priority_change.o
    0x0800bdee   0x0800bdee   0x00000002   PAD
    0x0800bdf0   0x0800bdf0   0x00000230   Code   RO         1740    .text._tx_mutex_put  tx_mutex_put.o
    0x0800c020   0x0800c020   0x00000046   Code   RO         1674    .text._tx_mutex_thread_release  tx_mutex_cleanup.o
    0x0800c066   0x0800c066   0x00000002   PAD
    0x0800c068   0x0800c068   0x00000092   Code   RO         1851    .text._tx_semaphore_cleanup  tx_semaphore_cleanup.o
    0x0800c0fa   0x0800c0fa   0x00000002   PAD
    0x0800c0fc   0x0800c0fc   0x0000005c   Code   RO         1861    .text._tx_semaphore_create  tx_semaphore_create.o
    0x0800c158   0x0800c158   0x0000009e   Code   RO         1870    .text._tx_semaphore_delete  tx_semaphore_delete.o
    0x0800c1f6   0x0800c1f6   0x00000002   PAD
    0x0800c1f8   0x0800c1f8   0x000000a6   Code   RO         1879    .text._tx_semaphore_get  tx_semaphore_get.o
    0x0800c29e   0x0800c29e   0x00000002   PAD
    0x0800c2a0   0x0800c2a0   0x0000005a   Code   RO         1907    .text._tx_semaphore_put  tx_semaphore_put.o
    0x0800c2fa   0x0800c2fa   0x00000002   PAD
    0x0800c2fc   0x0800c2fc   0x00000136   Code   RO         1925    .text._tx_thread_create  tx_thread_create.o
    0x0800c432   0x0800c432   0x00000002   PAD
    0x0800c434   0x0800c434   0x00000064   Code   RO         1934    .text._tx_thread_delete  tx_thread_delete.o
    0x0800c498   0x0800c498   0x00000016   Code   RO         1953    .text._tx_thread_identify  tx_thread_identify.o
    0x0800c4ae   0x0800c4ae   0x00000002   PAD
    0x0800c4b0   0x0800c4b0   0x00000064   Code   RO         1962    .text._tx_thread_info_get  tx_thread_info_get.o
    0x0800c514   0x0800c514   0x00000036   Code   RO         1971    .text._tx_thread_initialize  tx_thread_initialize.o
    0x0800c54a   0x0800c54a   0x00000002   PAD
    0x0800c54c   0x0800c54c   0x00000092   Code   RO         1985    .text._tx_thread_preemption_change  tx_thread_preemption_change.o
    0x0800c5de   0x0800c5de   0x00000002   PAD
    0x0800c5e0   0x0800c5e0   0x00000088   Code   RO         2004    .text._tx_thread_relinquish  tx_thread_relinquish.o
    0x0800c668   0x0800c668   0x00000078   Code   RO         2024    .text._tx_thread_resume  tx_thread_resume.o
    0x0800c6e0   0x0800c6e0   0x0000005a   Code   RO         2034    .text._tx_thread_shell_entry  tx_thread_shell_entry.o
    0x0800c73a   0x0800c73a   0x00000002   PAD
    0x0800c73c   0x0800c73c   0x0000008e   Code   RO         2043    .text._tx_thread_sleep  tx_thread_sleep.o
    0x0800c7ca   0x0800c7ca   0x00000002   PAD
    0x0800c7cc   0x0800c7cc   0x00000086   Code   RO         2071    .text._tx_thread_suspend  tx_thread_suspend.o
    0x0800c852   0x0800c852   0x00000002   PAD
    0x0800c854   0x0800c854   0x0000004a   Code   RO         2081    .text._tx_thread_system_preempt_check  tx_thread_system_preempt_check.o
    0x0800c89e   0x0800c89e   0x00000002   PAD
    0x0800c8a0   0x0800c8a0   0x00000132   Code   RO         2091    .text._tx_thread_system_resume  tx_thread_system_resume.o
    0x0800c9d2   0x0800c9d2   0x00000002   PAD
    0x0800c9d4   0x0800c9d4   0x0000017c   Code   RO         2100    .text._tx_thread_system_suspend  tx_thread_system_suspend.o
    0x0800cb50   0x0800cb50   0x00000164   Code   RO         2110    .text._tx_thread_terminate  tx_thread_terminate.o
    0x0800ccb4   0x0800ccb4   0x00000070   Code   RO         2120    .text._tx_thread_time_slice  tx_thread_time_slice.o
    0x0800cd24   0x0800cd24   0x00000034   Code   RO         2140    .text._tx_thread_timeout  tx_thread_timeout.o
    0x0800cd58   0x0800cd58   0x0000007a   Code   RO         2681    .text._tx_timer_create  tx_timer_create.o
    0x0800cdd2   0x0800cdd2   0x00000002   PAD
    0x0800cdd4   0x0800cdd4   0x00000024   Code   RO         2709    .text._tx_timer_expiration_process  tx_timer_expiration_process.o
    0x0800cdf8   0x0800cdf8   0x000000ba   Code   RO         2727    .text._tx_timer_initialize  tx_timer_initialize.o
    0x0800ceb2   0x0800ceb2   0x00000002   PAD
    0x0800ceb4   0x0800ceb4   0x0000005a   Code   RO         2741    .text._tx_timer_system_activate  tx_timer_system_activate.o
    0x0800cf0e   0x0800cf0e   0x00000002   PAD
    0x0800cf10   0x0800cf10   0x0000003a   Code   RO         2750    .text._tx_timer_system_deactivate  tx_timer_system_deactivate.o
    0x0800cf4a   0x0800cf4a   0x00000002   PAD
    0x0800cf4c   0x0800cf4c   0x00000140   Code   RO         2759    .text._tx_timer_thread_entry  tx_timer_thread_entry.o
    0x0800d08c   0x0800d08c   0x00000062   Code   RO         2176    .text._txe_block_allocate  txe_block_allocate.o
    0x0800d0ee   0x0800d0ee   0x00000002   PAD
    0x0800d0f0   0x0800d0f0   0x0000015c   Code   RO         2185    .text._txe_block_pool_create  txe_block_pool_create.o
    0x0800d24c   0x0800d24c   0x0000001e   Code   RO         2221    .text._txe_block_release  txe_block_release.o
    0x0800d26a   0x0800d26a   0x00000002   PAD
    0x0800d26c   0x0800d26c   0x0000008c   Code   RO         2230    .text._txe_byte_allocate  txe_byte_allocate.o
    0x0800d2f8   0x0800d2f8   0x00000152   Code   RO         2239    .text._txe_byte_pool_create  txe_byte_pool_create.o
    0x0800d44a   0x0800d44a   0x00000002   PAD
    0x0800d44c   0x0800d44c   0x00000072   Code   RO         2275    .text._txe_byte_release  txe_byte_release.o
    0x0800d4be   0x0800d4be   0x00000002   PAD
    0x0800d4c0   0x0800d4c0   0x0000013e   Code   RO         2338    .text._txe_mutex_create  txe_mutex_create.o
    0x0800d5fe   0x0800d5fe   0x00000002   PAD
    0x0800d600   0x0800d600   0x00000074   Code   RO         2356    .text._txe_mutex_get  txe_mutex_get.o
    0x0800d674   0x0800d674   0x00000040   Code   RO         2383    .text._txe_mutex_put  txe_mutex_put.o
    0x0800d6b4   0x0800d6b4   0x00000118   Code   RO         2482    .text._txe_semaphore_create  txe_semaphore_create.o
    0x0800d7cc   0x0800d7cc   0x00000046   Code   RO         2491    .text._txe_semaphore_delete  txe_semaphore_delete.o
    0x0800d812   0x0800d812   0x00000002   PAD
    0x0800d814   0x0800d814   0x00000050   Code   RO         2500    .text._txe_semaphore_get  txe_semaphore_get.o
    0x0800d864   0x0800d864   0x00000018   Code   RO         2527    .text._txe_semaphore_put  txe_semaphore_put.o
    0x0800d87c   0x0800d87c   0x00000188   Code   RO         2545    .text._txe_thread_create  txe_thread_create.o
    0x0800da04   0x0800da04   0x0000002e   Code   RO         2554    .text._txe_thread_delete  txe_thread_delete.o
    0x0800da32   0x0800da32   0x00000002   PAD
    0x0800da34   0x0800da34   0x00000020   Code   RO         2572    .text._txe_thread_info_get  txe_thread_info_get.o
    0x0800da54   0x0800da54   0x00000028   Code   RO         2599    .text._txe_thread_relinquish  txe_thread_relinquish.o
    0x0800da7c   0x0800da7c   0x00000018   Code   RO         2617    .text._txe_thread_resume  txe_thread_resume.o
    0x0800da94   0x0800da94   0x00000018   Code   RO         2626    .text._txe_thread_suspend  txe_thread_suspend.o
    0x0800daac   0x0800daac   0x0000002e   Code   RO         2635    .text._txe_thread_terminate  txe_thread_terminate.o
    0x0800dada   0x0800dada   0x00000002   PAD
    0x0800dadc   0x0800dadc   0x00000054   Code   RO         5663    .text._ux_dcd_stm32_endpoint_create  ux_dcd_stm32_endpoint_create.o
    0x0800db30   0x0800db30   0x00000014   Code   RO         5672    .text._ux_dcd_stm32_endpoint_destroy  ux_dcd_stm32_endpoint_destroy.o
    0x0800db44   0x0800db44   0x0000001c   Code   RO         5681    .text._ux_dcd_stm32_endpoint_reset  ux_dcd_stm32_endpoint_reset.o
    0x0800db60   0x0800db60   0x00000020   Code   RO         5690    .text._ux_dcd_stm32_endpoint_stall  ux_dcd_stm32_endpoint_stall.o
    0x0800db80   0x0800db80   0x00000012   Code   RO         5699    .text._ux_dcd_stm32_endpoint_status  ux_dcd_stm32_endpoint_status.o
    0x0800db92   0x0800db92   0x00000002   PAD
    0x0800db94   0x0800db94   0x00000004   Code   RO         5708    .text._ux_dcd_stm32_frame_number_get  ux_dcd_stm32_frame_number_get.o
    0x0800db98   0x0800db98   0x0000009e   Code   RO         5717    .text._ux_dcd_stm32_function  ux_dcd_stm32_function.o
    0x0800dc36   0x0800dc36   0x00000002   PAD
    0x0800dc38   0x0800dc38   0x0000003a   Code   RO         5726    .text._ux_dcd_stm32_initialize  ux_dcd_stm32_initialize.o
    0x0800dc72   0x0800dc72   0x00000002   PAD
    0x0800dc74   0x0800dc74   0x00000064   Code   RO         5753    .text._ux_dcd_stm32_transfer_request  ux_dcd_stm32_transfer_request.o
    0x0800dcd8   0x0800dcd8   0x00000022   Code   RO         4649    .text._ux_device_class_storage_activate  ux_device_class_storage_activate.o
    0x0800dcfa   0x0800dcfa   0x00000002   PAD
    0x0800dcfc   0x0800dcfc   0x00000094   Code   RO         4658    .text._ux_device_class_storage_control_request  ux_device_class_storage_control_request.o
    0x0800dd90   0x0800dd90   0x00000060   Code   RO         4667    .text._ux_device_class_storage_csw_send  ux_device_class_storage_csw_send.o
    0x0800ddf0   0x0800ddf0   0x00000036   Code   RO         4676    .text._ux_device_class_storage_deactivate  ux_device_class_storage_deactivate.o
    0x0800de26   0x0800de26   0x00000002   PAD
    0x0800de28   0x0800de28   0x0000005c   Code   RO         4685    .text._ux_device_class_storage_entry  ux_device_class_storage_entry.o
    0x0800de84   0x0800de84   0x00000026   Code   RO         4694    .text._ux_device_class_storage_format  ux_device_class_storage_format.o
    0x0800deaa   0x0800deaa   0x00000002   PAD
    0x0800deac   0x0800deac   0x00000164   Code   RO         4733    .text._ux_device_class_storage_initialize  ux_device_class_storage_initialize.o
    0x0800e010   0x0800e010   0x0000012a   Code   RO         4743    .text._ux_device_class_storage_inquiry  ux_device_class_storage_inquiry.o
    0x0800e13a   0x0800e13a   0x00000002   PAD
    0x0800e13c   0x0800e13c   0x00000038   Code   RO         4752    .text._ux_device_class_storage_mode_select  ux_device_class_storage_mode_select.o
    0x0800e174   0x0800e174   0x000000d6   Code   RO         4761    .text._ux_device_class_storage_mode_sense  ux_device_class_storage_mode_sense.o
    0x0800e24a   0x0800e24a   0x00000002   PAD
    0x0800e24c   0x0800e24c   0x0000000a   Code   RO         4770    .text._ux_device_class_storage_prevent_allow_media_removal  ux_device_class_storage_prevent_allow_media_removal.o
    0x0800e256   0x0800e256   0x00000002   PAD
    0x0800e258   0x0800e258   0x00000186   Code   RO         4779    .text._ux_device_class_storage_read  ux_device_class_storage_read.o
    0x0800e3de   0x0800e3de   0x00000002   PAD
    0x0800e3e0   0x0800e3e0   0x00000070   Code   RO         4788    .text._ux_device_class_storage_read_capacity  ux_device_class_storage_read_capacity.o
    0x0800e450   0x0800e450   0x00000056   Code   RO         4817    .text._ux_device_class_storage_read_format_capacity  ux_device_class_storage_read_format_capacity.o
    0x0800e4a6   0x0800e4a6   0x00000002   PAD
    0x0800e4a8   0x0800e4a8   0x00000064   Code   RO         4844    .text._ux_device_class_storage_request_sense  ux_device_class_storage_request_sense.o
    0x0800e50c   0x0800e50c   0x0000000a   Code   RO         4853    .text._ux_device_class_storage_start_stop  ux_device_class_storage_start_stop.o
    0x0800e516   0x0800e516   0x00000002   PAD
    0x0800e518   0x0800e518   0x000000bc   Code   RO         4862    .text._ux_device_class_storage_synchronize_cache  ux_device_class_storage_synchronize_cache.o
    0x0800e5d4   0x0800e5d4   0x0000003a   Code   RO         4871    .text._ux_device_class_storage_test_ready  ux_device_class_storage_test_ready.o
    0x0800e60e   0x0800e60e   0x00000002   PAD
    0x0800e610   0x0800e610   0x00000320   Code   RO         4880    .text._ux_device_class_storage_thread  ux_device_class_storage_thread.o
    0x0800e930   0x0800e930   0x00000022   Code   RO         4889    .text._ux_device_class_storage_uninitialize  ux_device_class_storage_uninitialize.o
    0x0800e952   0x0800e952   0x00000002   PAD
    0x0800e954   0x0800e954   0x0000000a   Code   RO         4898    .text._ux_device_class_storage_verify  ux_device_class_storage_verify.o
    0x0800e95e   0x0800e95e   0x00000002   PAD
    0x0800e960   0x0800e960   0x0000015c   Code   RO         4907    .text._ux_device_class_storage_write  ux_device_class_storage_write.o
    0x0800eabc   0x0800eabc   0x00000074   Code   RO         4934    .text._ux_device_stack_class_register  ux_device_stack_class_register.o
    0x0800eb30   0x0800eb30   0x00000036   Code   RO         5006    .text._ux_device_stack_endpoint_stall  ux_device_stack_endpoint_stall.o
    0x0800eb66   0x0800eb66   0x00000002   PAD
    0x0800eb68   0x0800eb68   0x00000220   Code   RO         5034    .text._ux_device_stack_initialize  ux_device_stack_initialize.o
    0x0800ed88   0x0800ed88   0x00000042   Code   RO         5107    .text._ux_device_stack_transfer_abort  ux_device_stack_transfer_abort.o
    0x0800edca   0x0800edca   0x00000002   PAD
    0x0800edcc   0x0800edcc   0x0000000c   Code   RO         5116    .text._ux_device_stack_transfer_all_request_abort  ux_device_stack_transfer_all_request_abort.o
    0x0800edd8   0x0800edd8   0x000000be   Code   RO         5125    .text._ux_device_stack_transfer_request  ux_device_stack_transfer_request.o
    0x0800ee96   0x0800ee96   0x00000002   PAD
    0x0800ee98   0x0800ee98   0x00000028   Code   RO         5596    .text._ux_system_error_handler  ux_system_error_handler.o
    0x0800eec0   0x0800eec0   0x000000c0   Code   RO         5604    .text._ux_system_initialize  ux_system_initialize.o
    0x0800ef80   0x0800ef80   0x0000001a   Code   RO         5145    .text._ux_utility_delay_ms  ux_utility_delay_ms.o
    0x0800ef9a   0x0800ef9a   0x00000002   PAD
    0x0800ef9c   0x0800ef9c   0x00000004   Code   RO         5214    .text._ux_utility_long_get  ux_utility_long_get.o
    0x0800efa0   0x0800efa0   0x00000006   Code   RO         5223    .text._ux_utility_long_get_big_endian  ux_utility_long_get_big_endian.o
    0x0800efa6   0x0800efa6   0x00000002   PAD
    0x0800efa8   0x0800efa8   0x00000004   Code   RO         5232    .text._ux_utility_long_put  ux_utility_long_put.o
    0x0800efac   0x0800efac   0x00000006   Code   RO         5240    .text._ux_utility_long_put_big_endian  ux_utility_long_put_big_endian.o
    0x0800efb2   0x0800efb2   0x00000002   PAD
    0x0800efb4   0x0800efb4   0x0000011a   Code   RO         5248    .text._ux_utility_memory_allocate  ux_utility_memory_allocate.o
    0x0800f0ce   0x0800f0ce   0x00000002   PAD
    0x0800f0d0   0x0800f0d0   0x0000001c   Code   RO         5266    .text._ux_utility_memory_allocate_mulc_safe  ux_utility_memory_allocate_mulc_safe.o
    0x0800f0ec   0x0800f0ec   0x0000006e   Code   RO         5293    .text._ux_utility_memory_copy  ux_utility_memory_copy.o
    0x0800f15a   0x0800f15a   0x00000002   PAD
    0x0800f15c   0x0800f15c   0x000000e4   Code   RO         5302    .text._ux_utility_memory_free  ux_utility_memory_free.o
    0x0800f240   0x0800f240   0x00000058   Code   RO         5311    .text._ux_utility_memory_free_block_best_get  ux_utility_memory_free_block_best_get.o
    0x0800f298   0x0800f298   0x00000018   Code   RO         5320    .text._ux_utility_memory_set  ux_utility_memory_set.o
    0x0800f2b0   0x0800f2b0   0x0000001c   Code   RO         5329    .text._ux_utility_mutex_create  ux_utility_mutex_create.o
    0x0800f2cc   0x0800f2cc   0x00000004   Code   RO         5346    .text._ux_utility_mutex_off  ux_utility_mutex_off.o
    0x0800f2d0   0x0800f2d0   0x0000001e   Code   RO         5354    .text._ux_utility_mutex_on  ux_utility_mutex_on.o
    0x0800f2ee   0x0800f2ee   0x00000002   PAD
    0x0800f2f0   0x0800f2f0   0x0000001a   Code   RO         5398    .text._ux_utility_semaphore_create  ux_utility_semaphore_create.o
    0x0800f30a   0x0800f30a   0x00000002   PAD
    0x0800f30c   0x0800f30c   0x00000004   Code   RO         5407    .text._ux_utility_semaphore_delete  ux_utility_semaphore_delete.o
    0x0800f310   0x0800f310   0x00000050   Code   RO         5415    .text._ux_utility_semaphore_get  ux_utility_semaphore_get.o
    0x0800f360   0x0800f360   0x00000004   Code   RO         5424    .text._ux_utility_semaphore_put  ux_utility_semaphore_put.o
    0x0800f364   0x0800f364   0x00000004   Code   RO         5440    .text._ux_utility_short_get  ux_utility_short_get.o
    0x0800f368   0x0800f368   0x00000008   Code   RO         5449    .text._ux_utility_short_get_big_endian  ux_utility_short_get_big_endian.o
    0x0800f370   0x0800f370   0x00000006   Code   RO         5466    .text._ux_utility_short_put_big_endian  ux_utility_short_put_big_endian.o
    0x0800f376   0x0800f376   0x00000002   PAD
    0x0800f378   0x0800f378   0x00000062   Code   RO         5475    .text._ux_utility_string_length_check  ux_utility_string_length_check.o
    0x0800f3da   0x0800f3da   0x00000002   PAD
    0x0800f3dc   0x0800f3dc   0x00000040   Code   RO         5502    .text._ux_utility_thread_create  ux_utility_thread_create.o
    0x0800f41c   0x0800f41c   0x00000012   Code   RO         5511    .text._ux_utility_thread_delete  ux_utility_thread_delete.o
    0x0800f42e   0x0800f42e   0x00000002   PAD
    0x0800f430   0x0800f430   0x00000004   Code   RO         5529    .text._ux_utility_thread_relinquish  ux_utility_thread_relinquish.o
    0x0800f434   0x0800f434   0x00000004   Code   RO         5537    .text._ux_utility_thread_resume  ux_utility_thread_resume.o
    0x0800f438   0x0800f438   0x00000004   Code   RO         5562    .text._ux_utility_thread_suspend  ux_utility_thread_suspend.o
    0x0800f43c   0x0800f43c   0x00000034   Code   RO         4617    .text.app_usb_device_thread_media_read  ux_device_msc.o
    0x0800f470   0x0800f470   0x00000004   Code   RO         4621    .text.app_usb_device_thread_media_status  ux_device_msc.o
    0x0800f474   0x0800f474   0x00000034   Code   RO         4619    .text.app_usb_device_thread_media_write  ux_device_msc.o
    0x0800f4a8   0x0800f4a8   0x00000152   Code   RO           11    .text.main          main.o
    0x0800f5fa   0x0800f5fa   0x00000002   PAD
    0x0800f5fc   0x0800f5fc   0x00000004   Code   RO          186    .text.tx_application_define  app_azure_rtos.o
    0x0800f600   0x0800f600   0x0000001a   Code   RO         5899    x$fpl$fpinit        fz_wm.l(fpinit.o)
    0x0800f61a   0x0800f61a   0x00000010   Data   RO         1395    .rodata.AHBPrescTable  system_stm32f4xx.o
    0x0800f62a   0x0800f62a   0x00000008   Data   RO         1396    .rodata.APBPrescTable  system_stm32f4xx.o
    0x0800f632   0x0800f632   0x00000015   Data   RO          174    .rodata.str1.1      uart.o
    0x0800f647   0x0800f647   0x00000014   Data   RO         2732    .rodata.str1.1      tx_timer_initialize.o
    0x0800f65b   0x0800f65b   0x0000000b   Data   RO         2857    .rodata.str1.1      sdtask.o
    0x0800f666   0x0800f666   0x00000002   PAD
    0x0800f668   0x0800f668   0x00000020   Data   RO         5960    Region$$Table       anon$$obj.o


    Execution Region RW_IRAM2 (Exec base: 0x10000000, Load base: 0x0800f758, Size: 0x00000000, Max: 0x00010000, ABSOLUTE)

    **** No section assigned to this execution region ****


    Execution Region RW_IRAM1 (Exec base: 0x20000000, Load base: 0x0800f688, Size: 0x00012ab0, Max: 0x00030000, ABSOLUTE, COMPRESSED[0x000000d0])

    Exec Addr    Load Addr    Size         Type   Attr      Idx    E Section Name        Object

    0x20000000   COMPRESSED   0x00000008   Data   RW          650    .data..L_MergedGlobals  stm32f4xx_hal.o
    0x20000008   COMPRESSED   0x00000034   Data   RW         4735    .data..L_MergedGlobals  ux_device_class_storage_initialize.o
    0x2000003c   COMPRESSED   0x00000400   Data   RW         2850    .data.FsWriteBuf    sdtask.o
    0x2000043c   COMPRESSED   0x00000004   Data   RW         1394    .data.SystemCoreClock  system_stm32f4xx.o
    0x20000440   COMPRESSED   0x00000009   Data   RW         4602    .data.UserClassInstance  ux_device_descriptors.o
    0x20000449   COMPRESSED   0x0000005c   Data   RW         3592    .data._fx_version_id  fx_system_initialize.o
    0x200004a5   COMPRESSED   0x00000003   PAD
    0x200004a8   COMPRESSED   0x00000004   Data   RW         1974    .data._tx_thread_system_state  tx_thread_initialize.o
    0x200004ac   COMPRESSED   0x00000017   Data   RW         5036    .data._ux_system_slave_class_storage_name  ux_device_stack_initialize.o
    0x200004c3   COMPRESSED   0x00000005   PAD
    0x200004c8        -       0x00000060   Zero   RW         5827    .bss                c_w.l(libspace.o)
    0x20000528        -       0x00000068   Zero   RW          177    .bss..L_MergedGlobals  uart.o
    0x20000590        -       0x00000030   Zero   RW         1443    .bss..L_MergedGlobals  tx_initialize_high_level.o
    0x200005c0        -       0x00000024   Zero   RW         1978    .bss..L_MergedGlobals  tx_thread_initialize.o
    0x200005e4        -       0x00000034   Zero   RW         2733    .bss..L_MergedGlobals  tx_timer_initialize.o
    0x20000618        -       0x00000050   Zero   RW         3593    .bss..L_MergedGlobals  fx_system_initialize.o
    0x20000668        -       0x0000005c   Zero   RW         4640    .bss..L_MergedGlobals  app_usbx_device.o
    0x200006c4        -       0x00000004   Zero   RW          128    .bss.CPUcount       idle.o
    0x200006c8        -       0x000000c8   Zero   RW         4607    .bss.DevFrameWorkDesc_FS  ux_device_descriptors.o
    0x20000790        -       0x000000c8   Zero   RW         4608    .bss.DevFrameWorkDesc_HS  ux_device_descriptors.o
    0x20000858        -       0x000000b0   Zero   RW          129    .bss.IDLETaskHand   idle.o
    0x20000908        -       0x00000200   Zero   RW          130    .bss.IDLETaskpool   idle.o
    0x20000b08        -       0x000000b0   Zero   RW          114    .bss.LEDTaskHand    ledtask.o
    0x20000bb8        -       0x00000400   Zero   RW          115    .bss.LEDTaskpool    ledtask.o
    0x20000fb8        -       0x00000400   Zero   RW          175    .bss.PrintfDataListBlockBuf  uart.o
    0x200013b8        -       0x00000400   Zero   RW          176    .bss.PrintfDataPoolBuf  uart.o
    0x200017b8        -       0x00000180   Zero   RW          173    .bss.PrintfHex.TempBuff  uart.o
    0x20001938        -       0x000000b0   Zero   RW         2852    .bss.SDTaskHand     sdtask.o
    0x200019e8        -       0x00000400   Zero   RW         2853    .bss.SDTaskpool     sdtask.o
    0x20001de8        -       0x000000b0   Zero   RW          143    .bss.SYSTaskHand    systask.o
    0x20001e98        -       0x00000400   Zero   RW          144    .bss.SYSTaskpool    systask.o
    0x20002298        -       0x000000b0   Zero   RW          171    .bss.TaskHand       uart.o
    0x20002348        -       0x00000400   Zero   RW          172    .bss.Taskpool       uart.o
    0x20002748        -       0x0000011c   Zero   RW         4605    .bss.USBD_Device_FS  ux_device_descriptors.o
    0x20002864        -       0x0000011c   Zero   RW         4606    .bss.USBD_Device_HS  ux_device_descriptors.o
    0x20002980        -       0x00000002   Zero   RW         4604    .bss.USBD_language_id_framework  ux_device_descriptors.o
    0x20002982   COMPRESSED   0x00000002   PAD
    0x20002984        -       0x00000100   Zero   RW         4603    .bss.USBD_string_framework  ux_device_descriptors.o
    0x20002a84        -       0x000000b0   Zero   RW         4637    .bss.USBTaskHand    app_usbx_device.o
    0x20002b34        -       0x00001000   Zero   RW         4638    .bss.USBTaskpool    app_usbx_device.o
    0x20003b34        -       0x00000004   Zero   RW         1442    .bss._tx_initialize_unused_memory  tx_initialize_high_level.o
    0x20003b38        -       0x00000080   Zero   RW         1976    .bss._tx_thread_priority_list  tx_thread_initialize.o
    0x20003bb8        -       0x00000004   Zero   RW         1977    .bss._tx_thread_system_stack_ptr  tx_thread_initialize.o
    0x20003bbc        -       0x00000080   Zero   RW         2729    .bss._tx_timer_list  tx_timer_initialize.o
    0x20003c3c        -       0x000000b0   Zero   RW         2731    .bss._tx_timer_thread  tx_timer_initialize.o
    0x20003cec        -       0x00000400   Zero   RW         2730    .bss._tx_timer_thread_stack_area  tx_timer_initialize.o
    0x200040ec        -       0x00000004   Zero   RW         5628    .bss._ux_system     ux_system_initialize.o
    0x200040f0        -       0x00000004   Zero   RW         5045    .bss._ux_system_slave  ux_device_stack_initialize.o
    0x200040f4   COMPRESSED   0x00000004   PAD
    0x200040f8        -       0x000001e0   Zero   RW         2855    .bss.fx_file        sdtask.o
    0x200042d8        -       0x00000408   Zero   RW           23    .bss.hpcd_USB_OTG_HS  main.o
    0x200046e0        -       0x00000084   Zero   RW           21    .bss.hsd            main.o
    0x20004764        -       0x00000048   Zero   RW          101    .bss.htim1          stm32f4xx_hal_timebase_tim.o
    0x200047ac        -       0x00000044   Zero   RW           22    .bss.huart1         main.o
    0x200047f0        -       0x00001000   Zero   RW         2856    .bss.media_memory   sdtask.o
    0x200057f0        -       0x000024b8   Zero   RW         2854    .bss.sdio_disk      sdtask.o
    0x20007ca8        -       0x00000004   Zero   RW         2851    .bss.status         sdtask.o
    0x20007cac        -       0x0000a800   Zero   RW         4639    .bss.usbx_pool      app_usbx_device.o
    0x200124ac        -       0x00000004   Zero   RW          649    .bss.uwTick         stm32f4xx_hal.o
    0x200124b0        -       0x00000200   Zero   RW            2    HEAP                startup_stm32f429xx.o
    0x200126b0        -       0x00000400   Zero   RW            1    STACK               startup_stm32f429xx.o


==============================================================================

Image component sizes


      Code (inc. data)   RO Data    RW Data    ZI Data      Debug   Object Name

         4          0          0          0          0        426   app_azure_rtos.o
         4          0          0          0          0        703   app_threadx.o
       344         12          0          0      47372       7339   app_usbx_device.o
      2348          0          0          0          0      17641   fx_directory_entry_read.o
      3162          0          0          0          0      18876   fx_directory_entry_write.o
      1406        190          0          0          0      15471   fx_directory_free_search.o
       206          0          0          0          0        974   fx_directory_name_extract.o
      2488          0          0          0          0      17064   fx_directory_search.o
       220          0          0          0          0      12299   fx_file_close.o
       314          0          0          0          0      12627   fx_file_create.o
      1028          0          0          0          0      14387   fx_file_open.o
      1644          0          0          0          0      14786   fx_file_write.o
       170          0          0          0          0      11730   fx_media_boot_info_extract.o
       504          0          0          0          0      12695   fx_media_flush.o
      1568         20          0          0          0      15223   fx_media_open.o
       396          0          0          0          0       2668   fx_partition_offset_calculate.o
       136         20          0         92         80      12219   fx_system_initialize.o
       460         12          0          0          0       1635   fx_system_timer_entry.o
         4          0          0          0          0        739   fx_utility_16_unsigned_read.o
         4          0          0          0          0        677   fx_utility_16_unsigned_write.o
         4          0          0          0          0        745   fx_utility_32_unsigned_read.o
         4          0          0          0          0        683   fx_utility_32_unsigned_write.o
       656          0          0          0          0      13141   fx_utility_fat_entry_read.o
       326          0          0          0          0      12134   fx_utility_fat_entry_write.o
      1144          0          0          0          0      13877   fx_utility_fat_flush.o
       178          0          0          0          0      11849   fx_utility_fat_map_flush.o
       822          0          0          0          0      13137   fx_utility_logical_sector_cache_entry_read.o
      2670          0          0          0          0      16439   fx_utility_logical_sector_flush.o
       772          0          0          0          0      12959   fx_utility_logical_sector_read.o
       502          0          0          0          0      12651   fx_utility_logical_sector_write.o
        10          0          0          0          0        773   fx_utility_memory_copy.o
        66          0          0          0          0      11645   fxe_file_close.o
        70          0          0          0          0      11683   fxe_file_create.o
       236          0          0          0          0      12345   fxe_file_open.o
        82          0          0          0          0      11718   fxe_file_write.o
        66          0          0          0          0      11624   fxe_media_flush.o
       292          0          0          0          0      12557   fxe_media_open.o
       100         12          0          0        692       3546   idle.o
       154         12          0          0       1200       3849   ledtask.o
       608          0          0          0       1232      11370   main.o
       128          0          0          0          0       2272   sdio.o
       170         10          0          0          0      11739   sdio_drive.o
       324         52         11       1024      15180      12028   sdtask.o
        64         26        428          0       1536        820   startup_stm32f429xx.o
       132          0          0          8          4       7675   stm32f4xx_hal.o
       150          0          0          0          0      10447   stm32f4xx_hal_cortex.o
       180          0          0          0          0      10084   stm32f4xx_hal_dma.o
       452          0          0          0          0       5620   stm32f4xx_hal_gpio.o
       478          0          0          0          0      11013   stm32f4xx_hal_msp.o
      1034          0          0          0          0      14651   stm32f4xx_hal_pcd.o
       154          0          0          0          0       4317   stm32f4xx_hal_pcd_ex.o
      1466          0          0          0          0       7348   stm32f4xx_hal_rcc.o
      2650          0          0          0          0      26600   stm32f4xx_hal_sd.o
       940          0          0          0          0      55283   stm32f4xx_hal_tim.o
         4          0          0          0          0      20764   stm32f4xx_hal_tim_ex.o
       140          0          0          0         72       7292   stm32f4xx_hal_timebase_tim.o
      2690          0          0          0          0      31644   stm32f4xx_hal_uart.o
        36          0          0          0          0        935   stm32f4xx_it.o
      1700          0          0          0          0      18565   stm32f4xx_ll_sdmmc.o
      3000          0          0          0          0      29416   stm32f4xx_ll_usb.o
       232         32          0          0       1200       3841   systask.o
        18          0         24          4          0       2652   system_stm32f4xx.o
       174          0          0          0          0       5224   tx_block_allocate.o
       146          0          0          0          0       4782   tx_block_pool_cleanup.o
       306          0          0          0          0       5241   tx_block_pool_create.o
       106          0          0          0          0       4804   tx_block_release.o
       208          0          0          0          0       5370   tx_byte_allocate.o
       146          0          0          0          0       4785   tx_byte_pool_cleanup.o
       138          0          0          0          0       4958   tx_byte_pool_create.o
       242          0          0          0          0       5757   tx_byte_pool_search.o
       298          0          0          0          0       5685   tx_byte_release.o
        46          0          0          0         52       6288   tx_initialize_high_level.o
        78          0          0          0          0        635   tx_initialize_kernel_enter.o
       156         32          0          0          0        674   tx_initialize_low_level.o
       216          0          0          0          0       5063   tx_mutex_cleanup.o
       106          0          0          0          0       4037   tx_mutex_create.o
       278          0          0          0          0       4684   tx_mutex_get.o
       188          0          0          0          0       4659   tx_mutex_prioritize.o
       218          0          0          0          0       4623   tx_mutex_priority_change.o
       560          0          0          0          0       6212   tx_mutex_put.o
       146          0          0          0          0       4552   tx_semaphore_cleanup.o
        92          0          0          0          0       4270   tx_semaphore_create.o
       158          0          0          0          0       4736   tx_semaphore_delete.o
       166          0          0          0          0       4660   tx_semaphore_get.o
        90          0          0          0          0       4343   tx_semaphore_put.o
       310          0          0          0          0       5146   tx_thread_create.o
       100          0          0          0          0       4021   tx_thread_delete.o
        22          0          0          0          0       3638   tx_thread_identify.o
       100          0          0          0          0       4045   tx_thread_info_get.o
        54          0          0          4        168       3945   tx_thread_initialize.o
       146          0          0          0          0       4254   tx_thread_preemption_change.o
       136          0          0          0          0       4247   tx_thread_relinquish.o
       120          0          0          0          0       4282   tx_thread_resume.o
       196         20          0          0          0        869   tx_thread_schedule.o
        90          0          0          0          0       3987   tx_thread_shell_entry.o
       142          0          0          0          0       4344   tx_thread_sleep.o
        64          0          0          0          0        455   tx_thread_stack_build.o
       134          0          0          0          0       4228   tx_thread_suspend.o
        74          0          0          0          0       4007   tx_thread_system_preempt_check.o
       306          0          0          0          0       5058   tx_thread_system_resume.o
       380          0          0          0          0       5546   tx_thread_system_suspend.o
       356          0          0          0          0       6083   tx_thread_terminate.o
       112          0          0          0          0       3818   tx_thread_time_slice.o
        52          0          0          0          0       3870   tx_thread_timeout.o
       122          0          0          0          0       2504   tx_timer_create.o
        36          0          0          0          0       1114   tx_timer_expiration_process.o
       186          0         20          0       1380       4305   tx_timer_initialize.o
       200         60          0          0          0        835   tx_timer_interrupt.o
        90          0          0          0          0       1510   tx_timer_system_activate.o
        58          0          0          0          0       1429   tx_timer_system_deactivate.o
       320          0          0          0          0       5163   tx_timer_thread_entry.o
        98          0          0          0          0       4179   txe_block_allocate.o
       348          0          0          0          0       5472   txe_block_pool_create.o
        30          0          0          0          0       3915   txe_block_release.o
       140          0          0          0          0       4468   txe_byte_allocate.o
       338          0          0          0          0       5555   txe_byte_pool_create.o
       114          0          0          0          0       3704   txe_byte_release.o
       318          0          0          0          0       4811   txe_mutex_create.o
       116          0          0          0          0       3755   txe_mutex_get.o
        64          0          0          0          0       3561   txe_mutex_put.o
       280          0          0          0          0       5120   txe_semaphore_create.o
        70          0          0          0          0       3823   txe_semaphore_delete.o
        80          0          0          0          0       3868   txe_semaphore_get.o
        24          0          0          0          0       3563   txe_semaphore_put.o
       392          0          0          0          0       6160   txe_thread_create.o
        46          0          0          0          0       3433   txe_thread_delete.o
        32          0          0          0          0       3596   txe_thread_info_get.o
        40          0          0          0          0       3369   txe_thread_relinquish.o
        24          0          0          0          0       3242   txe_thread_resume.o
        24          0          0          0          0       3245   txe_thread_suspend.o
        46          0          0          0          0       3455   txe_thread_terminate.o
      1530         12         21          0       3736      10505   uart.o
        84          0          0          0          0      11377   ux_dcd_stm32_endpoint_create.o
        20          0          0          0          0      11234   ux_dcd_stm32_endpoint_destroy.o
        28          0          0          0          0      11242   ux_dcd_stm32_endpoint_reset.o
        32          0          0          0          0      11233   ux_dcd_stm32_endpoint_stall.o
        18          0          0          0          0      11157   ux_dcd_stm32_endpoint_status.o
         4          0          0          0          0      11088   ux_dcd_stm32_frame_number_get.o
       158         12          0          0          0      11566   ux_dcd_stm32_function.o
        58          0          0          0          0      11281   ux_dcd_stm32_initialize.o
       100          0          0          0          0      11410   ux_dcd_stm32_transfer_request.o
        34          0          0          0          0      10216   ux_device_class_storage_activate.o
       148          0          0          0          0      10815   ux_device_class_storage_control_request.o
        96          0          0          0          0      10370   ux_device_class_storage_csw_send.o
        54          0          0          0          0      10332   ux_device_class_storage_deactivate.o
        92          8          0          0          0       8115   ux_device_class_storage_entry.o
        38          0          0          0          0      10186   ux_device_class_storage_format.o
       356         24          0         52          0      11408   ux_device_class_storage_initialize.o
       298          0          0          0          0      10845   ux_device_class_storage_inquiry.o
        56          0          0          0          0      10188   ux_device_class_storage_mode_select.o
       214          0          0          0          0      11054   ux_device_class_storage_mode_sense.o
        10          0          0          0          0      10169   ux_device_class_storage_prevent_allow_media_removal.o
       390          0          0          0          0      11601   ux_device_class_storage_read.o
       112          0          0          0          0      10604   ux_device_class_storage_read_capacity.o
        86          0          0          0          0      10463   ux_device_class_storage_read_format_capacity.o
       100          0          0          0          0      10566   ux_device_class_storage_request_sense.o
        10          0          0          0          0      10118   ux_device_class_storage_start_stop.o
       188          0          0          0          0      10903   ux_device_class_storage_synchronize_cache.o
        58          0          0          0          0      10345   ux_device_class_storage_test_ready.o
       800        182          0          0          0      11258   ux_device_class_storage_thread.o
        34          0          0          0          0      10134   ux_device_class_storage_uninitialize.o
        10          0          0          0          0      10106   ux_device_class_storage_verify.o
       348          0          0          0          0      11472   ux_device_class_storage_write.o
      1012          0          0          9       1226       8688   ux_device_descriptors.o
       108          0          0          0          0       1588   ux_device_msc.o
       116          0          0          0          0       8646   ux_device_stack_class_register.o
        54          0          0          0          0       9110   ux_device_stack_endpoint_stall.o
       544         32          0         23          4      13146   ux_device_stack_initialize.o
        66          0          0          0          0       9080   ux_device_stack_transfer_abort.o
        12          0          0          0          0       8153   ux_device_stack_transfer_all_request_abort.o
       190          0          0          0          0       9509   ux_device_stack_transfer_request.o
        40          0          0          0          0        686   ux_system_error_handler.o
       192         16          0          0          4      13746   ux_system_initialize.o
        26          0          0          0          0        685   ux_utility_delay_ms.o
         4          0          0          0          0        703   ux_utility_long_get.o
         6          0          0          0          0        736   ux_utility_long_get_big_endian.o
         4          0          0          0          0        674   ux_utility_long_put.o
         6          0          0          0          0        758   ux_utility_long_put_big_endian.o
       282          0          0          0          0       1975   ux_utility_memory_allocate.o
        28          0          0          0          0        789   ux_utility_memory_allocate_mulc_safe.o
       110          0          0          0          0       1161   ux_utility_memory_copy.o
       228          0          0          0          0       1743   ux_utility_memory_free.o
        88          0          0          0          0       1344   ux_utility_memory_free_block_best_get.o
        24          0          0          0          0        848   ux_utility_memory_set.o
        28          0          0          0          0       3324   ux_utility_mutex_create.o
         4          0          0          0          0       3170   ux_utility_mutex_off.o
        30          0          0          0          0       3287   ux_utility_mutex_on.o
        26          0          0          0          0       3689   ux_utility_semaphore_create.o
         4          0          0          0          0       3529   ux_utility_semaphore_delete.o
        80          0          0          0          0       4119   ux_utility_semaphore_get.o
         4          0          0          0          0       3520   ux_utility_semaphore_put.o
         4          0          0          0          0        744   ux_utility_short_get.o
         8          0          0          0          0        777   ux_utility_short_get_big_endian.o
         6          0          0          0          0        801   ux_utility_short_put_big_endian.o
        98          0          0          0          0       1091   ux_utility_string_length_check.o
        64          0          0          0          0       3693   ux_utility_thread_create.o
        18          0          0          0          0       3241   ux_utility_thread_delete.o
         4          0          0          0          0        450   ux_utility_thread_relinquish.o
         4          0          0          0          0       3198   ux_utility_thread_resume.o
         4          0          0          0          0       3201   ux_utility_thread_suspend.o

    ----------------------------------------------------------------------
     61532        812        538       1220      75148    1443912   Object Totals
         0          0         32          0          0          0   (incl. Generated)
       336         16          2          4         10          0   (incl. Padding)

    ----------------------------------------------------------------------

      Code (inc. data)   RO Data    RW Data    ZI Data      Debug   Library Member Name

        58          0          0          0          0          0   __dczerorl.o
         8          0          0          0          0         68   __main.o
         0          0          0          0          0          0   __rtentry.o
        12          0          0          0          0          0   __rtentry2.o
         6          0          0          0          0          0   __rtentry4.o
        52          8          0          0          0          0   __scatter.o
        28          0          0          0          0          0   __scatter_zi.o
        16          0          0          0          0         68   aeabi_memset.o
        18          0          0          0          0         80   exit.o
         6          0          0          0          0        152   heapauxi.o
         0          0          0          0          0          0   indicate_semi.o
         2          0          0          0          0          0   libinit.o
         6          0          0          0          0          0   libinit2.o
         2          0          0          0          0          0   libshutdown.o
         2          0          0          0          0          0   libshutdown2.o
         8          4          0          0         96         68   libspace.o
       240          0          0          0          0        100   lludivv7m.o
        68          0          0          0          0         68   rt_memclr.o
        78          0          0          0          0         80   rt_memclr_w.o
       138          0          0          0          0         68   rt_memcpy_v6.o
       100          0          0          0          0         80   rt_memcpy_w.o
         2          0          0          0          0          0   rtexit.o
        10          0          0          0          0          0   rtexit2.o
        62          0          0          0          0         76   strlen.o
        12          4          0          0          0         68   sys_exit.o
        74          0          0          0          0         80   sys_stackheap_outer.o
         2          0          0          0          0         68   use_no_semi.o
        26          0          0          0          0        116   fpinit.o

    ----------------------------------------------------------------------
      1042         16          0          0         96       1240   Library Totals
         6          0          0          0          0          0   (incl. Padding)

    ----------------------------------------------------------------------

      Code (inc. data)   RO Data    RW Data    ZI Data      Debug   Library Name

      1010         16          0          0         96       1124   c_w.l
        26          0          0          0          0        116   fz_wm.l

    ----------------------------------------------------------------------
      1042         16          0          0         96       1240   Library Totals

    ----------------------------------------------------------------------

==============================================================================


      Code (inc. data)   RO Data    RW Data    ZI Data      Debug   

     62574        828        538       1220      75244    1441528   Grand Totals
     62574        828        538        208      75244    1441528   ELF Image Totals (compressed)
     62574        828        538        208          0          0   ROM Totals

==============================================================================

    Total RO  Size (Code + RO Data)                63112 (  61.63kB)
    Total RW  Size (RW Data + ZI Data)             76464 (  74.67kB)
    Total ROM Size (Code + RO Data + RW Data)      63320 (  61.84kB)

==============================================================================

