<!doctype html public "-//w3c//dtd html 4.0 transitional//en">
<html><head>
<title>Static Call Graph - [AZRTOS_ThreadX\AZRTOS_ThreadX.axf]</title></head>
<body><HR>
<H1>Static Call Graph for image AZRTOS_ThreadX\AZRTOS_ThreadX.axf</H1><HR>
<BR><P>#&#060CALLGRAPH&#062# ARM Linker, 6140002: Last Updated: Mon Dec 20 14:33:14 2021
<BR><P>
<H3>Maximum Stack Usage =       1196 bytes + Unknown(Functions without stacksize, Cycles, Untraceable Function Pointers)</H3><H3>
Call chain for Maximum Stack Depth:</H3>
_gx_display_driver_24xrgb_png_draw &rArr; _gx_image_reader_start &rArr; _gx_image_reader_image_decode &rArr; _gx_image_reader_jpeg_decode &rArr; _gx_image_reader_jpeg_decode_blocks &rArr; _gx_image_reader_jpeg_one_block_decode &rArr; _gx_image_reader_jpeg_huffcode_find
<P>
<H3>
Functions with no stack information
</H3><UL>
 <LI><a href="#[101]">__user_initial_stackheap</a>
 <LI><a href="#[259]">_tx_initialize_low_level</a>
 <LI><a href="#[ed]">__tx_BadHandler</a>
 <LI><a href="#[ee]">__tx_HardfaultHandler</a>
 <LI><a href="#[ef]">__tx_SVCallHandler</a>
 <LI><a href="#[289]">__tx_IntHandler</a>
 <LI><a href="#[9]">SysTick_Handler</a>
 <LI><a href="#[28a]">__tx_SysTickHandler</a>
 <LI><a href="#[f1]">__tx_NMIHandler</a>
 <LI><a href="#[f2]">__tx_DBGHandler</a>
 <LI><a href="#[25b]">_tx_thread_schedule</a>
 <LI><a href="#[8]">PendSV_Handler</a>
 <LI><a href="#[28b]">__tx_PendSVHandler</a>
 <LI><a href="#[28c]">tx_thread_fpu_disable</a>
 <LI><a href="#[28d]">tx_thread_fpu_enable</a>
 <LI><a href="#[25e]">_tx_thread_stack_build</a>
 <LI><a href="#[f0]">_tx_timer_interrupt</a>
</UL>
</UL>
<P>
<H3>
Mutually Recursive functions
</H3> <LI><a href="#[6]">SVC_Handler</a>&nbsp;&nbsp;&nbsp;&rArr;&nbsp;&nbsp;&nbsp;<a href="#[6]">SVC_Handler</a><BR>
 <LI><a href="#[1c]">ADC_IRQHandler</a>&nbsp;&nbsp;&nbsp;&rArr;&nbsp;&nbsp;&nbsp;<a href="#[1c]">ADC_IRQHandler</a><BR>
 <LI><a href="#[4]">BusFault_Handler</a>&nbsp;&nbsp;&nbsp;&rArr;&nbsp;&nbsp;&nbsp;<a href="#[4]">BusFault_Handler</a><BR>
 <LI><a href="#[262]">gx_studio_nested_widget_create</a>&nbsp;&nbsp;&nbsp;&rArr;&nbsp;&nbsp;&nbsp;<a href="#[262]">gx_studio_nested_widget_create</a><BR>
 <LI><a href="#[2]">HardFault_Handler</a>&nbsp;&nbsp;&nbsp;&rArr;&nbsp;&nbsp;&nbsp;<a href="#[2]">HardFault_Handler</a><BR>
 <LI><a href="#[3]">MemManage_Handler</a>&nbsp;&nbsp;&nbsp;&rArr;&nbsp;&nbsp;&nbsp;<a href="#[3]">MemManage_Handler</a><BR>
 <LI><a href="#[1]">NMI_Handler</a>&nbsp;&nbsp;&nbsp;&rArr;&nbsp;&nbsp;&nbsp;<a href="#[1]">NMI_Handler</a><BR>
 <LI><a href="#[5]">UsageFault_Handler</a>&nbsp;&nbsp;&nbsp;&rArr;&nbsp;&nbsp;&nbsp;<a href="#[5]">UsageFault_Handler</a><BR>
 <LI><a href="#[21a]">_gx_window_root_find</a>&nbsp;&nbsp;&nbsp;&rArr;&nbsp;&nbsp;&nbsp;<a href="#[21a]">_gx_window_root_find</a><BR>
 <LI><a href="#[207]">_gx_system_view_split</a>&nbsp;&nbsp;&nbsp;&rArr;&nbsp;&nbsp;&nbsp;<a href="#[206]">_gx_system_root_view_add</a><BR>
</UL>
<P>
<H3>
Function Pointers
</H3><UL>
 <LI><a href="#[1c]">ADC_IRQHandler</a> from startup_stm32f429xx.o(.text) referenced from startup_stm32f429xx.o(RESET)
 <LI><a href="#[4]">BusFault_Handler</a> from stm32f4xx_it.o(.text.BusFault_Handler) referenced from startup_stm32f429xx.o(RESET)
 <LI><a href="#[1e]">CAN1_RX0_IRQHandler</a> from startup_stm32f429xx.o(.text) referenced from startup_stm32f429xx.o(RESET)
 <LI><a href="#[1f]">CAN1_RX1_IRQHandler</a> from startup_stm32f429xx.o(.text) referenced from startup_stm32f429xx.o(RESET)
 <LI><a href="#[20]">CAN1_SCE_IRQHandler</a> from startup_stm32f429xx.o(.text) referenced from startup_stm32f429xx.o(RESET)
 <LI><a href="#[1d]">CAN1_TX_IRQHandler</a> from startup_stm32f429xx.o(.text) referenced from startup_stm32f429xx.o(RESET)
 <LI><a href="#[4a]">CAN2_RX0_IRQHandler</a> from startup_stm32f429xx.o(.text) referenced from startup_stm32f429xx.o(RESET)
 <LI><a href="#[4b]">CAN2_RX1_IRQHandler</a> from startup_stm32f429xx.o(.text) referenced from startup_stm32f429xx.o(RESET)
 <LI><a href="#[4c]">CAN2_SCE_IRQHandler</a> from startup_stm32f429xx.o(.text) referenced from startup_stm32f429xx.o(RESET)
 <LI><a href="#[49]">CAN2_TX_IRQHandler</a> from startup_stm32f429xx.o(.text) referenced from startup_stm32f429xx.o(RESET)
 <LI><a href="#[58]">DCMI_IRQHandler</a> from startup_stm32f429xx.o(.text) referenced from startup_stm32f429xx.o(RESET)
 <LI><a href="#[15]">DMA1_Stream0_IRQHandler</a> from startup_stm32f429xx.o(.text) referenced from startup_stm32f429xx.o(RESET)
 <LI><a href="#[16]">DMA1_Stream1_IRQHandler</a> from startup_stm32f429xx.o(.text) referenced from startup_stm32f429xx.o(RESET)
 <LI><a href="#[17]">DMA1_Stream2_IRQHandler</a> from startup_stm32f429xx.o(.text) referenced from startup_stm32f429xx.o(RESET)
 <LI><a href="#[18]">DMA1_Stream3_IRQHandler</a> from startup_stm32f429xx.o(.text) referenced from startup_stm32f429xx.o(RESET)
 <LI><a href="#[19]">DMA1_Stream4_IRQHandler</a> from startup_stm32f429xx.o(.text) referenced from startup_stm32f429xx.o(RESET)
 <LI><a href="#[1a]">DMA1_Stream5_IRQHandler</a> from startup_stm32f429xx.o(.text) referenced from startup_stm32f429xx.o(RESET)
 <LI><a href="#[1b]">DMA1_Stream6_IRQHandler</a> from startup_stm32f429xx.o(.text) referenced from startup_stm32f429xx.o(RESET)
 <LI><a href="#[39]">DMA1_Stream7_IRQHandler</a> from startup_stm32f429xx.o(.text) referenced from startup_stm32f429xx.o(RESET)
 <LI><a href="#[63]">DMA2D_IRQHandler</a> from startup_stm32f429xx.o(.text) referenced from startup_stm32f429xx.o(RESET)
 <LI><a href="#[42]">DMA2_Stream0_IRQHandler</a> from startup_stm32f429xx.o(.text) referenced from startup_stm32f429xx.o(RESET)
 <LI><a href="#[43]">DMA2_Stream1_IRQHandler</a> from startup_stm32f429xx.o(.text) referenced from startup_stm32f429xx.o(RESET)
 <LI><a href="#[44]">DMA2_Stream2_IRQHandler</a> from startup_stm32f429xx.o(.text) referenced from startup_stm32f429xx.o(RESET)
 <LI><a href="#[45]">DMA2_Stream3_IRQHandler</a> from startup_stm32f429xx.o(.text) referenced from startup_stm32f429xx.o(RESET)
 <LI><a href="#[46]">DMA2_Stream4_IRQHandler</a> from startup_stm32f429xx.o(.text) referenced from startup_stm32f429xx.o(RESET)
 <LI><a href="#[4e]">DMA2_Stream5_IRQHandler</a> from startup_stm32f429xx.o(.text) referenced from startup_stm32f429xx.o(RESET)
 <LI><a href="#[4f]">DMA2_Stream6_IRQHandler</a> from startup_stm32f429xx.o(.text) referenced from startup_stm32f429xx.o(RESET)
 <LI><a href="#[50]">DMA2_Stream7_IRQHandler</a> from startup_stm32f429xx.o(.text) referenced from startup_stm32f429xx.o(RESET)
 <LI><a href="#[7]">DebugMon_Handler</a> from stm32f4xx_it.o(.text.DebugMon_Handler) referenced from startup_stm32f429xx.o(RESET)
 <LI><a href="#[47]">ETH_IRQHandler</a> from startup_stm32f429xx.o(.text) referenced from startup_stm32f429xx.o(RESET)
 <LI><a href="#[48]">ETH_WKUP_IRQHandler</a> from startup_stm32f429xx.o(.text) referenced from startup_stm32f429xx.o(RESET)
 <LI><a href="#[10]">EXTI0_IRQHandler</a> from startup_stm32f429xx.o(.text) referenced from startup_stm32f429xx.o(RESET)
 <LI><a href="#[32]">EXTI15_10_IRQHandler</a> from startup_stm32f429xx.o(.text) referenced from startup_stm32f429xx.o(RESET)
 <LI><a href="#[11]">EXTI1_IRQHandler</a> from startup_stm32f429xx.o(.text) referenced from startup_stm32f429xx.o(RESET)
 <LI><a href="#[12]">EXTI2_IRQHandler</a> from startup_stm32f429xx.o(.text) referenced from startup_stm32f429xx.o(RESET)
 <LI><a href="#[13]">EXTI3_IRQHandler</a> from startup_stm32f429xx.o(.text) referenced from startup_stm32f429xx.o(RESET)
 <LI><a href="#[14]">EXTI4_IRQHandler</a> from startup_stm32f429xx.o(.text) referenced from startup_stm32f429xx.o(RESET)
 <LI><a href="#[21]">EXTI9_5_IRQHandler</a> from startup_stm32f429xx.o(.text) referenced from startup_stm32f429xx.o(RESET)
 <LI><a href="#[e]">FLASH_IRQHandler</a> from startup_stm32f429xx.o(.text) referenced from startup_stm32f429xx.o(RESET)
 <LI><a href="#[3a]">FMC_IRQHandler</a> from startup_stm32f429xx.o(.text) referenced from startup_stm32f429xx.o(RESET)
 <LI><a href="#[5a]">FPU_IRQHandler</a> from startup_stm32f429xx.o(.text) referenced from startup_stm32f429xx.o(RESET)
 <LI><a href="#[69]">GX_Task</a> from gx_task.o(.text.GX_Task) referenced 2 times from gx_task.o(.text.GX_TaskCreate)
 <LI><a href="#[59]">HASH_RNG_IRQHandler</a> from startup_stm32f429xx.o(.text) referenced from startup_stm32f429xx.o(RESET)
 <LI><a href="#[2]">HardFault_Handler</a> from stm32f4xx_it.o(.text.HardFault_Handler) referenced from startup_stm32f429xx.o(RESET)
 <LI><a href="#[2a]">I2C1_ER_IRQHandler</a> from startup_stm32f429xx.o(.text) referenced from startup_stm32f429xx.o(RESET)
 <LI><a href="#[29]">I2C1_EV_IRQHandler</a> from startup_stm32f429xx.o(.text) referenced from startup_stm32f429xx.o(RESET)
 <LI><a href="#[2c]">I2C2_ER_IRQHandler</a> from startup_stm32f429xx.o(.text) referenced from startup_stm32f429xx.o(RESET)
 <LI><a href="#[2b]">I2C2_EV_IRQHandler</a> from startup_stm32f429xx.o(.text) referenced from startup_stm32f429xx.o(RESET)
 <LI><a href="#[53]">I2C3_ER_IRQHandler</a> from startup_stm32f429xx.o(.text) referenced from startup_stm32f429xx.o(RESET)
 <LI><a href="#[52]">I2C3_EV_IRQHandler</a> from startup_stm32f429xx.o(.text) referenced from startup_stm32f429xx.o(RESET)
 <LI><a href="#[6b]">IDLETASK</a> from idle.o(.text.IDLETASK) referenced 2 times from idle.o(.text.IDLETaskCreate)
 <LI><a href="#[6c]">LEDTASK</a> from ledtask.o(.text.LEDTASK) referenced 2 times from ledtask.o(.text.LEDTaskCreate)
 <LI><a href="#[62]">LTDC_ER_IRQHandler</a> from startup_stm32f429xx.o(.text) referenced from startup_stm32f429xx.o(RESET)
 <LI><a href="#[61]">LTDC_IRQHandler</a> from startup_stm32f429xx.o(.text) referenced from startup_stm32f429xx.o(RESET)
 <LI><a href="#[3]">MemManage_Handler</a> from stm32f4xx_it.o(.text.MemManage_Handler) referenced from startup_stm32f429xx.o(RESET)
 <LI><a href="#[1]">NMI_Handler</a> from stm32f4xx_it.o(.text.NMI_Handler) referenced from startup_stm32f429xx.o(RESET)
 <LI><a href="#[4d]">OTG_FS_IRQHandler</a> from startup_stm32f429xx.o(.text) referenced from startup_stm32f429xx.o(RESET)
 <LI><a href="#[34]">OTG_FS_WKUP_IRQHandler</a> from startup_stm32f429xx.o(.text) referenced from startup_stm32f429xx.o(RESET)
 <LI><a href="#[55]">OTG_HS_EP1_IN_IRQHandler</a> from startup_stm32f429xx.o(.text) referenced from startup_stm32f429xx.o(RESET)
 <LI><a href="#[54]">OTG_HS_EP1_OUT_IRQHandler</a> from startup_stm32f429xx.o(.text) referenced from startup_stm32f429xx.o(RESET)
 <LI><a href="#[57]">OTG_HS_IRQHandler</a> from startup_stm32f429xx.o(.text) referenced from startup_stm32f429xx.o(RESET)
 <LI><a href="#[56]">OTG_HS_WKUP_IRQHandler</a> from startup_stm32f429xx.o(.text) referenced from startup_stm32f429xx.o(RESET)
 <LI><a href="#[b]">PVD_IRQHandler</a> from startup_stm32f429xx.o(.text) referenced from startup_stm32f429xx.o(RESET)
 <LI><a href="#[8]">PendSV_Handler</a> from tx_thread_schedule.o(.text) referenced from startup_stm32f429xx.o(RESET)
 <LI><a href="#[f]">RCC_IRQHandler</a> from startup_stm32f429xx.o(.text) referenced from startup_stm32f429xx.o(RESET)
 <LI><a href="#[33]">RTC_Alarm_IRQHandler</a> from startup_stm32f429xx.o(.text) referenced from startup_stm32f429xx.o(RESET)
 <LI><a href="#[d]">RTC_WKUP_IRQHandler</a> from startup_stm32f429xx.o(.text) referenced from startup_stm32f429xx.o(RESET)
 <LI><a href="#[0]">Reset_Handler</a> from startup_stm32f429xx.o(.text) referenced from startup_stm32f429xx.o(RESET)
 <LI><a href="#[60]">SAI1_IRQHandler</a> from startup_stm32f429xx.o(.text) referenced from startup_stm32f429xx.o(RESET)
 <LI><a href="#[3b]">SDIO_IRQHandler</a> from startup_stm32f429xx.o(.text) referenced from startup_stm32f429xx.o(RESET)
 <LI><a href="#[2d]">SPI1_IRQHandler</a> from startup_stm32f429xx.o(.text) referenced from startup_stm32f429xx.o(RESET)
 <LI><a href="#[2e]">SPI2_IRQHandler</a> from startup_stm32f429xx.o(.text) referenced from startup_stm32f429xx.o(RESET)
 <LI><a href="#[3d]">SPI3_IRQHandler</a> from startup_stm32f429xx.o(.text) referenced from startup_stm32f429xx.o(RESET)
 <LI><a href="#[5d]">SPI4_IRQHandler</a> from startup_stm32f429xx.o(.text) referenced from startup_stm32f429xx.o(RESET)
 <LI><a href="#[5e]">SPI5_IRQHandler</a> from startup_stm32f429xx.o(.text) referenced from startup_stm32f429xx.o(RESET)
 <LI><a href="#[5f]">SPI6_IRQHandler</a> from startup_stm32f429xx.o(.text) referenced from startup_stm32f429xx.o(RESET)
 <LI><a href="#[6]">SVC_Handler</a> from startup_stm32f429xx.o(.text) referenced from startup_stm32f429xx.o(RESET)
 <LI><a href="#[6d]">SYSTASK</a> from systask.o(.text.SYSTASK) referenced 2 times from systask.o(.text.SYSTaskCreate)
 <LI><a href="#[9]">SysTick_Handler</a> from tx_initialize_low_level.o(.text) referenced from startup_stm32f429xx.o(RESET)
 <LI><a href="#[64]">SystemInit</a> from system_stm32f4xx.o(.text.SystemInit) referenced from startup_stm32f429xx.o(.text)
 <LI><a href="#[c]">TAMP_STAMP_IRQHandler</a> from startup_stm32f429xx.o(.text) referenced from startup_stm32f429xx.o(RESET)
 <LI><a href="#[22]">TIM1_BRK_TIM9_IRQHandler</a> from startup_stm32f429xx.o(.text) referenced from startup_stm32f429xx.o(RESET)
 <LI><a href="#[25]">TIM1_CC_IRQHandler</a> from startup_stm32f429xx.o(.text) referenced from startup_stm32f429xx.o(RESET)
 <LI><a href="#[24]">TIM1_TRG_COM_TIM11_IRQHandler</a> from startup_stm32f429xx.o(.text) referenced from startup_stm32f429xx.o(RESET)
 <LI><a href="#[23]">TIM1_UP_TIM10_IRQHandler</a> from stm32f4xx_it.o(.text.TIM1_UP_TIM10_IRQHandler) referenced from startup_stm32f429xx.o(RESET)
 <LI><a href="#[26]">TIM2_IRQHandler</a> from startup_stm32f429xx.o(.text) referenced from startup_stm32f429xx.o(RESET)
 <LI><a href="#[27]">TIM3_IRQHandler</a> from startup_stm32f429xx.o(.text) referenced from startup_stm32f429xx.o(RESET)
 <LI><a href="#[28]">TIM4_IRQHandler</a> from startup_stm32f429xx.o(.text) referenced from startup_stm32f429xx.o(RESET)
 <LI><a href="#[3c]">TIM5_IRQHandler</a> from startup_stm32f429xx.o(.text) referenced from startup_stm32f429xx.o(RESET)
 <LI><a href="#[40]">TIM6_DAC_IRQHandler</a> from startup_stm32f429xx.o(.text) referenced from startup_stm32f429xx.o(RESET)
 <LI><a href="#[41]">TIM7_IRQHandler</a> from startup_stm32f429xx.o(.text) referenced from startup_stm32f429xx.o(RESET)
 <LI><a href="#[35]">TIM8_BRK_TIM12_IRQHandler</a> from startup_stm32f429xx.o(.text) referenced from startup_stm32f429xx.o(RESET)
 <LI><a href="#[38]">TIM8_CC_IRQHandler</a> from startup_stm32f429xx.o(.text) referenced from startup_stm32f429xx.o(RESET)
 <LI><a href="#[37]">TIM8_TRG_COM_TIM14_IRQHandler</a> from startup_stm32f429xx.o(.text) referenced from startup_stm32f429xx.o(RESET)
 <LI><a href="#[36]">TIM8_UP_TIM13_IRQHandler</a> from startup_stm32f429xx.o(.text) referenced from startup_stm32f429xx.o(RESET)
 <LI><a href="#[3e]">UART4_IRQHandler</a> from startup_stm32f429xx.o(.text) referenced from startup_stm32f429xx.o(RESET)
 <LI><a href="#[3f]">UART5_IRQHandler</a> from startup_stm32f429xx.o(.text) referenced from startup_stm32f429xx.o(RESET)
 <LI><a href="#[5b]">UART7_IRQHandler</a> from startup_stm32f429xx.o(.text) referenced from startup_stm32f429xx.o(RESET)
 <LI><a href="#[5c]">UART8_IRQHandler</a> from startup_stm32f429xx.o(.text) referenced from startup_stm32f429xx.o(RESET)
 <LI><a href="#[6e]">UARTTASK</a> from uart.o(.text.UARTTASK) referenced 2 times from uart.o(.text.UART1TaskCreate)
 <LI><a href="#[6a]">UART_DMAAbortOnError</a> from stm32f4xx_hal_uart.o(.text.UART_DMAAbortOnError) referenced 2 times from stm32f4xx_hal_uart.o(.text.HAL_UART_IRQHandler)
 <LI><a href="#[2f]">USART1_IRQHandler</a> from stm32f4xx_it.o(.text.USART1_IRQHandler) referenced from startup_stm32f429xx.o(RESET)
 <LI><a href="#[30]">USART2_IRQHandler</a> from startup_stm32f429xx.o(.text) referenced from startup_stm32f429xx.o(RESET)
 <LI><a href="#[31]">USART3_IRQHandler</a> from startup_stm32f429xx.o(.text) referenced from startup_stm32f429xx.o(RESET)
 <LI><a href="#[51]">USART6_IRQHandler</a> from startup_stm32f429xx.o(.text) referenced from startup_stm32f429xx.o(RESET)
 <LI><a href="#[5]">UsageFault_Handler</a> from stm32f4xx_it.o(.text.UsageFault_Handler) referenced from startup_stm32f429xx.o(RESET)
 <LI><a href="#[a]">WWDG_IRQHandler</a> from startup_stm32f429xx.o(.text) referenced from startup_stm32f429xx.o(RESET)
 <LI><a href="#[65]">__main</a> from __main.o(!!!main) referenced from startup_stm32f429xx.o(.text)
 <LI><a href="#[6f]">_gx_animation_drag_event_process</a> from gx_animation_drag_event_process.o(.text._gx_animation_drag_event_process) referenced 2 times from gx_animation_drag_enable.o(.text._gx_animation_drag_enable)
 <LI><a href="#[71]">_gx_button_deselect</a> from gx_button_deselect.o(.text._gx_button_deselect) referenced 2 times from gx_button_create.o(.text._gx_button_create)
 <LI><a href="#[72]">_gx_button_draw</a> from gx_button_draw.o(.text._gx_button_draw) referenced 2 times from gx_button_create.o(.text._gx_button_create)
 <LI><a href="#[73]">_gx_button_event_process</a> from gx_button_event_process.o(.text._gx_button_event_process) referenced 2 times from gx_button_create.o(.text._gx_button_create)
 <LI><a href="#[70]">_gx_button_select</a> from gx_button_select.o(.text._gx_button_select) referenced 2 times from gx_button_create.o(.text._gx_button_create)
 <LI><a href="#[98]">_gx_display_driver_24xrgb_canvas_blend</a> from gx_display_driver_24xrgb_canvas_blend.o(.text._gx_display_driver_24xrgb_canvas_blend) referenced 2 times from gx_display_driver_32argb_setup.o(.text._gx_display_driver_32argb_setup)
 <LI><a href="#[9e]">_gx_display_driver_24xrgb_jpeg_draw</a> from gx_display_driver_24xrgb_jpeg_draw.o(.text._gx_display_driver_24xrgb_jpeg_draw) referenced 2 times from gx_display_driver_32argb_setup.o(.text._gx_display_driver_32argb_setup)
 <LI><a href="#[74]">_gx_display_driver_24xrgb_mcu_draw</a> from gx_display_driver_24xrgb_jpeg_draw.o(.text._gx_display_driver_24xrgb_mcu_draw) referenced 2 times from gx_display_driver_24xrgb_jpeg_draw.o(.text._gx_display_driver_24xrgb_jpeg_draw)
 <LI><a href="#[9f]">_gx_display_driver_24xrgb_png_draw</a> from gx_display_driver_24xrgb_png_draw.o(.text._gx_display_driver_24xrgb_png_draw) referenced 2 times from gx_display_driver_32argb_setup.o(.text._gx_display_driver_32argb_setup)
 <LI><a href="#[7e]">_gx_display_driver_32argb_native_color_get</a> from gx_display_driver_32argb_native_color_get.o(.text._gx_display_driver_32argb_native_color_get) referenced 2 times from gx_display_driver_32argb_setup.o(.text._gx_display_driver_32argb_setup)
 <LI><a href="#[99]">_gx_display_driver_32argb_pixel_blend</a> from gx_display_driver_32argb_pixel_blend.o(.text._gx_display_driver_32argb_pixel_blend) referenced 2 times from gx_display_driver_32argb_setup.o(.text._gx_display_driver_32argb_setup)
 <LI><a href="#[9a]">_gx_display_driver_32argb_pixelmap_blend</a> from gx_display_driver_32argb_pixelmap_blend.o(.text._gx_display_driver_32argb_pixelmap_blend) referenced 2 times from gx_display_driver_32argb_setup.o(.text._gx_display_driver_32argb_setup)
 <LI><a href="#[80]">_gx_display_driver_32argb_pixelmap_draw</a> from gx_display_driver_32argb_pixelmap_draw.o(.text._gx_display_driver_32argb_pixelmap_draw) referenced 2 times from gx_display_driver_32argb_setup.o(.text._gx_display_driver_32argb_setup)
 <LI><a href="#[7d]">_gx_display_driver_32bpp_block_move</a> from gx_display_driver_32bpp_block_move.o(.text._gx_display_driver_32bpp_block_move) referenced 2 times from gx_display_driver_32argb_setup.o(.text._gx_display_driver_32argb_setup)
 <LI><a href="#[75]">_gx_display_driver_32bpp_canvas_copy</a> from gx_display_driver_32bpp_canvas_copy.o(.text._gx_display_driver_32bpp_canvas_copy) referenced 2 times from gx_display_driver_32argb_setup.o(.text._gx_display_driver_32argb_setup)
 <LI><a href="#[9d]">_gx_display_driver_32bpp_glyph_1bit_draw</a> from gx_display_driver_32bpp_glyph_1bit_draw.o(.text._gx_display_driver_32bpp_glyph_1bit_draw) referenced 2 times from gx_display_driver_32argb_setup.o(.text._gx_display_driver_32argb_setup)
 <LI><a href="#[77]">_gx_display_driver_32bpp_horizontal_line_draw</a> from gx_display_driver_32bpp_horizontal_line_draw.o(.text._gx_display_driver_32bpp_horizontal_line_draw) referenced 2 times from gx_display_driver_32argb_setup.o(.text._gx_display_driver_32argb_setup)
 <LI><a href="#[79]">_gx_display_driver_32bpp_horizontal_pattern_line_draw</a> from gx_display_driver_32bpp_horizontal_pattern_line_draw.o(.text._gx_display_driver_32bpp_horizontal_pattern_line_draw) referenced 2 times from gx_display_driver_32argb_setup.o(.text._gx_display_driver_32argb_setup)
 <LI><a href="#[7b]">_gx_display_driver_32bpp_horizontal_pixelmap_line_draw</a> from gx_display_driver_32bpp_horizontal_pixelmap_line_draw.o(.text._gx_display_driver_32bpp_horizontal_pixelmap_line_draw) referenced 2 times from gx_display_driver_32argb_setup.o(.text._gx_display_driver_32argb_setup)
 <LI><a href="#[7c]">_gx_display_driver_32bpp_pixel_write</a> from gx_display_driver_32bpp_pixel_write.o(.text._gx_display_driver_32bpp_pixel_write) referenced 2 times from gx_display_driver_32argb_setup.o(.text._gx_display_driver_32argb_setup)
 <LI><a href="#[81]">_gx_display_driver_32bpp_pixelmap_rotate</a> from gx_display_driver_32bpp_pixelmap_rotate.o(.text._gx_display_driver_32bpp_pixelmap_rotate) referenced 2 times from gx_display_driver_32argb_setup.o(.text._gx_display_driver_32argb_setup)
 <LI><a href="#[7f]">_gx_display_driver_32bpp_row_pitch_get</a> from gx_display_driver_32bpp_row_pitch_get.o(.text._gx_display_driver_32bpp_row_pitch_get) referenced 2 times from gx_display_driver_32argb_setup.o(.text._gx_display_driver_32argb_setup)
 <LI><a href="#[76]">_gx_display_driver_32bpp_simple_line_draw</a> from gx_display_driver_32bpp_simple_line_draw.o(.text._gx_display_driver_32bpp_simple_line_draw) referenced 2 times from gx_display_driver_32argb_setup.o(.text._gx_display_driver_32argb_setup)
 <LI><a href="#[78]">_gx_display_driver_32bpp_vertical_line_draw</a> from gx_display_driver_32bpp_vertical_line_draw.o(.text._gx_display_driver_32bpp_vertical_line_draw) referenced 2 times from gx_display_driver_32argb_setup.o(.text._gx_display_driver_32argb_setup)
 <LI><a href="#[7a]">_gx_display_driver_32bpp_vertical_pattern_line_draw</a> from gx_display_driver_32bpp_vertical_pattern_line_draw.o(.text._gx_display_driver_32bpp_vertical_pattern_line_draw) referenced 2 times from gx_display_driver_32argb_setup.o(.text._gx_display_driver_32argb_setup)
 <LI><a href="#[90]">_gx_display_driver_generic_aliased_arc_draw</a> from gx_display_driver_generic_aliased_arc_draw.o(.text._gx_display_driver_generic_aliased_arc_draw) referenced 2 times from gx_display_driver_32argb_setup.o(.text._gx_display_driver_32argb_setup)
 <LI><a href="#[88]">_gx_display_driver_generic_aliased_circle_draw</a> from gx_display_driver_generic_aliased_circle_draw.o(.text._gx_display_driver_generic_aliased_circle_draw) referenced 2 times from gx_display_driver_32argb_setup.o(.text._gx_display_driver_32argb_setup)
 <LI><a href="#[8b]">_gx_display_driver_generic_aliased_ellipse_draw</a> from gx_display_driver_generic_aliased_ellipse_draw.o(.text._gx_display_driver_generic_aliased_ellipse_draw) referenced 2 times from gx_display_driver_32argb_setup.o(.text._gx_display_driver_32argb_setup)
 <LI><a href="#[86]">_gx_display_driver_generic_aliased_line_draw</a> from gx_display_driver_generic_aliased_line_draw.o(.text._gx_display_driver_generic_aliased_line_draw) referenced 2 times from gx_display_driver_32argb_setup.o(.text._gx_display_driver_32argb_setup)
 <LI><a href="#[93]">_gx_display_driver_generic_aliased_wide_arc_draw</a> from gx_display_driver_generic_aliased_wide_arc_draw.o(.text._gx_display_driver_generic_aliased_wide_arc_draw) referenced 2 times from gx_display_driver_32argb_setup.o(.text._gx_display_driver_32argb_setup)
 <LI><a href="#[96]">_gx_display_driver_generic_aliased_wide_circle_draw</a> from gx_display_driver_generic_aliased_wide_circle_draw.o(.text._gx_display_driver_generic_aliased_wide_circle_draw) referenced 2 times from gx_display_driver_32argb_setup.o(.text._gx_display_driver_32argb_setup)
 <LI><a href="#[8f]">_gx_display_driver_generic_aliased_wide_ellipse_draw</a> from gx_display_driver_generic_aliased_wide_ellipse_draw.o(.text._gx_display_driver_generic_aliased_wide_ellipse_draw) referenced 2 times from gx_display_driver_32argb_setup.o(.text._gx_display_driver_32argb_setup)
 <LI><a href="#[87]">_gx_display_driver_generic_aliased_wide_line_draw</a> from gx_display_driver_generic_aliased_wide_line_draw.o(.text._gx_display_driver_generic_aliased_wide_line_draw) referenced 2 times from gx_display_driver_32argb_setup.o(.text._gx_display_driver_32argb_setup)
 <LI><a href="#[82]">_gx_display_driver_generic_alphamap_draw</a> from gx_display_driver_generic_alphamap_draw.o(.text._gx_display_driver_generic_alphamap_draw) referenced 2 times from gx_display_driver_32argb_setup.o(.text._gx_display_driver_32argb_setup)
 <LI><a href="#[91]">_gx_display_driver_generic_arc_draw</a> from gx_display_driver_generic_arc_draw.o(.text._gx_display_driver_generic_arc_draw) referenced 2 times from gx_display_driver_32argb_setup.o(.text._gx_display_driver_32argb_setup)
 <LI><a href="#[97]">_gx_display_driver_generic_arc_fill</a> from gx_display_driver_generic_arc_fill.o(.text._gx_display_driver_generic_arc_fill) referenced 2 times from gx_display_driver_32argb_setup.o(.text._gx_display_driver_32argb_setup)
 <LI><a href="#[89]">_gx_display_driver_generic_circle_draw</a> from gx_display_driver_generic_circle_draw.o(.text._gx_display_driver_generic_circle_draw) referenced 2 times from gx_display_driver_32argb_setup.o(.text._gx_display_driver_32argb_setup)
 <LI><a href="#[95]">_gx_display_driver_generic_circle_fill</a> from gx_display_driver_generic_circle_fill.o(.text._gx_display_driver_generic_circle_fill) referenced 2 times from gx_display_driver_32argb_setup.o(.text._gx_display_driver_32argb_setup)
 <LI><a href="#[8c]">_gx_display_driver_generic_ellipse_draw</a> from gx_display_driver_generic_ellipse_draw.o(.text._gx_display_driver_generic_ellipse_draw) referenced 2 times from gx_display_driver_32argb_setup.o(.text._gx_display_driver_32argb_setup)
 <LI><a href="#[8e]">_gx_display_driver_generic_ellipse_fill</a> from gx_display_driver_generic_ellipse_fill.o(.text._gx_display_driver_generic_ellipse_fill) referenced 2 times from gx_display_driver_32argb_setup.o(.text._gx_display_driver_32argb_setup)
 <LI><a href="#[9c]">_gx_display_driver_generic_glyph_4bit_draw</a> from gx_display_driver_generic_glyph_4bpp_draw.o(.text._gx_display_driver_generic_glyph_4bit_draw) referenced 2 times from gx_display_driver_32argb_setup.o(.text._gx_display_driver_32argb_setup)
 <LI><a href="#[9b]">_gx_display_driver_generic_glyph_8bit_draw</a> from gx_display_driver_generic_glyph_8bpp_draw.o(.text._gx_display_driver_generic_glyph_8bit_draw) referenced 2 times from gx_display_driver_32argb_setup.o(.text._gx_display_driver_32argb_setup)
 <LI><a href="#[8a]">_gx_display_driver_generic_pie_fill</a> from gx_display_driver_generic_pie_fill.o(.text._gx_display_driver_generic_pie_fill) referenced 2 times from gx_display_driver_32argb_setup.o(.text._gx_display_driver_32argb_setup)
 <LI><a href="#[84]">_gx_display_driver_generic_polygon_draw</a> from gx_display_driver_generic_polygon_draw.o(.text._gx_display_driver_generic_polygon_draw) referenced 2 times from gx_display_driver_32argb_setup.o(.text._gx_display_driver_32argb_setup)
 <LI><a href="#[85]">_gx_display_driver_generic_polygon_fill</a> from gx_display_driver_generic_polygon_fill.o(.text._gx_display_driver_generic_polygon_fill) referenced 2 times from gx_display_driver_32argb_setup.o(.text._gx_display_driver_32argb_setup)
 <LI><a href="#[83]">_gx_display_driver_generic_simple_wide_line_draw</a> from gx_display_driver_generic_simple_wide_line_draw.o(.text._gx_display_driver_generic_simple_wide_line_draw) referenced 2 times from gx_display_driver_32argb_setup.o(.text._gx_display_driver_32argb_setup)
 <LI><a href="#[94]">_gx_display_driver_generic_wide_arc_draw</a> from gx_display_driver_generic_wide_arc_draw.o(.text._gx_display_driver_generic_wide_arc_draw) referenced 2 times from gx_display_driver_32argb_setup.o(.text._gx_display_driver_32argb_setup)
 <LI><a href="#[92]">_gx_display_driver_generic_wide_circle_draw</a> from gx_display_driver_generic_wide_circle_draw.o(.text._gx_display_driver_generic_wide_circle_draw) referenced 2 times from gx_display_driver_32argb_setup.o(.text._gx_display_driver_32argb_setup)
 <LI><a href="#[8d]">_gx_display_driver_generic_wide_ellipse_draw</a> from gx_display_driver_generic_wide_ellipse_draw.o(.text._gx_display_driver_generic_wide_ellipse_draw) referenced 2 times from gx_display_driver_32argb_setup.o(.text._gx_display_driver_32argb_setup)
 <LI><a href="#[a8]">_gx_image_reader_1555xrgb_pixel_read</a> from gx_image_reader_pixel_read_callback_set.o(.text._gx_image_reader_1555xrgb_pixel_read) referenced 2 times from gx_image_reader_pixel_read_callback_set.o(.text._gx_image_reader_pixel_read_callback_set)
 <LI><a href="#[c1]">_gx_image_reader_1555xrgb_pixel_write</a> from gx_image_reader_pixel_write_callback_set.o(.text._gx_image_reader_1555xrgb_pixel_write) referenced 2 times from gx_image_reader_pixel_write_callback_set.o(.text._gx_image_reader_pixel_write_callback_set)
 <LI><a href="#[c6]">_gx_image_reader_1555xrgb_rle_pixel_write</a> from gx_image_reader_pixel_write_callback_set.o(.text._gx_image_reader_1555xrgb_rle_pixel_write) referenced 2 times from gx_image_reader_pixel_write_callback_set.o(.text._gx_image_reader_pixel_write_callback_set)
 <LI><a href="#[b0]">_gx_image_reader_16bit_gray_alpha_read</a> from gx_image_reader_pixel_read_callback_set.o(.text._gx_image_reader_16bit_gray_alpha_read) referenced 2 times from gx_image_reader_pixel_read_callback_set.o(.text._gx_image_reader_pixel_read_callback_set)
 <LI><a href="#[af]">_gx_image_reader_16bit_gray_read</a> from gx_image_reader_pixel_read_callback_set.o(.text._gx_image_reader_16bit_gray_read) referenced 2 times from gx_image_reader_pixel_read_callback_set.o(.text._gx_image_reader_pixel_read_callback_set)
 <LI><a href="#[a3]">_gx_image_reader_1bit_pixel_read</a> from gx_image_reader_pixel_read_callback_set.o(.text._gx_image_reader_1bit_pixel_read) referenced 2 times from gx_image_reader_pixel_read_callback_set.o(.text._gx_image_reader_pixel_read_callback_set)
 <LI><a href="#[a5]">_gx_image_reader_1bpp_pixel_read</a> from gx_image_reader_pixel_read_callback_set.o(.text._gx_image_reader_1bpp_pixel_read) referenced 2 times from gx_image_reader_pixel_read_callback_set.o(.text._gx_image_reader_pixel_read_callback_set)
 <LI><a href="#[b7]">_gx_image_reader_1bpp_transparent_read</a> from gx_image_reader_pixel_read_callback_set.o(.text._gx_image_reader_1bpp_transparent_read) referenced 2 times from gx_image_reader_pixel_read_callback_set.o(.text._gx_image_reader_pixel_read_callback_set)
 <LI><a href="#[b2]">_gx_image_reader_24bit_pixel_read</a> from gx_image_reader_pixel_read_callback_set.o(.text._gx_image_reader_24bit_pixel_read) referenced 2 times from gx_image_reader_pixel_read_callback_set.o(.text._gx_image_reader_pixel_read_callback_set)
 <LI><a href="#[b9]">_gx_image_reader_24xrgb_pixel_write</a> from gx_image_reader_pixel_write_callback_set.o(.text._gx_image_reader_24xrgb_pixel_write) referenced 2 times from gx_image_reader_pixel_write_callback_set.o(.text._gx_image_reader_pixel_write_callback_set)
 <LI><a href="#[ac]">_gx_image_reader_2bit_pixel_read</a> from gx_image_reader_pixel_read_callback_set.o(.text._gx_image_reader_2bit_pixel_read) referenced 2 times from gx_image_reader_pixel_read_callback_set.o(.text._gx_image_reader_pixel_read_callback_set)
 <LI><a href="#[a4]">_gx_image_reader_32argb_pixel_read</a> from gx_image_reader_pixel_read_callback_set.o(.text._gx_image_reader_32argb_pixel_read) referenced 2 times from gx_image_reader_pixel_read_callback_set.o(.text._gx_image_reader_pixel_read_callback_set)
 <LI><a href="#[c0]">_gx_image_reader_32argb_pixel_write</a> from gx_image_reader_pixel_write_callback_set.o(.text._gx_image_reader_32argb_pixel_write) referenced 2 times from gx_image_reader_pixel_write_callback_set.o(.text._gx_image_reader_pixel_write_callback_set)
 <LI><a href="#[b1]">_gx_image_reader_32bit_gray_alpha_read</a> from gx_image_reader_pixel_read_callback_set.o(.text._gx_image_reader_32bit_gray_alpha_read) referenced 2 times from gx_image_reader_pixel_read_callback_set.o(.text._gx_image_reader_pixel_read_callback_set)
 <LI><a href="#[b3]">_gx_image_reader_32bit_pixel_read</a> from gx_image_reader_pixel_read_callback_set.o(.text._gx_image_reader_32bit_pixel_read) referenced 2 times from gx_image_reader_pixel_read_callback_set.o(.text._gx_image_reader_pixel_read_callback_set)
 <LI><a href="#[aa]">_gx_image_reader_4444argb_pixel_read</a> from gx_image_reader_pixel_read_callback_set.o(.text._gx_image_reader_4444argb_pixel_read) referenced 2 times from gx_image_reader_pixel_read_callback_set.o(.text._gx_image_reader_pixel_read_callback_set)
 <LI><a href="#[bf]">_gx_image_reader_4444argb_pixel_write</a> from gx_image_reader_pixel_write_callback_set.o(.text._gx_image_reader_4444argb_pixel_write) referenced 2 times from gx_image_reader_pixel_write_callback_set.o(.text._gx_image_reader_pixel_write_callback_set)
 <LI><a href="#[c5]">_gx_image_reader_4444argb_transparent_write</a> from gx_image_reader_pixel_write_callback_set.o(.text._gx_image_reader_4444argb_transparent_write) referenced 2 times from gx_image_reader_pixel_write_callback_set.o(.text._gx_image_reader_pixel_write_callback_set)
 <LI><a href="#[b4]">_gx_image_reader_48bit_pixel_read</a> from gx_image_reader_pixel_read_callback_set.o(.text._gx_image_reader_48bit_pixel_read) referenced 2 times from gx_image_reader_pixel_read_callback_set.o(.text._gx_image_reader_pixel_read_callback_set)
 <LI><a href="#[a7]">_gx_image_reader_4bit_grayscale_pixel_read</a> from gx_image_reader_pixel_read_callback_set.o(.text._gx_image_reader_4bit_grayscale_pixel_read) referenced 2 times from gx_image_reader_pixel_read_callback_set.o(.text._gx_image_reader_pixel_read_callback_set)
 <LI><a href="#[bd]">_gx_image_reader_4bit_grayscale_pixel_write</a> from gx_image_reader_pixel_write_callback_set.o(.text._gx_image_reader_4bit_grayscale_pixel_write) referenced 2 times from gx_image_reader_pixel_write_callback_set.o(.text._gx_image_reader_pixel_write_callback_set)
 <LI><a href="#[a6]">_gx_image_reader_4bit_grayscale_transparent_read</a> from gx_image_reader_pixel_read_callback_set.o(.text._gx_image_reader_4bit_grayscale_transparent_read) referenced 2 times from gx_image_reader_pixel_read_callback_set.o(.text._gx_image_reader_pixel_read_callback_set)
 <LI><a href="#[bc]">_gx_image_reader_4bit_grayscale_transparent_write</a> from gx_image_reader_pixel_write_callback_set.o(.text._gx_image_reader_4bit_grayscale_transparent_write) referenced 2 times from gx_image_reader_pixel_write_callback_set.o(.text._gx_image_reader_pixel_write_callback_set)
 <LI><a href="#[ad]">_gx_image_reader_4bit_pixel_read</a> from gx_image_reader_pixel_read_callback_set.o(.text._gx_image_reader_4bit_pixel_read) referenced 2 times from gx_image_reader_pixel_read_callback_set.o(.text._gx_image_reader_pixel_read_callback_set)
 <LI><a href="#[a9]">_gx_image_reader_565rgb_pixel_read</a> from gx_image_reader_pixel_read_callback_set.o(.text._gx_image_reader_565rgb_pixel_read) referenced 2 times from gx_image_reader_pixel_read_callback_set.o(.text._gx_image_reader_pixel_read_callback_set)
 <LI><a href="#[c3]">_gx_image_reader_565rgb_pixel_write</a> from gx_image_reader_pixel_write_callback_set.o(.text._gx_image_reader_565rgb_pixel_write) referenced 2 times from gx_image_reader_pixel_write_callback_set.o(.text._gx_image_reader_pixel_write_callback_set)
 <LI><a href="#[c2]">_gx_image_reader_565rgb_rle_pixel_write</a> from gx_image_reader_pixel_write_callback_set.o(.text._gx_image_reader_565rgb_rle_pixel_write) referenced 2 times from gx_image_reader_pixel_write_callback_set.o(.text._gx_image_reader_pixel_write_callback_set)
 <LI><a href="#[b8]">_gx_image_reader_565rgb_rotated_pixel_write</a> from gx_image_reader_pixel_write_callback_set.o(.text._gx_image_reader_565rgb_rotated_pixel_write) referenced 2 times from gx_image_reader_pixel_write_callback_set.o(.text._gx_image_reader_pixel_write_callback_set)
 <LI><a href="#[b5]">_gx_image_reader_64bit_pixel_read</a> from gx_image_reader_pixel_read_callback_set.o(.text._gx_image_reader_64bit_pixel_read) referenced 2 times from gx_image_reader_pixel_read_callback_set.o(.text._gx_image_reader_pixel_read_callback_set)
 <LI><a href="#[ab]">_gx_image_reader_8bit_alpha_read</a> from gx_image_reader_pixel_read_callback_set.o(.text._gx_image_reader_8bit_alpha_read) referenced 2 times from gx_image_reader_pixel_read_callback_set.o(.text._gx_image_reader_pixel_read_callback_set)
 <LI><a href="#[c4]">_gx_image_reader_8bit_alpha_write</a> from gx_image_reader_pixel_write_callback_set.o(.text._gx_image_reader_8bit_alpha_write) referenced 2 times from gx_image_reader_pixel_write_callback_set.o(.text._gx_image_reader_pixel_write_callback_set)
 <LI><a href="#[b6]">_gx_image_reader_8bit_palette_pixel_read</a> from gx_image_reader_pixel_read_callback_set.o(.text._gx_image_reader_8bit_palette_pixel_read) referenced 2 times from gx_image_reader_pixel_read_callback_set.o(.text._gx_image_reader_pixel_read_callback_set)
 <LI><a href="#[be]">_gx_image_reader_8bit_palette_write</a> from gx_image_reader_pixel_write_callback_set.o(.text._gx_image_reader_8bit_palette_write) referenced 2 times from gx_image_reader_pixel_write_callback_set.o(.text._gx_image_reader_pixel_write_callback_set)
 <LI><a href="#[ae]">_gx_image_reader_8bit_pixel_read</a> from gx_image_reader_pixel_read_callback_set.o(.text._gx_image_reader_8bit_pixel_read) referenced 2 times from gx_image_reader_pixel_read_callback_set.o(.text._gx_image_reader_pixel_read_callback_set)
 <LI><a href="#[bb]">_gx_image_reader_monochrome_pixel_write</a> from gx_image_reader_pixel_write_callback_set.o(.text._gx_image_reader_monochrome_pixel_write) referenced 2 times from gx_image_reader_pixel_write_callback_set.o(.text._gx_image_reader_pixel_write_callback_set)
 <LI><a href="#[ba]">_gx_image_reader_monochrome_transparent_write</a> from gx_image_reader_pixel_write_callback_set.o(.text._gx_image_reader_monochrome_transparent_write) referenced 2 times from gx_image_reader_pixel_write_callback_set.o(.text._gx_image_reader_pixel_write_callback_set)
 <LI><a href="#[a1]">_gx_image_reader_one_row_convert</a> from gx_image_reader_colorspace_convert.o(.text._gx_image_reader_one_row_convert) referenced 2 times from gx_image_reader_colorspace_convert.o(.text._gx_image_reader_colorspace_convert)
 <LI><a href="#[a2]">_gx_image_reader_one_row_dither</a> from gx_image_reader_colorspace_convert.o(.text._gx_image_reader_one_row_dither) referenced 2 times from gx_image_reader_colorspace_convert.o(.text._gx_image_reader_colorspace_convert)
 <LI><a href="#[a0]">_gx_image_reader_one_row_rotated_convert</a> from gx_image_reader_colorspace_convert.o(.text._gx_image_reader_one_row_rotated_convert) referenced 2 times from gx_image_reader_colorspace_convert.o(.text._gx_image_reader_colorspace_convert)
 <LI><a href="#[c7]">_gx_pixelmap_button_draw</a> from gx_pixelmap_button_draw.o(.text._gx_pixelmap_button_draw) referenced 2 times from gx_pixelmap_button_create.o(.text._gx_pixelmap_button_create)
 <LI><a href="#[c8]">_gx_pixelmap_button_event_process</a> from gx_pixelmap_button_event_process.o(.text._gx_pixelmap_button_event_process) referenced 2 times from gx_pixelmap_button_create.o(.text._gx_pixelmap_button_create)
 <LI><a href="#[ca]">_gx_system_thread_entry</a> from gx_system_thread_entry.o(.text._gx_system_thread_entry) referenced 2 times from gx_system_initialize.o(.text._gx_system_initialize)
 <LI><a href="#[c9]">_gx_system_timer_expiration</a> from gx_system_timer_expiration.o(.text._gx_system_timer_expiration) referenced 2 times from gx_system_initialize.o(.text._gx_system_initialize)
 <LI><a href="#[cc]">_gx_widget_draw</a> from gx_widget_draw.o(.text._gx_widget_draw) referenced 2 times from gx_widget_create.o(.text._gx_widget_create)
 <LI><a href="#[cb]">_gx_widget_event_process</a> from gx_widget_event_process.o(.text._gx_widget_event_process) referenced 2 times from gx_widget_create.o(.text._gx_widget_create)
 <LI><a href="#[cd]">_gx_window_draw</a> from gx_window_draw.o(.text._gx_window_draw) referenced 2 times from gx_window_create.o(.text._gx_window_create)
 <LI><a href="#[ce]">_gx_window_event_process</a> from gx_window_event_process.o(.text._gx_window_event_process) referenced 2 times from gx_window_create.o(.text._gx_window_create)
 <LI><a href="#[d0]">_gx_window_root_event_process</a> from gx_window_root_event_process.o(.text._gx_window_root_event_process) referenced 2 times from gx_window_root_create.o(.text._gx_window_root_create)
 <LI><a href="#[cf]">_gx_window_scroll_info_get</a> from gx_window_scroll_info_get.o(.text._gx_window_scroll_info_get) referenced 2 times from gx_window_create.o(.text._gx_window_create)
 <LI><a href="#[d1]">_tx_block_pool_cleanup</a> from tx_block_pool_cleanup.o(.text._tx_block_pool_cleanup) referenced 2 times from tx_block_allocate.o(.text._tx_block_allocate)
 <LI><a href="#[d1]">_tx_block_pool_cleanup</a> from tx_block_pool_cleanup.o(.text._tx_block_pool_cleanup) referenced 2 times from tx_block_pool_cleanup.o(.text._tx_block_pool_cleanup)
 <LI><a href="#[d2]">_tx_byte_pool_cleanup</a> from tx_byte_pool_cleanup.o(.text._tx_byte_pool_cleanup) referenced 2 times from tx_byte_allocate.o(.text._tx_byte_allocate)
 <LI><a href="#[d2]">_tx_byte_pool_cleanup</a> from tx_byte_pool_cleanup.o(.text._tx_byte_pool_cleanup) referenced 2 times from tx_byte_pool_cleanup.o(.text._tx_byte_pool_cleanup)
 <LI><a href="#[d3]">_tx_mutex_cleanup</a> from tx_mutex_cleanup.o(.text._tx_mutex_cleanup) referenced 2 times from tx_mutex_cleanup.o(.text._tx_mutex_cleanup)
 <LI><a href="#[d3]">_tx_mutex_cleanup</a> from tx_mutex_cleanup.o(.text._tx_mutex_cleanup) referenced 2 times from tx_mutex_get.o(.text._tx_mutex_get)
 <LI><a href="#[d4]">_tx_mutex_thread_release</a> from tx_mutex_cleanup.o(.text._tx_mutex_thread_release) referenced 2 times from tx_mutex_create.o(.text._tx_mutex_create)
 <LI><a href="#[d5]">_tx_queue_cleanup</a> from tx_queue_cleanup.o(.text._tx_queue_cleanup) referenced 2 times from tx_queue_cleanup.o(.text._tx_queue_cleanup)
 <LI><a href="#[d5]">_tx_queue_cleanup</a> from tx_queue_cleanup.o(.text._tx_queue_cleanup) referenced 2 times from tx_queue_receive.o(.text._tx_queue_receive)
 <LI><a href="#[d5]">_tx_queue_cleanup</a> from tx_queue_cleanup.o(.text._tx_queue_cleanup) referenced 2 times from tx_queue_send.o(.text._tx_queue_send)
 <LI><a href="#[d7]">_tx_thread_shell_entry</a> from tx_thread_shell_entry.o(.text._tx_thread_shell_entry) referenced 2 times from tx_thread_create.o(.text._tx_thread_create)
 <LI><a href="#[d6]">_tx_thread_timeout</a> from tx_thread_timeout.o(.text._tx_thread_timeout) referenced 2 times from tx_thread_create.o(.text._tx_thread_create)
 <LI><a href="#[d8]">_tx_timer_thread_entry</a> from tx_timer_thread_entry.o(.text._tx_timer_thread_entry) referenced 4 times from tx_timer_initialize.o(.text._tx_timer_initialize)
 <LI><a href="#[db]">gx_studio_pixelmap_button_create</a> from guiapp_specifications.o(.text.gx_studio_pixelmap_button_create) referenced from guiapp_specifications.o(.rodata.window_1_pixelmap_button_10_define)
 <LI><a href="#[db]">gx_studio_pixelmap_button_create</a> from guiapp_specifications.o(.text.gx_studio_pixelmap_button_create) referenced from guiapp_specifications.o(.rodata.window_1_pixelmap_button_11_define)
 <LI><a href="#[db]">gx_studio_pixelmap_button_create</a> from guiapp_specifications.o(.text.gx_studio_pixelmap_button_create) referenced from guiapp_specifications.o(.rodata.window_1_pixelmap_button_1_define)
 <LI><a href="#[db]">gx_studio_pixelmap_button_create</a> from guiapp_specifications.o(.text.gx_studio_pixelmap_button_create) referenced from guiapp_specifications.o(.rodata.window_1_pixelmap_button_2_define)
 <LI><a href="#[db]">gx_studio_pixelmap_button_create</a> from guiapp_specifications.o(.text.gx_studio_pixelmap_button_create) referenced from guiapp_specifications.o(.rodata.window_1_pixelmap_button_3_define)
 <LI><a href="#[db]">gx_studio_pixelmap_button_create</a> from guiapp_specifications.o(.text.gx_studio_pixelmap_button_create) referenced from guiapp_specifications.o(.rodata.window_1_pixelmap_button_4_define)
 <LI><a href="#[db]">gx_studio_pixelmap_button_create</a> from guiapp_specifications.o(.text.gx_studio_pixelmap_button_create) referenced from guiapp_specifications.o(.rodata.window_1_pixelmap_button_5_define)
 <LI><a href="#[db]">gx_studio_pixelmap_button_create</a> from guiapp_specifications.o(.text.gx_studio_pixelmap_button_create) referenced from guiapp_specifications.o(.rodata.window_1_pixelmap_button_6_define)
 <LI><a href="#[db]">gx_studio_pixelmap_button_create</a> from guiapp_specifications.o(.text.gx_studio_pixelmap_button_create) referenced from guiapp_specifications.o(.rodata.window_1_pixelmap_button_7_define)
 <LI><a href="#[db]">gx_studio_pixelmap_button_create</a> from guiapp_specifications.o(.text.gx_studio_pixelmap_button_create) referenced from guiapp_specifications.o(.rodata.window_1_pixelmap_button_8_define)
 <LI><a href="#[db]">gx_studio_pixelmap_button_create</a> from guiapp_specifications.o(.text.gx_studio_pixelmap_button_create) referenced from guiapp_specifications.o(.rodata.window_1_pixelmap_button_9_define)
 <LI><a href="#[db]">gx_studio_pixelmap_button_create</a> from guiapp_specifications.o(.text.gx_studio_pixelmap_button_create) referenced from guiapp_specifications.o(.rodata.window_1_pixelmap_button_define)
 <LI><a href="#[db]">gx_studio_pixelmap_button_create</a> from guiapp_specifications.o(.text.gx_studio_pixelmap_button_create) referenced from guiapp_specifications.o(.rodata.window_2_pixelmap_button_12_1_define)
 <LI><a href="#[db]">gx_studio_pixelmap_button_create</a> from guiapp_specifications.o(.text.gx_studio_pixelmap_button_create) referenced from guiapp_specifications.o(.rodata.window_2_pixelmap_button_12_2_define)
 <LI><a href="#[db]">gx_studio_pixelmap_button_create</a> from guiapp_specifications.o(.text.gx_studio_pixelmap_button_create) referenced from guiapp_specifications.o(.rodata.window_2_pixelmap_button_12_3_define)
 <LI><a href="#[db]">gx_studio_pixelmap_button_create</a> from guiapp_specifications.o(.text.gx_studio_pixelmap_button_create) referenced from guiapp_specifications.o(.rodata.window_2_pixelmap_button_12_4_define)
 <LI><a href="#[db]">gx_studio_pixelmap_button_create</a> from guiapp_specifications.o(.text.gx_studio_pixelmap_button_create) referenced from guiapp_specifications.o(.rodata.window_2_pixelmap_button_12_5_define)
 <LI><a href="#[db]">gx_studio_pixelmap_button_create</a> from guiapp_specifications.o(.text.gx_studio_pixelmap_button_create) referenced from guiapp_specifications.o(.rodata.window_2_pixelmap_button_12_6_define)
 <LI><a href="#[db]">gx_studio_pixelmap_button_create</a> from guiapp_specifications.o(.text.gx_studio_pixelmap_button_create) referenced from guiapp_specifications.o(.rodata.window_2_pixelmap_button_12_7_define)
 <LI><a href="#[db]">gx_studio_pixelmap_button_create</a> from guiapp_specifications.o(.text.gx_studio_pixelmap_button_create) referenced from guiapp_specifications.o(.rodata.window_2_pixelmap_button_12_define)
 <LI><a href="#[da]">gx_studio_window_create</a> from guiapp_specifications.o(.text.gx_studio_window_create) referenced from guiapp_specifications.o(.rodata.window_1_define)
 <LI><a href="#[da]">gx_studio_window_create</a> from guiapp_specifications.o(.text.gx_studio_window_create) referenced from guiapp_specifications.o(.rodata.window_2_define)
 <LI><a href="#[da]">gx_studio_window_create</a> from guiapp_specifications.o(.text.gx_studio_window_create) referenced from guiapp_specifications.o(.rodata.window_define)
 <LI><a href="#[66]">memory_allocate</a> from gx_task.o(.text.memory_allocate) referenced 2 times from gx_task.o(.text.GX_Task)
 <LI><a href="#[67]">memory_free</a> from gx_task.o(.text.memory_free) referenced 2 times from gx_task.o(.text.GX_Task)
 <LI><a href="#[dc]">slide_win_event_process</a> from gx_task.o(.text.slide_win_event_process) referenced from guiapp_specifications.o(.rodata.window_define)
 <LI><a href="#[d9]">stm32f4_24xrgb_buffer_toggle</a> from f429_gx_drive.o(.text.stm32f4_24xrgb_buffer_toggle) referenced 2 times from f429_gx_drive.o(.text.stm32f4_graphics_driver_setup_24xrgb)
 <LI><a href="#[68]">stm32f4_graphics_driver_setup_24xrgb</a> from f429_gx_drive.o(.text.stm32f4_graphics_driver_setup_24xrgb) referenced 2 times from gx_task.o(.text.GX_Task)
</UL>
<P>
<H3>
Global Symbols
</H3>
<P><STRONG><a name="[65]"></a>__main</STRONG> (Thumb, 8 bytes, Stack size 0 bytes, __main.o(!!!main))
<BR><BR>[Calls]<UL><LI><a href="#[de]">&gt;&gt;</a>&nbsp;&nbsp;&nbsp;__rt_entry
<LI><a href="#[dd]">&gt;&gt;</a>&nbsp;&nbsp;&nbsp;__scatterload
</UL>
<BR>[Address Reference Count : 1]<UL><LI> startup_stm32f429xx.o(.text)
</UL>
<P><STRONG><a name="[dd]"></a>__scatterload</STRONG> (Thumb, 0 bytes, Stack size unknown bytes, __scatter.o(!!!scatter))
<BR><BR>[Called By]<UL><LI><a href="#[65]">&gt;&gt;</a>&nbsp;&nbsp;&nbsp;__main
</UL>

<P><STRONG><a name="[df]"></a>__scatterload_rt2</STRONG> (Thumb, 44 bytes, Stack size unknown bytes, __scatter.o(!!!scatter), UNUSED)
<BR><BR>[Calls]<UL><LI><a href="#[de]">&gt;&gt;</a>&nbsp;&nbsp;&nbsp;__rt_entry
</UL>

<P><STRONG><a name="[265]"></a>__scatterload_rt2_thumb_only</STRONG> (Thumb, 0 bytes, Stack size unknown bytes, __scatter.o(!!!scatter), UNUSED)

<P><STRONG><a name="[266]"></a>__scatterload_null</STRONG> (Thumb, 0 bytes, Stack size unknown bytes, __scatter.o(!!!scatter), UNUSED)

<P><STRONG><a name="[267]"></a>__decompress</STRONG> (Thumb, 58 bytes, Stack size unknown bytes, __dczerorl.o(!!dczerorl), UNUSED)

<P><STRONG><a name="[268]"></a>__decompress0</STRONG> (Thumb, 0 bytes, Stack size unknown bytes, __dczerorl.o(!!dczerorl), UNUSED)

<P><STRONG><a name="[269]"></a>__scatterload_zeroinit</STRONG> (Thumb, 28 bytes, Stack size unknown bytes, __scatter_zi.o(!!handler_zi), UNUSED)

<P><STRONG><a name="[e5]"></a>__rt_lib_init</STRONG> (Thumb, 0 bytes, Stack size unknown bytes, libinit.o(.ARM.Collect$$libinit$$00000000))
<BR><BR>[Called By]<UL><LI><a href="#[e4]">&gt;&gt;</a>&nbsp;&nbsp;&nbsp;__rt_entry_li
</UL>

<P><STRONG><a name="[e0]"></a>__rt_lib_init_fp_1</STRONG> (Thumb, 0 bytes, Stack size unknown bytes, libinit2.o(.ARM.Collect$$libinit$$00000001))
<BR><BR>[Calls]<UL><LI><a href="#[e1]">&gt;&gt;</a>&nbsp;&nbsp;&nbsp;_fp_init
</UL>

<P><STRONG><a name="[26a]"></a>__rt_lib_init_alloca_1</STRONG> (Thumb, 0 bytes, Stack size unknown bytes, libinit2.o(.ARM.Collect$$libinit$$0000002E))

<P><STRONG><a name="[26b]"></a>__rt_lib_init_argv_1</STRONG> (Thumb, 0 bytes, Stack size unknown bytes, libinit2.o(.ARM.Collect$$libinit$$0000002C))

<P><STRONG><a name="[26c]"></a>__rt_lib_init_atexit_1</STRONG> (Thumb, 0 bytes, Stack size unknown bytes, libinit2.o(.ARM.Collect$$libinit$$0000001B))

<P><STRONG><a name="[26d]"></a>__rt_lib_init_clock_1</STRONG> (Thumb, 0 bytes, Stack size unknown bytes, libinit2.o(.ARM.Collect$$libinit$$00000021))

<P><STRONG><a name="[26e]"></a>__rt_lib_init_cpp_1</STRONG> (Thumb, 0 bytes, Stack size unknown bytes, libinit2.o(.ARM.Collect$$libinit$$00000032))

<P><STRONG><a name="[26f]"></a>__rt_lib_init_exceptions_1</STRONG> (Thumb, 0 bytes, Stack size unknown bytes, libinit2.o(.ARM.Collect$$libinit$$00000030))

<P><STRONG><a name="[270]"></a>__rt_lib_init_fp_trap_1</STRONG> (Thumb, 0 bytes, Stack size unknown bytes, libinit2.o(.ARM.Collect$$libinit$$0000001F))

<P><STRONG><a name="[271]"></a>__rt_lib_init_getenv_1</STRONG> (Thumb, 0 bytes, Stack size unknown bytes, libinit2.o(.ARM.Collect$$libinit$$00000023))

<P><STRONG><a name="[272]"></a>__rt_lib_init_heap_1</STRONG> (Thumb, 0 bytes, Stack size unknown bytes, libinit2.o(.ARM.Collect$$libinit$$0000000A))

<P><STRONG><a name="[273]"></a>__rt_lib_init_lc_collate_1</STRONG> (Thumb, 0 bytes, Stack size unknown bytes, libinit2.o(.ARM.Collect$$libinit$$00000011))

<P><STRONG><a name="[274]"></a>__rt_lib_init_lc_ctype_1</STRONG> (Thumb, 0 bytes, Stack size unknown bytes, libinit2.o(.ARM.Collect$$libinit$$00000013))

<P><STRONG><a name="[275]"></a>__rt_lib_init_lc_monetary_1</STRONG> (Thumb, 0 bytes, Stack size unknown bytes, libinit2.o(.ARM.Collect$$libinit$$00000015))

<P><STRONG><a name="[276]"></a>__rt_lib_init_lc_numeric_1</STRONG> (Thumb, 0 bytes, Stack size unknown bytes, libinit2.o(.ARM.Collect$$libinit$$00000017))

<P><STRONG><a name="[277]"></a>__rt_lib_init_lc_time_1</STRONG> (Thumb, 0 bytes, Stack size unknown bytes, libinit2.o(.ARM.Collect$$libinit$$00000019))

<P><STRONG><a name="[278]"></a>__rt_lib_init_preinit_1</STRONG> (Thumb, 0 bytes, Stack size unknown bytes, libinit2.o(.ARM.Collect$$libinit$$00000004))

<P><STRONG><a name="[279]"></a>__rt_lib_init_rand_1</STRONG> (Thumb, 0 bytes, Stack size unknown bytes, libinit2.o(.ARM.Collect$$libinit$$0000000E))

<P><STRONG><a name="[27a]"></a>__rt_lib_init_return</STRONG> (Thumb, 0 bytes, Stack size unknown bytes, libinit2.o(.ARM.Collect$$libinit$$00000033))

<P><STRONG><a name="[27b]"></a>__rt_lib_init_signal_1</STRONG> (Thumb, 0 bytes, Stack size unknown bytes, libinit2.o(.ARM.Collect$$libinit$$0000001D))

<P><STRONG><a name="[27c]"></a>__rt_lib_init_stdio_1</STRONG> (Thumb, 0 bytes, Stack size unknown bytes, libinit2.o(.ARM.Collect$$libinit$$00000025))

<P><STRONG><a name="[27d]"></a>__rt_lib_init_user_alloc_1</STRONG> (Thumb, 0 bytes, Stack size unknown bytes, libinit2.o(.ARM.Collect$$libinit$$0000000C))

<P><STRONG><a name="[ea]"></a>__rt_lib_shutdown</STRONG> (Thumb, 0 bytes, Stack size unknown bytes, libshutdown.o(.ARM.Collect$$libshutdown$$00000000))
<BR><BR>[Called By]<UL><LI><a href="#[e9]">&gt;&gt;</a>&nbsp;&nbsp;&nbsp;__rt_exit_ls
</UL>

<P><STRONG><a name="[27e]"></a>__rt_lib_shutdown_cpp_1</STRONG> (Thumb, 0 bytes, Stack size unknown bytes, libshutdown2.o(.ARM.Collect$$libshutdown$$00000002))

<P><STRONG><a name="[27f]"></a>__rt_lib_shutdown_fp_trap_1</STRONG> (Thumb, 0 bytes, Stack size unknown bytes, libshutdown2.o(.ARM.Collect$$libshutdown$$00000007))

<P><STRONG><a name="[280]"></a>__rt_lib_shutdown_heap_1</STRONG> (Thumb, 0 bytes, Stack size unknown bytes, libshutdown2.o(.ARM.Collect$$libshutdown$$0000000F))

<P><STRONG><a name="[281]"></a>__rt_lib_shutdown_return</STRONG> (Thumb, 0 bytes, Stack size unknown bytes, libshutdown2.o(.ARM.Collect$$libshutdown$$00000010))

<P><STRONG><a name="[282]"></a>__rt_lib_shutdown_signal_1</STRONG> (Thumb, 0 bytes, Stack size unknown bytes, libshutdown2.o(.ARM.Collect$$libshutdown$$0000000A))

<P><STRONG><a name="[283]"></a>__rt_lib_shutdown_stdio_1</STRONG> (Thumb, 0 bytes, Stack size unknown bytes, libshutdown2.o(.ARM.Collect$$libshutdown$$00000004))

<P><STRONG><a name="[284]"></a>__rt_lib_shutdown_user_alloc_1</STRONG> (Thumb, 0 bytes, Stack size unknown bytes, libshutdown2.o(.ARM.Collect$$libshutdown$$0000000C))

<P><STRONG><a name="[de]"></a>__rt_entry</STRONG> (Thumb, 0 bytes, Stack size unknown bytes, __rtentry.o(.ARM.Collect$$rtentry$$00000000))
<BR><BR>[Called By]<UL><LI><a href="#[65]">&gt;&gt;</a>&nbsp;&nbsp;&nbsp;__main
<LI><a href="#[df]">&gt;&gt;</a>&nbsp;&nbsp;&nbsp;__scatterload_rt2
</UL>

<P><STRONG><a name="[285]"></a>__rt_entry_presh_1</STRONG> (Thumb, 0 bytes, Stack size unknown bytes, __rtentry2.o(.ARM.Collect$$rtentry$$00000002))

<P><STRONG><a name="[e2]"></a>__rt_entry_sh</STRONG> (Thumb, 0 bytes, Stack size unknown bytes, __rtentry4.o(.ARM.Collect$$rtentry$$00000004))
<BR><BR>[Stack]<UL><LI>Max Depth = 8 + Unknown Stack Size
<LI>Call Chain = __rt_entry_sh &rArr; __user_setup_stackheap
</UL>
<BR>[Calls]<UL><LI><a href="#[e3]">&gt;&gt;</a>&nbsp;&nbsp;&nbsp;__user_setup_stackheap
</UL>

<P><STRONG><a name="[e4]"></a>__rt_entry_li</STRONG> (Thumb, 0 bytes, Stack size unknown bytes, __rtentry2.o(.ARM.Collect$$rtentry$$0000000A))
<BR><BR>[Calls]<UL><LI><a href="#[e5]">&gt;&gt;</a>&nbsp;&nbsp;&nbsp;__rt_lib_init
</UL>

<P><STRONG><a name="[286]"></a>__rt_entry_postsh_1</STRONG> (Thumb, 0 bytes, Stack size unknown bytes, __rtentry2.o(.ARM.Collect$$rtentry$$00000009))

<P><STRONG><a name="[e6]"></a>__rt_entry_main</STRONG> (Thumb, 0 bytes, Stack size unknown bytes, __rtentry2.o(.ARM.Collect$$rtentry$$0000000D))
<BR><BR>[Stack]<UL><LI>Max Depth = 248 + Unknown Stack Size
<LI>Call Chain = __rt_entry_main &rArr; main &rArr; MX_ThreadX_Init &rArr; _tx_initialize_kernel_enter &rArr; tx_application_define &rArr; SYSTaskCreate &rArr; _txe_thread_create &rArr; _tx_thread_create &rArr; _tx_thread_system_resume
</UL>
<BR>[Calls]<UL><LI><a href="#[e7]">&gt;&gt;</a>&nbsp;&nbsp;&nbsp;main
<LI><a href="#[e8]">&gt;&gt;</a>&nbsp;&nbsp;&nbsp;exit
</UL>

<P><STRONG><a name="[287]"></a>__rt_entry_postli_1</STRONG> (Thumb, 0 bytes, Stack size unknown bytes, __rtentry2.o(.ARM.Collect$$rtentry$$0000000C))

<P><STRONG><a name="[102]"></a>__rt_exit</STRONG> (Thumb, 0 bytes, Stack size unknown bytes, rtexit.o(.ARM.Collect$$rtexit$$00000000))
<BR><BR>[Called By]<UL><LI><a href="#[e8]">&gt;&gt;</a>&nbsp;&nbsp;&nbsp;exit
</UL>

<P><STRONG><a name="[e9]"></a>__rt_exit_ls</STRONG> (Thumb, 0 bytes, Stack size unknown bytes, rtexit2.o(.ARM.Collect$$rtexit$$00000003))
<BR><BR>[Calls]<UL><LI><a href="#[ea]">&gt;&gt;</a>&nbsp;&nbsp;&nbsp;__rt_lib_shutdown
</UL>

<P><STRONG><a name="[288]"></a>__rt_exit_prels_1</STRONG> (Thumb, 0 bytes, Stack size unknown bytes, rtexit2.o(.ARM.Collect$$rtexit$$00000002))

<P><STRONG><a name="[eb]"></a>__rt_exit_exit</STRONG> (Thumb, 0 bytes, Stack size unknown bytes, rtexit2.o(.ARM.Collect$$rtexit$$00000004))
<BR><BR>[Calls]<UL><LI><a href="#[ec]">&gt;&gt;</a>&nbsp;&nbsp;&nbsp;_sys_exit
</UL>

<P><STRONG><a name="[0]"></a>Reset_Handler</STRONG> (Thumb, 8 bytes, Stack size 0 bytes, startup_stm32f429xx.o(.text))
<BR>[Address Reference Count : 1]<UL><LI> startup_stm32f429xx.o(RESET)
</UL>
<P><STRONG><a name="[6]"></a>SVC_Handler</STRONG> (Thumb, 2 bytes, Stack size 0 bytes, startup_stm32f429xx.o(.text))
<BR><BR>[Calls]<UL><LI><a href="#[6]">&gt;&gt;</a>&nbsp;&nbsp;&nbsp;SVC_Handler
</UL>
<BR>[Called By]<UL><LI><a href="#[6]">&gt;&gt;</a>&nbsp;&nbsp;&nbsp;SVC_Handler
</UL>
<BR>[Address Reference Count : 1]<UL><LI> startup_stm32f429xx.o(RESET)
</UL>
<P><STRONG><a name="[1c]"></a>ADC_IRQHandler</STRONG> (Thumb, 0 bytes, Stack size 0 bytes, startup_stm32f429xx.o(.text))
<BR><BR>[Calls]<UL><LI><a href="#[1c]">&gt;&gt;</a>&nbsp;&nbsp;&nbsp;ADC_IRQHandler
</UL>
<BR>[Called By]<UL><LI><a href="#[1c]">&gt;&gt;</a>&nbsp;&nbsp;&nbsp;ADC_IRQHandler
</UL>
<BR>[Address Reference Count : 1]<UL><LI> startup_stm32f429xx.o(RESET)
</UL>
<P><STRONG><a name="[1e]"></a>CAN1_RX0_IRQHandler</STRONG> (Thumb, 0 bytes, Stack size 0 bytes, startup_stm32f429xx.o(.text))
<BR>[Address Reference Count : 1]<UL><LI> startup_stm32f429xx.o(RESET)
</UL>
<P><STRONG><a name="[1f]"></a>CAN1_RX1_IRQHandler</STRONG> (Thumb, 0 bytes, Stack size 0 bytes, startup_stm32f429xx.o(.text))
<BR>[Address Reference Count : 1]<UL><LI> startup_stm32f429xx.o(RESET)
</UL>
<P><STRONG><a name="[20]"></a>CAN1_SCE_IRQHandler</STRONG> (Thumb, 0 bytes, Stack size 0 bytes, startup_stm32f429xx.o(.text))
<BR>[Address Reference Count : 1]<UL><LI> startup_stm32f429xx.o(RESET)
</UL>
<P><STRONG><a name="[1d]"></a>CAN1_TX_IRQHandler</STRONG> (Thumb, 0 bytes, Stack size 0 bytes, startup_stm32f429xx.o(.text))
<BR>[Address Reference Count : 1]<UL><LI> startup_stm32f429xx.o(RESET)
</UL>
<P><STRONG><a name="[4a]"></a>CAN2_RX0_IRQHandler</STRONG> (Thumb, 0 bytes, Stack size 0 bytes, startup_stm32f429xx.o(.text))
<BR>[Address Reference Count : 1]<UL><LI> startup_stm32f429xx.o(RESET)
</UL>
<P><STRONG><a name="[4b]"></a>CAN2_RX1_IRQHandler</STRONG> (Thumb, 0 bytes, Stack size 0 bytes, startup_stm32f429xx.o(.text))
<BR>[Address Reference Count : 1]<UL><LI> startup_stm32f429xx.o(RESET)
</UL>
<P><STRONG><a name="[4c]"></a>CAN2_SCE_IRQHandler</STRONG> (Thumb, 0 bytes, Stack size 0 bytes, startup_stm32f429xx.o(.text))
<BR>[Address Reference Count : 1]<UL><LI> startup_stm32f429xx.o(RESET)
</UL>
<P><STRONG><a name="[49]"></a>CAN2_TX_IRQHandler</STRONG> (Thumb, 0 bytes, Stack size 0 bytes, startup_stm32f429xx.o(.text))
<BR>[Address Reference Count : 1]<UL><LI> startup_stm32f429xx.o(RESET)
</UL>
<P><STRONG><a name="[58]"></a>DCMI_IRQHandler</STRONG> (Thumb, 0 bytes, Stack size 0 bytes, startup_stm32f429xx.o(.text))
<BR>[Address Reference Count : 1]<UL><LI> startup_stm32f429xx.o(RESET)
</UL>
<P><STRONG><a name="[15]"></a>DMA1_Stream0_IRQHandler</STRONG> (Thumb, 0 bytes, Stack size 0 bytes, startup_stm32f429xx.o(.text))
<BR>[Address Reference Count : 1]<UL><LI> startup_stm32f429xx.o(RESET)
</UL>
<P><STRONG><a name="[16]"></a>DMA1_Stream1_IRQHandler</STRONG> (Thumb, 0 bytes, Stack size 0 bytes, startup_stm32f429xx.o(.text))
<BR>[Address Reference Count : 1]<UL><LI> startup_stm32f429xx.o(RESET)
</UL>
<P><STRONG><a name="[17]"></a>DMA1_Stream2_IRQHandler</STRONG> (Thumb, 0 bytes, Stack size 0 bytes, startup_stm32f429xx.o(.text))
<BR>[Address Reference Count : 1]<UL><LI> startup_stm32f429xx.o(RESET)
</UL>
<P><STRONG><a name="[18]"></a>DMA1_Stream3_IRQHandler</STRONG> (Thumb, 0 bytes, Stack size 0 bytes, startup_stm32f429xx.o(.text))
<BR>[Address Reference Count : 1]<UL><LI> startup_stm32f429xx.o(RESET)
</UL>
<P><STRONG><a name="[19]"></a>DMA1_Stream4_IRQHandler</STRONG> (Thumb, 0 bytes, Stack size 0 bytes, startup_stm32f429xx.o(.text))
<BR>[Address Reference Count : 1]<UL><LI> startup_stm32f429xx.o(RESET)
</UL>
<P><STRONG><a name="[1a]"></a>DMA1_Stream5_IRQHandler</STRONG> (Thumb, 0 bytes, Stack size 0 bytes, startup_stm32f429xx.o(.text))
<BR>[Address Reference Count : 1]<UL><LI> startup_stm32f429xx.o(RESET)
</UL>
<P><STRONG><a name="[1b]"></a>DMA1_Stream6_IRQHandler</STRONG> (Thumb, 0 bytes, Stack size 0 bytes, startup_stm32f429xx.o(.text))
<BR>[Address Reference Count : 1]<UL><LI> startup_stm32f429xx.o(RESET)
</UL>
<P><STRONG><a name="[39]"></a>DMA1_Stream7_IRQHandler</STRONG> (Thumb, 0 bytes, Stack size 0 bytes, startup_stm32f429xx.o(.text))
<BR>[Address Reference Count : 1]<UL><LI> startup_stm32f429xx.o(RESET)
</UL>
<P><STRONG><a name="[63]"></a>DMA2D_IRQHandler</STRONG> (Thumb, 0 bytes, Stack size 0 bytes, startup_stm32f429xx.o(.text))
<BR>[Address Reference Count : 1]<UL><LI> startup_stm32f429xx.o(RESET)
</UL>
<P><STRONG><a name="[42]"></a>DMA2_Stream0_IRQHandler</STRONG> (Thumb, 0 bytes, Stack size 0 bytes, startup_stm32f429xx.o(.text))
<BR>[Address Reference Count : 1]<UL><LI> startup_stm32f429xx.o(RESET)
</UL>
<P><STRONG><a name="[43]"></a>DMA2_Stream1_IRQHandler</STRONG> (Thumb, 0 bytes, Stack size 0 bytes, startup_stm32f429xx.o(.text))
<BR>[Address Reference Count : 1]<UL><LI> startup_stm32f429xx.o(RESET)
</UL>
<P><STRONG><a name="[44]"></a>DMA2_Stream2_IRQHandler</STRONG> (Thumb, 0 bytes, Stack size 0 bytes, startup_stm32f429xx.o(.text))
<BR>[Address Reference Count : 1]<UL><LI> startup_stm32f429xx.o(RESET)
</UL>
<P><STRONG><a name="[45]"></a>DMA2_Stream3_IRQHandler</STRONG> (Thumb, 0 bytes, Stack size 0 bytes, startup_stm32f429xx.o(.text))
<BR>[Address Reference Count : 1]<UL><LI> startup_stm32f429xx.o(RESET)
</UL>
<P><STRONG><a name="[46]"></a>DMA2_Stream4_IRQHandler</STRONG> (Thumb, 0 bytes, Stack size 0 bytes, startup_stm32f429xx.o(.text))
<BR>[Address Reference Count : 1]<UL><LI> startup_stm32f429xx.o(RESET)
</UL>
<P><STRONG><a name="[4e]"></a>DMA2_Stream5_IRQHandler</STRONG> (Thumb, 0 bytes, Stack size 0 bytes, startup_stm32f429xx.o(.text))
<BR>[Address Reference Count : 1]<UL><LI> startup_stm32f429xx.o(RESET)
</UL>
<P><STRONG><a name="[4f]"></a>DMA2_Stream6_IRQHandler</STRONG> (Thumb, 0 bytes, Stack size 0 bytes, startup_stm32f429xx.o(.text))
<BR>[Address Reference Count : 1]<UL><LI> startup_stm32f429xx.o(RESET)
</UL>
<P><STRONG><a name="[50]"></a>DMA2_Stream7_IRQHandler</STRONG> (Thumb, 0 bytes, Stack size 0 bytes, startup_stm32f429xx.o(.text))
<BR>[Address Reference Count : 1]<UL><LI> startup_stm32f429xx.o(RESET)
</UL>
<P><STRONG><a name="[47]"></a>ETH_IRQHandler</STRONG> (Thumb, 0 bytes, Stack size 0 bytes, startup_stm32f429xx.o(.text))
<BR>[Address Reference Count : 1]<UL><LI> startup_stm32f429xx.o(RESET)
</UL>
<P><STRONG><a name="[48]"></a>ETH_WKUP_IRQHandler</STRONG> (Thumb, 0 bytes, Stack size 0 bytes, startup_stm32f429xx.o(.text))
<BR>[Address Reference Count : 1]<UL><LI> startup_stm32f429xx.o(RESET)
</UL>
<P><STRONG><a name="[10]"></a>EXTI0_IRQHandler</STRONG> (Thumb, 0 bytes, Stack size 0 bytes, startup_stm32f429xx.o(.text))
<BR>[Address Reference Count : 1]<UL><LI> startup_stm32f429xx.o(RESET)
</UL>
<P><STRONG><a name="[32]"></a>EXTI15_10_IRQHandler</STRONG> (Thumb, 0 bytes, Stack size 0 bytes, startup_stm32f429xx.o(.text))
<BR>[Address Reference Count : 1]<UL><LI> startup_stm32f429xx.o(RESET)
</UL>
<P><STRONG><a name="[11]"></a>EXTI1_IRQHandler</STRONG> (Thumb, 0 bytes, Stack size 0 bytes, startup_stm32f429xx.o(.text))
<BR>[Address Reference Count : 1]<UL><LI> startup_stm32f429xx.o(RESET)
</UL>
<P><STRONG><a name="[12]"></a>EXTI2_IRQHandler</STRONG> (Thumb, 0 bytes, Stack size 0 bytes, startup_stm32f429xx.o(.text))
<BR>[Address Reference Count : 1]<UL><LI> startup_stm32f429xx.o(RESET)
</UL>
<P><STRONG><a name="[13]"></a>EXTI3_IRQHandler</STRONG> (Thumb, 0 bytes, Stack size 0 bytes, startup_stm32f429xx.o(.text))
<BR>[Address Reference Count : 1]<UL><LI> startup_stm32f429xx.o(RESET)
</UL>
<P><STRONG><a name="[14]"></a>EXTI4_IRQHandler</STRONG> (Thumb, 0 bytes, Stack size 0 bytes, startup_stm32f429xx.o(.text))
<BR>[Address Reference Count : 1]<UL><LI> startup_stm32f429xx.o(RESET)
</UL>
<P><STRONG><a name="[21]"></a>EXTI9_5_IRQHandler</STRONG> (Thumb, 0 bytes, Stack size 0 bytes, startup_stm32f429xx.o(.text))
<BR>[Address Reference Count : 1]<UL><LI> startup_stm32f429xx.o(RESET)
</UL>
<P><STRONG><a name="[e]"></a>FLASH_IRQHandler</STRONG> (Thumb, 0 bytes, Stack size 0 bytes, startup_stm32f429xx.o(.text))
<BR>[Address Reference Count : 1]<UL><LI> startup_stm32f429xx.o(RESET)
</UL>
<P><STRONG><a name="[3a]"></a>FMC_IRQHandler</STRONG> (Thumb, 0 bytes, Stack size 0 bytes, startup_stm32f429xx.o(.text))
<BR>[Address Reference Count : 1]<UL><LI> startup_stm32f429xx.o(RESET)
</UL>
<P><STRONG><a name="[5a]"></a>FPU_IRQHandler</STRONG> (Thumb, 0 bytes, Stack size 0 bytes, startup_stm32f429xx.o(.text))
<BR>[Address Reference Count : 1]<UL><LI> startup_stm32f429xx.o(RESET)
</UL>
<P><STRONG><a name="[59]"></a>HASH_RNG_IRQHandler</STRONG> (Thumb, 0 bytes, Stack size 0 bytes, startup_stm32f429xx.o(.text))
<BR>[Address Reference Count : 1]<UL><LI> startup_stm32f429xx.o(RESET)
</UL>
<P><STRONG><a name="[2a]"></a>I2C1_ER_IRQHandler</STRONG> (Thumb, 0 bytes, Stack size 0 bytes, startup_stm32f429xx.o(.text))
<BR>[Address Reference Count : 1]<UL><LI> startup_stm32f429xx.o(RESET)
</UL>
<P><STRONG><a name="[29]"></a>I2C1_EV_IRQHandler</STRONG> (Thumb, 0 bytes, Stack size 0 bytes, startup_stm32f429xx.o(.text))
<BR>[Address Reference Count : 1]<UL><LI> startup_stm32f429xx.o(RESET)
</UL>
<P><STRONG><a name="[2c]"></a>I2C2_ER_IRQHandler</STRONG> (Thumb, 0 bytes, Stack size 0 bytes, startup_stm32f429xx.o(.text))
<BR>[Address Reference Count : 1]<UL><LI> startup_stm32f429xx.o(RESET)
</UL>
<P><STRONG><a name="[2b]"></a>I2C2_EV_IRQHandler</STRONG> (Thumb, 0 bytes, Stack size 0 bytes, startup_stm32f429xx.o(.text))
<BR>[Address Reference Count : 1]<UL><LI> startup_stm32f429xx.o(RESET)
</UL>
<P><STRONG><a name="[53]"></a>I2C3_ER_IRQHandler</STRONG> (Thumb, 0 bytes, Stack size 0 bytes, startup_stm32f429xx.o(.text))
<BR>[Address Reference Count : 1]<UL><LI> startup_stm32f429xx.o(RESET)
</UL>
<P><STRONG><a name="[52]"></a>I2C3_EV_IRQHandler</STRONG> (Thumb, 0 bytes, Stack size 0 bytes, startup_stm32f429xx.o(.text))
<BR>[Address Reference Count : 1]<UL><LI> startup_stm32f429xx.o(RESET)
</UL>
<P><STRONG><a name="[62]"></a>LTDC_ER_IRQHandler</STRONG> (Thumb, 0 bytes, Stack size 0 bytes, startup_stm32f429xx.o(.text))
<BR>[Address Reference Count : 1]<UL><LI> startup_stm32f429xx.o(RESET)
</UL>
<P><STRONG><a name="[61]"></a>LTDC_IRQHandler</STRONG> (Thumb, 0 bytes, Stack size 0 bytes, startup_stm32f429xx.o(.text))
<BR>[Address Reference Count : 1]<UL><LI> startup_stm32f429xx.o(RESET)
</UL>
<P><STRONG><a name="[4d]"></a>OTG_FS_IRQHandler</STRONG> (Thumb, 0 bytes, Stack size 0 bytes, startup_stm32f429xx.o(.text))
<BR>[Address Reference Count : 1]<UL><LI> startup_stm32f429xx.o(RESET)
</UL>
<P><STRONG><a name="[34]"></a>OTG_FS_WKUP_IRQHandler</STRONG> (Thumb, 0 bytes, Stack size 0 bytes, startup_stm32f429xx.o(.text))
<BR>[Address Reference Count : 1]<UL><LI> startup_stm32f429xx.o(RESET)
</UL>
<P><STRONG><a name="[55]"></a>OTG_HS_EP1_IN_IRQHandler</STRONG> (Thumb, 0 bytes, Stack size 0 bytes, startup_stm32f429xx.o(.text))
<BR>[Address Reference Count : 1]<UL><LI> startup_stm32f429xx.o(RESET)
</UL>
<P><STRONG><a name="[54]"></a>OTG_HS_EP1_OUT_IRQHandler</STRONG> (Thumb, 0 bytes, Stack size 0 bytes, startup_stm32f429xx.o(.text))
<BR>[Address Reference Count : 1]<UL><LI> startup_stm32f429xx.o(RESET)
</UL>
<P><STRONG><a name="[57]"></a>OTG_HS_IRQHandler</STRONG> (Thumb, 0 bytes, Stack size 0 bytes, startup_stm32f429xx.o(.text))
<BR>[Address Reference Count : 1]<UL><LI> startup_stm32f429xx.o(RESET)
</UL>
<P><STRONG><a name="[56]"></a>OTG_HS_WKUP_IRQHandler</STRONG> (Thumb, 0 bytes, Stack size 0 bytes, startup_stm32f429xx.o(.text))
<BR>[Address Reference Count : 1]<UL><LI> startup_stm32f429xx.o(RESET)
</UL>
<P><STRONG><a name="[b]"></a>PVD_IRQHandler</STRONG> (Thumb, 0 bytes, Stack size 0 bytes, startup_stm32f429xx.o(.text))
<BR>[Address Reference Count : 1]<UL><LI> startup_stm32f429xx.o(RESET)
</UL>
<P><STRONG><a name="[f]"></a>RCC_IRQHandler</STRONG> (Thumb, 0 bytes, Stack size 0 bytes, startup_stm32f429xx.o(.text))
<BR>[Address Reference Count : 1]<UL><LI> startup_stm32f429xx.o(RESET)
</UL>
<P><STRONG><a name="[33]"></a>RTC_Alarm_IRQHandler</STRONG> (Thumb, 0 bytes, Stack size 0 bytes, startup_stm32f429xx.o(.text))
<BR>[Address Reference Count : 1]<UL><LI> startup_stm32f429xx.o(RESET)
</UL>
<P><STRONG><a name="[d]"></a>RTC_WKUP_IRQHandler</STRONG> (Thumb, 0 bytes, Stack size 0 bytes, startup_stm32f429xx.o(.text))
<BR>[Address Reference Count : 1]<UL><LI> startup_stm32f429xx.o(RESET)
</UL>
<P><STRONG><a name="[60]"></a>SAI1_IRQHandler</STRONG> (Thumb, 0 bytes, Stack size 0 bytes, startup_stm32f429xx.o(.text))
<BR>[Address Reference Count : 1]<UL><LI> startup_stm32f429xx.o(RESET)
</UL>
<P><STRONG><a name="[3b]"></a>SDIO_IRQHandler</STRONG> (Thumb, 0 bytes, Stack size 0 bytes, startup_stm32f429xx.o(.text))
<BR>[Address Reference Count : 1]<UL><LI> startup_stm32f429xx.o(RESET)
</UL>
<P><STRONG><a name="[2d]"></a>SPI1_IRQHandler</STRONG> (Thumb, 0 bytes, Stack size 0 bytes, startup_stm32f429xx.o(.text))
<BR>[Address Reference Count : 1]<UL><LI> startup_stm32f429xx.o(RESET)
</UL>
<P><STRONG><a name="[2e]"></a>SPI2_IRQHandler</STRONG> (Thumb, 0 bytes, Stack size 0 bytes, startup_stm32f429xx.o(.text))
<BR>[Address Reference Count : 1]<UL><LI> startup_stm32f429xx.o(RESET)
</UL>
<P><STRONG><a name="[3d]"></a>SPI3_IRQHandler</STRONG> (Thumb, 0 bytes, Stack size 0 bytes, startup_stm32f429xx.o(.text))
<BR>[Address Reference Count : 1]<UL><LI> startup_stm32f429xx.o(RESET)
</UL>
<P><STRONG><a name="[5d]"></a>SPI4_IRQHandler</STRONG> (Thumb, 0 bytes, Stack size 0 bytes, startup_stm32f429xx.o(.text))
<BR>[Address Reference Count : 1]<UL><LI> startup_stm32f429xx.o(RESET)
</UL>
<P><STRONG><a name="[5e]"></a>SPI5_IRQHandler</STRONG> (Thumb, 0 bytes, Stack size 0 bytes, startup_stm32f429xx.o(.text))
<BR>[Address Reference Count : 1]<UL><LI> startup_stm32f429xx.o(RESET)
</UL>
<P><STRONG><a name="[5f]"></a>SPI6_IRQHandler</STRONG> (Thumb, 0 bytes, Stack size 0 bytes, startup_stm32f429xx.o(.text))
<BR>[Address Reference Count : 1]<UL><LI> startup_stm32f429xx.o(RESET)
</UL>
<P><STRONG><a name="[c]"></a>TAMP_STAMP_IRQHandler</STRONG> (Thumb, 0 bytes, Stack size 0 bytes, startup_stm32f429xx.o(.text))
<BR>[Address Reference Count : 1]<UL><LI> startup_stm32f429xx.o(RESET)
</UL>
<P><STRONG><a name="[22]"></a>TIM1_BRK_TIM9_IRQHandler</STRONG> (Thumb, 0 bytes, Stack size 0 bytes, startup_stm32f429xx.o(.text))
<BR>[Address Reference Count : 1]<UL><LI> startup_stm32f429xx.o(RESET)
</UL>
<P><STRONG><a name="[25]"></a>TIM1_CC_IRQHandler</STRONG> (Thumb, 0 bytes, Stack size 0 bytes, startup_stm32f429xx.o(.text))
<BR>[Address Reference Count : 1]<UL><LI> startup_stm32f429xx.o(RESET)
</UL>
<P><STRONG><a name="[24]"></a>TIM1_TRG_COM_TIM11_IRQHandler</STRONG> (Thumb, 0 bytes, Stack size 0 bytes, startup_stm32f429xx.o(.text))
<BR>[Address Reference Count : 1]<UL><LI> startup_stm32f429xx.o(RESET)
</UL>
<P><STRONG><a name="[26]"></a>TIM2_IRQHandler</STRONG> (Thumb, 0 bytes, Stack size 0 bytes, startup_stm32f429xx.o(.text))
<BR>[Address Reference Count : 1]<UL><LI> startup_stm32f429xx.o(RESET)
</UL>
<P><STRONG><a name="[27]"></a>TIM3_IRQHandler</STRONG> (Thumb, 0 bytes, Stack size 0 bytes, startup_stm32f429xx.o(.text))
<BR>[Address Reference Count : 1]<UL><LI> startup_stm32f429xx.o(RESET)
</UL>
<P><STRONG><a name="[28]"></a>TIM4_IRQHandler</STRONG> (Thumb, 0 bytes, Stack size 0 bytes, startup_stm32f429xx.o(.text))
<BR>[Address Reference Count : 1]<UL><LI> startup_stm32f429xx.o(RESET)
</UL>
<P><STRONG><a name="[3c]"></a>TIM5_IRQHandler</STRONG> (Thumb, 0 bytes, Stack size 0 bytes, startup_stm32f429xx.o(.text))
<BR>[Address Reference Count : 1]<UL><LI> startup_stm32f429xx.o(RESET)
</UL>
<P><STRONG><a name="[40]"></a>TIM6_DAC_IRQHandler</STRONG> (Thumb, 0 bytes, Stack size 0 bytes, startup_stm32f429xx.o(.text))
<BR>[Address Reference Count : 1]<UL><LI> startup_stm32f429xx.o(RESET)
</UL>
<P><STRONG><a name="[41]"></a>TIM7_IRQHandler</STRONG> (Thumb, 0 bytes, Stack size 0 bytes, startup_stm32f429xx.o(.text))
<BR>[Address Reference Count : 1]<UL><LI> startup_stm32f429xx.o(RESET)
</UL>
<P><STRONG><a name="[35]"></a>TIM8_BRK_TIM12_IRQHandler</STRONG> (Thumb, 0 bytes, Stack size 0 bytes, startup_stm32f429xx.o(.text))
<BR>[Address Reference Count : 1]<UL><LI> startup_stm32f429xx.o(RESET)
</UL>
<P><STRONG><a name="[38]"></a>TIM8_CC_IRQHandler</STRONG> (Thumb, 0 bytes, Stack size 0 bytes, startup_stm32f429xx.o(.text))
<BR>[Address Reference Count : 1]<UL><LI> startup_stm32f429xx.o(RESET)
</UL>
<P><STRONG><a name="[37]"></a>TIM8_TRG_COM_TIM14_IRQHandler</STRONG> (Thumb, 0 bytes, Stack size 0 bytes, startup_stm32f429xx.o(.text))
<BR>[Address Reference Count : 1]<UL><LI> startup_stm32f429xx.o(RESET)
</UL>
<P><STRONG><a name="[36]"></a>TIM8_UP_TIM13_IRQHandler</STRONG> (Thumb, 0 bytes, Stack size 0 bytes, startup_stm32f429xx.o(.text))
<BR>[Address Reference Count : 1]<UL><LI> startup_stm32f429xx.o(RESET)
</UL>
<P><STRONG><a name="[3e]"></a>UART4_IRQHandler</STRONG> (Thumb, 0 bytes, Stack size 0 bytes, startup_stm32f429xx.o(.text))
<BR>[Address Reference Count : 1]<UL><LI> startup_stm32f429xx.o(RESET)
</UL>
<P><STRONG><a name="[3f]"></a>UART5_IRQHandler</STRONG> (Thumb, 0 bytes, Stack size 0 bytes, startup_stm32f429xx.o(.text))
<BR>[Address Reference Count : 1]<UL><LI> startup_stm32f429xx.o(RESET)
</UL>
<P><STRONG><a name="[5b]"></a>UART7_IRQHandler</STRONG> (Thumb, 0 bytes, Stack size 0 bytes, startup_stm32f429xx.o(.text))
<BR>[Address Reference Count : 1]<UL><LI> startup_stm32f429xx.o(RESET)
</UL>
<P><STRONG><a name="[5c]"></a>UART8_IRQHandler</STRONG> (Thumb, 0 bytes, Stack size 0 bytes, startup_stm32f429xx.o(.text))
<BR>[Address Reference Count : 1]<UL><LI> startup_stm32f429xx.o(RESET)
</UL>
<P><STRONG><a name="[30]"></a>USART2_IRQHandler</STRONG> (Thumb, 0 bytes, Stack size 0 bytes, startup_stm32f429xx.o(.text))
<BR>[Address Reference Count : 1]<UL><LI> startup_stm32f429xx.o(RESET)
</UL>
<P><STRONG><a name="[31]"></a>USART3_IRQHandler</STRONG> (Thumb, 0 bytes, Stack size 0 bytes, startup_stm32f429xx.o(.text))
<BR>[Address Reference Count : 1]<UL><LI> startup_stm32f429xx.o(RESET)
</UL>
<P><STRONG><a name="[51]"></a>USART6_IRQHandler</STRONG> (Thumb, 0 bytes, Stack size 0 bytes, startup_stm32f429xx.o(.text))
<BR>[Address Reference Count : 1]<UL><LI> startup_stm32f429xx.o(RESET)
</UL>
<P><STRONG><a name="[a]"></a>WWDG_IRQHandler</STRONG> (Thumb, 0 bytes, Stack size 0 bytes, startup_stm32f429xx.o(.text))
<BR>[Address Reference Count : 1]<UL><LI> startup_stm32f429xx.o(RESET)
</UL>
<P><STRONG><a name="[101]"></a>__user_initial_stackheap</STRONG> (Thumb, 0 bytes, Stack size unknown bytes, startup_stm32f429xx.o(.text))
<BR><BR>[Called By]<UL><LI><a href="#[e3]">&gt;&gt;</a>&nbsp;&nbsp;&nbsp;__user_setup_stackheap
</UL>

<P><STRONG><a name="[259]"></a>_tx_initialize_low_level</STRONG> (Thumb, 0 bytes, Stack size unknown bytes, tx_initialize_low_level.o(.text))
<BR><BR>[Called By]<UL><LI><a href="#[151]">&gt;&gt;</a>&nbsp;&nbsp;&nbsp;_tx_initialize_kernel_enter
</UL>

<P><STRONG><a name="[ed]"></a>__tx_BadHandler</STRONG> (Thumb, 0 bytes, Stack size unknown bytes, tx_initialize_low_level.o(.text), UNUSED)
<BR><BR>[Calls]<UL><LI><a href="#[ed]">&gt;&gt;</a>&nbsp;&nbsp;&nbsp;__tx_BadHandler
</UL>
<BR>[Called By]<UL><LI><a href="#[ed]">&gt;&gt;</a>&nbsp;&nbsp;&nbsp;__tx_BadHandler
</UL>

<P><STRONG><a name="[ee]"></a>__tx_HardfaultHandler</STRONG> (Thumb, 0 bytes, Stack size unknown bytes, tx_initialize_low_level.o(.text), UNUSED)
<BR><BR>[Calls]<UL><LI><a href="#[ee]">&gt;&gt;</a>&nbsp;&nbsp;&nbsp;__tx_HardfaultHandler
</UL>
<BR>[Called By]<UL><LI><a href="#[ee]">&gt;&gt;</a>&nbsp;&nbsp;&nbsp;__tx_HardfaultHandler
</UL>

<P><STRONG><a name="[ef]"></a>__tx_SVCallHandler</STRONG> (Thumb, 0 bytes, Stack size unknown bytes, tx_initialize_low_level.o(.text), UNUSED)
<BR><BR>[Calls]<UL><LI><a href="#[ef]">&gt;&gt;</a>&nbsp;&nbsp;&nbsp;__tx_SVCallHandler
</UL>
<BR>[Called By]<UL><LI><a href="#[ef]">&gt;&gt;</a>&nbsp;&nbsp;&nbsp;__tx_SVCallHandler
</UL>

<P><STRONG><a name="[289]"></a>__tx_IntHandler</STRONG> (Thumb, 0 bytes, Stack size unknown bytes, tx_initialize_low_level.o(.text), UNUSED)

<P><STRONG><a name="[9]"></a>SysTick_Handler</STRONG> (Thumb, 0 bytes, Stack size unknown bytes, tx_initialize_low_level.o(.text))
<BR><BR>[Stack]<UL><LI>Max Depth = 24 + Unknown Stack Size
<LI>Call Chain = SysTick_Handler &rArr; _tx_timer_interrupt &rArr; _tx_timer_expiration_process &rArr; _tx_thread_system_resume
</UL>
<BR>[Calls]<UL><LI><a href="#[f0]">&gt;&gt;</a>&nbsp;&nbsp;&nbsp;_tx_timer_interrupt
</UL>
<BR>[Address Reference Count : 1]<UL><LI> startup_stm32f429xx.o(RESET)
</UL>
<P><STRONG><a name="[28a]"></a>__tx_SysTickHandler</STRONG> (Thumb, 0 bytes, Stack size unknown bytes, tx_initialize_low_level.o(.text), UNUSED)

<P><STRONG><a name="[f1]"></a>__tx_NMIHandler</STRONG> (Thumb, 0 bytes, Stack size unknown bytes, tx_initialize_low_level.o(.text), UNUSED)
<BR><BR>[Calls]<UL><LI><a href="#[f1]">&gt;&gt;</a>&nbsp;&nbsp;&nbsp;__tx_NMIHandler
</UL>
<BR>[Called By]<UL><LI><a href="#[f1]">&gt;&gt;</a>&nbsp;&nbsp;&nbsp;__tx_NMIHandler
</UL>

[...]
</UL>
<P><STRONG><a name="[1d6]"></a>_gx_image_reader_jpeg_decode_blocks</STRONG> (Thumb, 4012 bytes, Stack size 120 bytes, gx_image_reader_jpeg_decode.o(.text._gx_image_reader_jpeg_decode_blocks))
<BR><BR>[Stack]<UL><LI>Max Depth = 900<LI>Call Chain = _gx_image_reader_jpeg_decode_blocks &rArr; _gx_image_reader_jpeg_one_block_decode &rArr; _gx_image_reader_jpeg_huffcode_find
</UL>
<BR>[Calls]<UL><LI><a href="#[1d7]">&gt;&gt;</a>&nbsp;&nbsp;&nbsp;_gx_image_reader_jpeg_one_block_decode
</UL>
<BR>[Called By]<UL><LI><a href="#[1b4]">&gt;&gt;</a>&nbsp;&nbsp;&nbsp;_gx_image_reader_jpeg_mcu_decode
<LI><a href="#[1d5]">&gt;&gt;</a>&nbsp;&nbsp;&nbsp;_gx_image_reader_jpeg_decode
</UL>

<P><STRONG><a name="[1d8]"></a>_gx_image_reader_jpeg_huffcode_find</STRONG> (Thumb, 548 bytes, Stack size 20 bytes, gx_image_reader_jpeg_decode.o(.text._gx_image_reader_jpeg_huffcode_find))
<BR><BR>[Stack]<UL><LI>Max Depth = 20<LI>Call Chain = _gx_image_reader_jpeg_huffcode_find
</UL>
<BR>[Called By]<UL><LI><a href="#[1d7]">&gt;&gt;</a>&nbsp;&nbsp;&nbsp;_gx_image_reader_jpeg_one_block_decode
</UL>

<P><STRONG><a name="[1d7]"></a>_gx_image_reader_jpeg_one_block_decode</STRONG> (Thumb, 6006 bytes, Stack size 760 bytes, gx_image_reader_jpeg_decode.o(.text._gx_image_reader_jpeg_one_block_decode))
<BR><BR>[Stack]<UL><LI>Max Depth = 780<LI>Call Chain = _gx_image_reader_jpeg_one_block_decode &rArr; _gx_image_reader_jpeg_huffcode_find
</UL>
<BR>[Calls]<UL><LI><a href="#[1d8]">&gt;&gt;</a>&nbsp;&nbsp;&nbsp;_gx_image_reader_jpeg_huffcode_find
<LI><a href="#[12a]">&gt;&gt;</a>&nbsp;&nbsp;&nbsp;__aeabi_memclr4
</UL>
<BR>[Called By]<UL><LI><a href="#[1d6]">&gt;&gt;</a>&nbsp;&nbsp;&nbsp;_gx_image_reader_jpeg_decode_blocks
</UL>

<P><STRONG><a name="[a8]"></a>_gx_image_reader_1555xrgb_pixel_read</STRONG> (Thumb, 58 bytes, Stack size 8 bytes, gx_image_reader_pixel_read_callback_set.o(.text._gx_image_reader_1555xrgb_pixel_read))
<BR><BR>[Stack]<UL><LI>Max Depth = 8<LI>Call Chain = _gx_image_reader_1555xrgb_pixel_read
</UL>
<BR>[Address Reference Count : 1]<UL><LI> gx_image_reader_pixel_read_callback_set.o(.text._gx_image_reader_pixel_read_callback_set)
</UL>
<P><STRONG><a name="[b0]"></a>_gx_image_reader_16bit_gray_alpha_read</STRONG> (Thumb, 32 bytes, Stack size 0 bytes, gx_image_reader_pixel_read_callback_set.o(.text._gx_image_reader_16bit_gray_alpha_read))
<BR>[Address Reference Count : 1]<UL><LI> gx_image_reader_pixel_read_callback_set.o(.text._gx_image_reader_pixel_read_callback_set)
</UL>
<P><STRONG><a name="[af]"></a>_gx_image_reader_16bit_gray_read</STRONG> (Thumb, 48 bytes, Stack size 0 bytes, gx_image_reader_pixel_read_callback_set.o(.text._gx_image_reader_16bit_gray_read))
<BR>[Address Reference Count : 1]<UL><LI> gx_image_reader_pixel_read_callback_set.o(.text._gx_image_reader_pixel_read_callback_set)
</UL>
<P><STRONG><a name="[a3]"></a>_gx_image_reader_1bit_pixel_read</STRONG> (Thumb, 86 bytes, Stack size 8 bytes, gx_image_reader_pixel_read_callback_set.o(.text._gx_image_reader_1bit_pixel_read))
<BR><BR>[Stack]<UL><LI>Max Depth = 8<LI>Call Chain = _gx_image_reader_1bit_pixel_read
</UL>
<BR>[Address Reference Count : 1]<UL><LI> gx_image_reader_pixel_read_callback_set.o(.text._gx_image_reader_pixel_read_callback_set)
</UL>
<P><STRONG><a name="[a5]"></a>_gx_image_reader_1bpp_pixel_read</STRONG> (Thumb, 42 bytes, Stack size 0 bytes, gx_image_reader_pixel_read_callback_set.o(.text._gx_image_reader_1bpp_pixel_read))
<BR>[Address Reference Count : 1]<UL><LI> gx_image_reader_pixel_read_callback_set.o(.text._gx_image_reader_pixel_read_callback_set)
</UL>
<P><STRONG><a name="[b7]"></a>_gx_image_reader_1bpp_transparent_read</STRONG> (Thumb, 58 bytes, Stack size 0 bytes, gx_image_reader_pixel_read_callback_set.o(.text._gx_image_reader_1bpp_transparent_read))
<BR>[Address Reference Count : 1]<UL><LI> gx_image_reader_pixel_read_callback_set.o(.text._gx_image_reader_pixel_read_callback_set)
</UL>
<P><STRONG><a name="[b2]"></a>_gx_image_reader_24bit_pixel_read</STRONG> (Thumb, 68 bytes, Stack size 8 bytes, gx_image_reader_pixel_read_callback_set.o(.text._gx_image_reader_24bit_pixel_read))
<BR><BR>[Stack]<UL><LI>Max Depth = 8<LI>Call Chain = _gx_image_reader_24bit_pixel_read
</UL>
<BR>[Address Reference Count : 1]<UL><LI> gx_image_reader_pixel_read_callback_set.o(.text._gx_image_reader_pixel_read_callback_set)
</UL>
<P><STRONG><a name="[ac]"></a>_gx_image_reader_2bit_pixel_read</STRONG> (Thumb, 88 bytes, Stack size 8 bytes, gx_image_reader_pixel_read_callback_set.o(.text._gx_image_reader_2bit_pixel_read))
<BR><BR>[Stack]<UL><LI>Max Depth = 8<LI>Call Chain = _gx_image_reader_2bit_pixel_read
</UL>
<BR>[Address Reference Count : 1]<UL><LI> gx_image_reader_pixel_read_callback_set.o(.text._gx_image_reader_pixel_read_callback_set)
</UL>
<P><STRONG><a name="[a4]"></a>_gx_image_reader_32argb_pixel_read</STRONG> (Thumb, 24 bytes, Stack size 0 bytes, gx_image_reader_pixel_read_callback_set.o(.text._gx_image_reader_32argb_pixel_read))
<BR>[Address Reference Count : 1]<UL><LI> gx_image_reader_pixel_read_callback_set.o(.text._gx_image_reader_pixel_read_callback_set)
</UL>
<P><STRONG><a name="[b1]"></a>_gx_image_reader_32bit_gray_alpha_read</STRONG> (Thumb, 24 bytes, Stack size 0 bytes, gx_image_reader_pixel_read_callback_set.o(.text._gx_image_reader_32bit_gray_alpha_read))
<BR>[Address Reference Count : 1]<UL><LI> gx_image_reader_pixel_read_callback_set.o(.text._gx_image_reader_pixel_read_callback_set)
</UL>
<P><STRONG><a name="[b3]"></a>_gx_image_reader_32bit_pixel_read</STRONG> (Thumb, 28 bytes, Stack size 0 bytes, gx_image_reader_pixel_read_callback_set.o(.text._gx_image_reader_32bit_pixel_read))
<BR>[Address Reference Count : 1]<UL><LI> gx_image_reader_pixel_read_callback_set.o(.text._gx_image_reader_pixel_read_callback_set)
</UL>
<P><STRONG><a name="[aa]"></a>_gx_image_reader_4444argb_pixel_read</STRONG> (Thumb, 34 bytes, Stack size 0 bytes, gx_image_reader_pixel_read_callback_set.o(.text._gx_image_reader_4444argb_pixel_read))
<BR>[Address Reference Count : 1]<UL><LI> gx_image_reader_pixel_read_callback_set.o(.text._gx_image_reader_pixel_read_callback_set)
</UL>
<P><STRONG><a name="[b4]"></a>_gx_image_reader_48bit_pixel_read</STRONG> (Thumb, 70 bytes, Stack size 8 bytes, gx_image_reader_pixel_read_callback_set.o(.text._gx_image_reader_48bit_pixel_read))
<BR><BR>[Stack]<UL><LI>Max Depth = 8<LI>Call Chain = _gx_image_reader_48bit_pixel_read
</UL>
<BR>[Address Reference Count : 1]<UL><LI> gx_image_reader_pixel_read_callback_set.o(.text._gx_image_reader_pixel_read_callback_set)
</UL>
<P><STRONG><a name="[a7]"></a>_gx_image_reader_4bit_grayscale_pixel_read</STRONG> (Thumb, 34 bytes, Stack size 0 bytes, gx_image_reader_pixel_read_callback_set.o(.text._gx_image_reader_4bit_grayscale_pixel_read))
<BR>[Address Reference Count : 1]<UL><LI> gx_image_reader_pixel_read_callback_set.o(.text._gx_image_reader_pixel_read_callback_set)
</UL>
<P><STRONG><a name="[a6]"></a>_gx_image_reader_4bit_grayscale_transparent_read</STRONG> (Thumb, 62 bytes, Stack size 0 bytes, gx_image_reader_pixel_read_callback_set.o(.text._gx_image_reader_4bit_grayscale_transparent_read))
<BR>[Address Reference Count : 1]<UL><LI> gx_image_reader_pixel_read_callback_set.o(.text._gx_image_reader_pixel_read_callback_set)
</UL>
<P><STRONG><a name="[ad]"></a>_gx_image_reader_4bit_pixel_read</STRONG> (Thumb, 88 bytes, Stack size 8 bytes, gx_image_reader_pixel_read_callback_set.o(.text._gx_image_reader_4bit_pixel_read))
<BR><BR>[Stack]<UL><LI>Max Depth = 8<LI>Call Chain = _gx_image_reader_4bit_pixel_read
</UL>
<BR>[Address Reference Count : 1]<UL><LI> gx_image_reader_pixel_read_callback_set.o(.text._gx_image_reader_pixel_read_callback_set)
</UL>
<P><STRONG><a name="[a9]"></a>_gx_image_reader_565rgb_pixel_read</STRONG> (Thumb, 56 bytes, Stack size 0 bytes, gx_image_reader_pixel_read_callback_set.o(.text._gx_image_reader_565rgb_pixel_read))
<BR>[Address Reference Count : 1]<UL><LI> gx_image_reader_pixel_read_callback_set.o(.text._gx_image_reader_pixel_read_callback_set)
</UL>
<P><STRONG><a name="[b5]"></a>_gx_image_reader_64bit_pixel_read</STRONG> (Thumb, 28 bytes, Stack size 0 bytes, gx_image_reader_pixel_read_callback_set.o(.text._gx_image_reader_64bit_pixel_read))
<BR>[Address Reference Count : 1]<UL><LI> gx_image_reader_pixel_read_callback_set.o(.text._gx_image_reader_pixel_read_callback_set)
</UL>
<P><STRONG><a name="[ab]"></a>_gx_image_reader_8bit_alpha_read</STRONG> (Thumb, 16 bytes, Stack size 0 bytes, gx_image_reader_pixel_read_callback_set.o(.text._gx_image_reader_8bit_alpha_read))
<BR>[Address Reference Count : 1]<UL><LI> gx_image_reader_pixel_read_callback_set.o(.text._gx_image_reader_pixel_read_callback_set)
</UL>
<P><STRONG><a name="[b6]"></a>_gx_image_reader_8bit_palette_pixel_read</STRONG> (Thumb, 58 bytes, Stack size 0 bytes, gx_image_reader_pixel_read_callback_set.o(.text._gx_image_reader_8bit_palette_pixel_read))
<BR>[Address Reference Count : 1]<UL><LI> gx_image_reader_pixel_read_callback_set.o(.text._gx_image_reader_pixel_read_callback_set)
</UL>
<P><STRONG><a name="[ae]"></a>_gx_image_reader_8bit_pixel_read</STRONG> (Thumb, 72 bytes, Stack size 0 bytes, gx_image_reader_pixel_read_callback_set.o(.text._gx_image_reader_8bit_pixel_read))
<BR>[Address Reference Count : 1]<UL><LI> gx_image_reader_pixel_read_callback_set.o(.text._gx_image_reader_pixel_read_callback_set)
</UL>
<P><STRONG><a name="[c1]"></a>_gx_image_reader_1555xrgb_pixel_write</STRONG> (Thumb, 82 bytes, Stack size 16 bytes, gx_image_reader_pixel_write_callback_set.o(.text._gx_image_reader_1555xrgb_pixel_write))
<BR><BR>[Stack]<UL><LI>Max Depth = 16<LI>Call Chain = _gx_image_reader_1555xrgb_pixel_write
</UL>
<BR>[Address Reference Count : 1]<UL><LI> gx_image_reader_pixel_write_callback_set.o(.text._gx_image_reader_pixel_write_callback_set)
</UL>
<P><STRONG><a name="[c6]"></a>_gx_image_reader_1555xrgb_rle_pixel_write</STRONG> (Thumb, 88 bytes, Stack size 16 bytes, gx_image_reader_pixel_write_callback_set.o(.text._gx_image_reader_1555xrgb_rle_pixel_write))
<BR><BR>[Stack]<UL><LI>Max Depth = 16<LI>Call Chain = _gx_image_reader_1555xrgb_rle_pixel_write
</UL>
<BR>[Address Reference Count : 1]<UL><LI> gx_image_reader_pixel_write_callback_set.o(.text._gx_image_reader_pixel_write_callback_set)
</UL>
<P><STRONG><a name="[b9]"></a>_gx_image_reader_24xrgb_pixel_write</STRONG> (Thumb, 48 bytes, Stack size 0 bytes, gx_image_reader_pixel_write_callback_set.o(.text._gx_image_reader_24xrgb_pixel_write))
<BR>[Address Reference Count : 1]<UL><LI> gx_image_reader_pixel_write_callback_set.o(.text._gx_image_reader_pixel_write_callback_set)
</UL>
<P><STRONG><a name="[c0]"></a>_gx_image_reader_32argb_pixel_write</STRONG> (Thumb, 54 bytes, Stack size 8 bytes, gx_image_reader_pixel_write_callback_set.o(.text._gx_image_reader_32argb_pixel_write))
<BR><BR>[Stack]<UL><LI>Max Depth = 8<LI>Call Chain = _gx_image_reader_32argb_pixel_write
</UL>
<BR>[Address Reference Count : 1]<UL><LI> gx_image_reader_pixel_write_callback_set.o(.text._gx_image_reader_pixel_write_callback_set)
</UL>
<P><STRONG><a name="[bf]"></a>_gx_image_reader_4444argb_pixel_write</STRONG> (Thumb, 82 bytes, Stack size 16 bytes, gx_image_reader_pixel_write_callback_set.o(.text._gx_image_reader_4444argb_pixel_write))
<BR><BR>[Stack]<UL><LI>Max Depth = 16<LI>Call Chain = _gx_image_reader_4444argb_pixel_write
</UL>
<BR>[Address Reference Count : 1]<UL><LI> gx_image_reader_pixel_write_callback_set.o(.text._gx_image_reader_pixel_write_callback_set)
</UL>
<P><STRONG><a name="[c5]"></a>_gx_image_reader_4444argb_transparent_write</STRONG> (Thumb, 78 bytes, Stack size 20 bytes, gx_image_reader_pixel_write_callback_set.o(.text._gx_image_reader_4444argb_transparent_write))
<BR><BR>[Stack]<UL><LI>Max Depth = 20<LI>Call Chain = _gx_image_reader_4444argb_transparent_write
</UL>
<BR>[Address Reference Count : 1]<UL><LI> gx_image_reader_pixel_write_callback_set.o(.text._gx_image_reader_pixel_write_callback_set)
</UL>
<P><STRONG><a name="[bd]"></a>_gx_image_reader_4bit_grayscale_pixel_write</STRONG> (Thumb, 104 bytes, Stack size 24 bytes, gx_image_reader_pixel_write_callback_set.o(.text._gx_image_reader_4bit_grayscale_pixel_write))
<BR><BR>[Stack]<UL><LI>Max Depth = 24<LI>Call Chain = _gx_image_reader_4bit_grayscale_pixel_write
</UL>
<BR>[Calls]<UL><LI><a href="#[1cf]">&gt;&gt;</a>&nbsp;&nbsp;&nbsp;_gx_image_reader_rgb2gray
</UL>
<BR>[Address Reference Count : 1]<UL><LI> gx_image_reader_pixel_write_callback_set.o(.text._gx_image_reader_pixel_write_callback_set)
</UL>
<P><STRONG><a name="[bc]"></a>_gx_image_reader_4bit_grayscale_transparent_write</STRONG> (Thumb, 204 bytes, Stack size 24 bytes, gx_image_reader_pixel_write_callback_set.o(.text._gx_image_reader_4bit_grayscale_transparent_write))
<BR><BR>[Stack]<UL><LI>Max Depth = 24<LI>Call Chain = _gx_image_reader_4bit_grayscale_transparent_write
</UL>
<BR>[Calls]<UL><LI><a href="#[1cf]">&gt;&gt;</a>&nbsp;&nbsp;&nbsp;_gx_image_reader_rgb2gray
</UL>
<BR>[Address Reference Count : 1]<UL><LI> gx_image_reader_pixel_write_callback_set.o(.text._gx_image_reader_pixel_write_callback_set)
</UL>
<P><STRONG><a name="[c3]"></a>_gx_image_reader_565rgb_pixel_write</STRONG> (Thumb, 82 bytes, Stack size 16 bytes, gx_image_reader_pixel_write_callback_set.o(.text._gx_image_reader_565rgb_pixel_write))
<BR><BR>[Stack]<UL><LI>Max Depth = 16<LI>Call Chain = _gx_image_reader_565rgb_pixel_write
</UL>
<BR>[Address Reference Count : 1]<UL><LI> gx_image_reader_pixel_write_callback_set.o(.text._gx_image_reader_pixel_write_callback_set)
</UL>
<P><STRONG><a name="[c2]"></a>_gx_image_reader_565rgb_rle_pixel_write</STRONG> (Thumb, 88 bytes, Stack size 16 bytes, gx_image_reader_pixel_write_callback_set.o(.text._gx_image_reader_565rgb_rle_pixel_write))
<BR><BR>[Stack]<UL><LI>Max Depth = 16<LI>Call Chain = _gx_image_reader_565rgb_rle_pixel_write
</UL>
<BR>[Address Reference Count : 1]<UL><LI> gx_image_reader_pixel_write_callback_set.o(.text._gx_image_reader_pixel_write_callback_set)
</UL>
<P><STRONG><a name="[b8]"></a>_gx_image_reader_565rgb_rotated_pixel_write</STRONG> (Thumb, 106 bytes, Stack size 16 bytes, gx_image_reader_pixel_write_callback_set.o(.text._gx_image_reader_565rgb_rotated_pixel_write))
<BR><BR>[Stack]<UL><LI>Max Depth = 16<LI>Call Chain = _gx_image_reader_565rgb_rotated_pixel_write
</UL>
<BR>[Address Reference Count : 1]<UL><LI> gx_image_reader_pixel_write_callback_set.o(.text._gx_image_reader_pixel_write_callback_set)
</UL>
<P><STRONG><a name="[c4]"></a>_gx_image_reader_8bit_alpha_write</STRONG> (Thumb, 22 bytes, Stack size 0 bytes, gx_image_reader_pixel_write_callback_set.o(.text._gx_image_reader_8bit_alpha_write))
<BR>[Address Reference Count : 1]<UL><LI> gx_image_reader_pixel_write_callback_set.o(.text._gx_image_reader_pixel_write_callback_set)
</UL>
<P><STRONG><a name="[be]"></a>_gx_image_reader_8bit_palette_write</STRONG> (Thumb, 58 bytes, Stack size 24 bytes, gx_image_reader_pixel_write_callback_set.o(.text._gx_image_reader_8bit_palette_write))
<BR><BR>[Stack]<UL><LI>Max Depth = 76<LI>Call Chain = _gx_image_reader_8bit_palette_write &rArr; _gx_image_reader_nearest_palette_color_get
</UL>
<BR>[Calls]<UL><LI><a href="#[1d0]">&gt;&gt;</a>&nbsp;&nbsp;&nbsp;_gx_image_reader_nearest_palette_color_get
</UL>
<BR>[Address Reference Count : 1]<UL><LI> gx_image_reader_pixel_write_callback_set.o(.text._gx_image_reader_pixel_write_callback_set)
</UL>
<P><STRONG><a name="[bb]"></a>_gx_image_reader_monochrome_pixel_write</STRONG> (Thumb, 160 bytes, Stack size 24 bytes, gx_image_reader_pixel_write_callback_set.o(.text._gx_image_reader_monochrome_pixel_write))
<BR><BR>[Stack]<UL><LI>Max Depth = 24<LI>Call Chain = _gx_image_reader_monochrome_pixel_write
</UL>
<BR>[Calls]<UL><LI><a href="#[1cf]">&gt;&gt;</a>&nbsp;&nbsp;&nbsp;_gx_image_reader_rgb2gray
</UL>
<BR>[Address Reference Count : 1]<UL><LI> gx_image_reader_pixel_write_callback_set.o(.text._gx_image_reader_pixel_write_callback_set)
</UL>
<P><STRONG><a name="[ba]"></a>_gx_image_reader_monochrome_transparent_write</STRONG> (Thumb, 218 bytes, Stack size 24 bytes, gx_image_reader_pixel_write_callback_set.o(.text._gx_image_reader_monochrome_transparent_write))
<BR><BR>[Stack]<UL><LI>Max Depth = 24<LI>Call Chain = _gx_image_reader_monochrome_transparent_write
</UL>
<BR>[Calls]<UL><LI><a href="#[1cf]">&gt;&gt;</a>&nbsp;&nbsp;&nbsp;_gx_image_reader_rgb2gray
</UL>
<BR>[Address Reference Count : 1]<UL><LI> gx_image_reader_pixel_write_callback_set.o(.text._gx_image_reader_pixel_write_callback_set)
</UL>
<P><STRONG><a name="[1db]"></a>_gx_image_reader_png_bits_get</STRONG> (Thumb, 554 bytes, Stack size 72 bytes, gx_image_reader_png_decode.o(.text._gx_image_reader_png_bits_get))
<BR><BR>[Stack]<UL><LI>Max Depth = 72<LI>Call Chain = _gx_image_reader_png_bits_get
</UL>
<BR>[Called By]<UL><LI><a href="#[1d4]">&gt;&gt;</a>&nbsp;&nbsp;&nbsp;_gx_image_reader_png_decode
<LI><a href="#[1dc]">&gt;&gt;</a>&nbsp;&nbsp;&nbsp;_gx_image_reader_png_huffcode_decode
</UL>

<P><STRONG><a name="[1dc]"></a>_gx_image_reader_png_huffcode_decode</STRONG> (Thumb, 1578 bytes, Stack size 96 bytes, gx_image_reader_png_decode.o(.text._gx_image_reader_png_huffcode_decode))
<BR><BR>[Stack]<UL><LI>Max Depth = 168<LI>Call Chain = _gx_image_reader_png_huffcode_decode &rArr; _gx_image_reader_png_bits_get
</UL>
<BR>[Calls]<UL><LI><a href="#[1db]">&gt;&gt;</a>&nbsp;&nbsp;&nbsp;_gx_image_reader_png_bits_get
<LI><a href="#[f8]">&gt;&gt;</a>&nbsp;&nbsp;&nbsp;__aeabi_memcpy
</UL>
<BR>[Called By]<UL><LI><a href="#[1d4]">&gt;&gt;</a>&nbsp;&nbsp;&nbsp;_gx_image_reader_png_decode
</UL>

<P><STRONG><a name="[1e1]"></a>_gx_image_reader_rle_count_write</STRONG> (Thumb, 224 bytes, Stack size 16 bytes, gx_image_reader_rle_encode.o(.text._gx_image_reader_rle_count_write))
<BR><BR>[Stack]<UL><LI>Max Depth = 16<LI>Call Chain = _gx_image_reader_rle_count_write
</UL>
<BR>[Called By]<UL><LI><a href="#[1df]">&gt;&gt;</a>&nbsp;&nbsp;&nbsp;_gx_image_reader_rle_one_row_encode
</UL>

<P><STRONG><a name="[1df]"></a>_gx_image_reader_rle_one_row_encode</STRONG> (Thumb, 500 bytes, Stack size 64 bytes, gx_image_reader_rle_encode.o(.text._gx_image_reader_rle_one_row_encode))
<BR><BR>[Stack]<UL><LI>Max Depth = 80<LI>Call Chain = _gx_image_reader_rle_one_row_encode &rArr; _gx_image_reader_rle_count_write
</UL>
<BR>[Calls]<UL><LI><a href="#[1e1]">&gt;&gt;</a>&nbsp;&nbsp;&nbsp;_gx_image_reader_rle_count_write
</UL>
<BR>[Called By]<UL><LI><a href="#[1e0]">&gt;&gt;</a>&nbsp;&nbsp;&nbsp;_gx_image_reader_rle_encode_size_get
<LI><a href="#[1de]">&gt;&gt;</a>&nbsp;&nbsp;&nbsp;_gx_image_reader_rle_encode
</UL>

<P><STRONG><a name="[262]"></a>gx_studio_nested_widget_create</STRONG> (Thumb, 414 bytes, Stack size 40 bytes, guiapp_specifications.o(.text.gx_studio_nested_widget_create))
<BR><BR>[Stack]<UL><LI>Max Depth = 224 + In Cycle
<LI>Call Chain = gx_studio_nested_widget_create &rArr;  gx_studio_nested_widget_create (Cycle)
</UL>
<BR>[Calls]<UL><LI><a href="#[239]">&gt;&gt;</a>&nbsp;&nbsp;&nbsp;_gxe_menu_insert
<LI><a href="#[240]">&gt;&gt;</a>&nbsp;&nbsp;&nbsp;_gxe_widget_allocate
<LI><a href="#[246]">&gt;&gt;</a>&nbsp;&nbsp;&nbsp;_gxe_widget_fill_color_set
<LI><a href="#[244]">&gt;&gt;</a>&nbsp;&nbsp;&nbsp;_gxe_widget_event_process_set
<LI><a href="#[241]">&gt;&gt;</a>&nbsp;&nbsp;&nbsp;_gxe_widget_draw_set
<LI><a href="#[247]">&gt;&gt;</a>&nbsp;&nbsp;&nbsp;_gxe_widget_status_remove
<LI><a href="#[262]">&gt;&gt;</a>&nbsp;&nbsp;&nbsp;gx_studio_nested_widget_create
</UL>
<BR>[Called By]<UL><LI><a href="#[10f]">&gt;&gt;</a>&nbsp;&nbsp;&nbsp;gx_studio_named_widget_create
<LI><a href="#[262]">&gt;&gt;</a>&nbsp;&nbsp;&nbsp;gx_studio_nested_widget_create
</UL>
<P>
<H3>
Undefined Global Symbols
</H3><HR></body></html>
