<html>
<body>
<pre>
<h1>礦ision Build Log</h1>
<h2>Tool Versions:</h2>
IDE-Version: μVision V5.31.0.0
Copyright (C) 2020 ARM Ltd and ARM Germany GmbH. All rights reserved.
License Information: 1 w, 2, LIC=14HV2-9RJ2W-RAHDM-X7E2R-A7NGW-K2R2A
 
Tool Versions:
Toolchain:       MDK-ARM Plus  Version: 5.31.0.0
Toolchain Path:  D:\keil 5\ARM\ARMCLANG\Bin
C Compiler:      ArmClang.exe V6.14
Assembler:       Armasm.exe V6.14
Linker/Locator:  ArmLink.exe V6.14
Library Manager: ArmAr.exe V6.14
Hex Converter:   FromElf.exe V6.14
CPU DLL:         SARMCM3.DLL V5.31.0.0
Dialog DLL:      DCM.DLL V1.17.3.0
Target DLL:      CMSIS_AGDI.dll V1.32.6.0
Dialog DLL:      TCM.DLL V1.46.0.0
 
<h2>Project:</h2>
E:\STM32_WorkSpace\AZRTOS_ThreadX\MDK-ARM\AZRTOS_ThreadX.uvprojx
Project File Date:  10/13/2021

<h2>Output:</h2>
*** Using Compiler 'V6.14', folder: 'D:\keil 5\ARM\ARMCLANG\Bin'
Build target 'AZRTOS_ThreadX'
assembling startup_stm32f429xx.s...
compiling app_threadx.c...
assembling tx_initialize_low_level.s...
compiling stm32f4xx_hal_timebase_tim.c...
compiling stm32f4xx_it.c...
compiling main.c...
compiling stm32f4xx_hal_msp.c...
compiling LEDTask.c...
compiling IDLE.c...
../AZURE_RTOS/User_App/SYSTASK.c(35): warning: illegal character encoding in string literal [-Winvalid-source-encoding]
                Printf((uint8_t *)"CPU使<D3><C3><C2>剩<BA>0x", sizeof("CPU使<D3><C3><C2>剩<BA>0x"));
                                       ^~~~~~~~~~~~ ~~~~
../AZURE_RTOS/User_App/SYSTASK.c(35): warning: illegal character encoding in string literal [-Winvalid-source-encoding]
                Printf((uint8_t *)"CPU使<D3><C3><C2>剩<BA>0x", sizeof("CPU使<D3><C3><C2>剩<BA>0x"));
                                                                         ^~~~~~~~~~~~ ~~~~
2 warnings generated.
compiling SYSTASK.c...
compiling app_azure_rtos.c...
compiling UART.c...
compiling stm32f4xx_hal_rcc.c...
compiling stm32f4xx_ll_sdmmc.c...
compiling stm32f4xx_hal_flash_ramfunc.c...
compiling stm32f4xx_hal_flash.c...
compiling stm32f4xx_hal_rcc_ex.c...
compiling stm32f4xx_hal_flash_ex.c...
compiling stm32f4xx_hal_gpio.c...
compiling stm32f4xx_hal_dma_ex.c...
compiling stm32f4xx_hal_pwr.c...
compiling stm32f4xx_hal_pwr_ex.c...
compiling stm32f4xx_hal_cortex.c...
compiling stm32f4xx_hal_dma.c...
compiling stm32f4xx_hal.c...
compiling stm32f4xx_hal_exti.c...
compiling stm32f4xx_hal_pcd_ex.c...
compiling stm32f4xx_hal_tim_ex.c...
compiling stm32f4xx_hal_pcd.c...
compiling stm32f4xx_hal_sd.c...
compiling system_stm32f4xx.c...
compiling tx_initialize_high_level.c...
compiling tx_initialize_kernel_enter.c...
compiling tx_initialize_kernel_setup.c...
compiling stm32f4xx_hal_uart.c...
compiling tx_block_allocate.c...
compiling stm32f4xx_ll_usb.c...
compiling tx_block_pool_cleanup.c...
compiling tx_block_pool_create.c...
compiling tx_block_pool_info_get.c...
compiling tx_block_pool_delete.c...
compiling stm32f4xx_hal_tim.c...
compiling tx_block_pool_initialize.c...
compiling tx_block_pool_prioritize.c...
compiling tx_block_release.c...
compiling tx_byte_allocate.c...
compiling tx_byte_pool_delete.c...
compiling tx_byte_pool_create.c...
compiling tx_byte_pool_cleanup.c...
compiling tx_byte_pool_info_get.c...
compiling tx_byte_pool_initialize.c...
compiling tx_byte_pool_prioritize.c...
compiling tx_byte_pool_search.c...
compiling tx_event_flags_cleanup.c...
compiling tx_byte_release.c...
compiling tx_event_flags_create.c...
compiling tx_event_flags_delete.c...
compiling tx_event_flags_get.c...
compiling tx_event_flags_info_get.c...
compiling tx_event_flags_initialize.c...
compiling tx_event_flags_set_notify.c...
compiling tx_mutex_create.c...
compiling tx_event_flags_set.c...
compiling tx_mutex_cleanup.c...
compiling tx_mutex_delete.c...
compiling tx_mutex_get.c...
compiling tx_mutex_info_get.c...
compiling tx_mutex_initialize.c...
compiling tx_mutex_prioritize.c...
compiling tx_mutex_priority_change.c...
compiling tx_mutex_put.c...
compiling tx_queue_cleanup.c...
compiling tx_queue_create.c...
compiling tx_queue_delete.c...
compiling tx_queue_flush.c...
compiling tx_queue_info_get.c...
compiling tx_queue_initialize.c...
compiling tx_queue_front_send.c...
compiling tx_queue_prioritize.c...
compiling tx_queue_receive.c...
compiling tx_queue_send_notify.c...
compiling tx_queue_send.c...
compiling tx_semaphore_ceiling_put.c...
compiling tx_semaphore_create.c...
compiling tx_semaphore_cleanup.c...
compiling tx_semaphore_delete.c...
compiling tx_semaphore_get.c...
compiling tx_semaphore_info_get.c...
compiling tx_semaphore_initialize.c...
compiling tx_semaphore_prioritize.c...
compiling tx_semaphore_put_notify.c...
compiling tx_semaphore_put.c...
compiling tx_thread_create.c...
compiling tx_thread_delete.c...
compiling tx_thread_entry_exit_notify.c...
compiling tx_thread_identify.c...
compiling tx_thread_info_get.c...
compiling tx_thread_initialize.c...
compiling tx_thread_preemption_change.c...
compiling tx_thread_priority_change.c...
compiling tx_thread_reset.c...
compiling tx_thread_relinquish.c...
compiling tx_thread_resume.c...
compiling tx_thread_sleep.c...
compiling tx_thread_shell_entry.c...
compiling tx_thread_stack_analyze.c...
compiling tx_thread_stack_error_handler.c...
compiling tx_thread_stack_error_notify.c...
compiling tx_thread_system_preempt_check.c...
compiling tx_thread_suspend.c...
compiling tx_thread_system_suspend.c...
compiling tx_thread_system_resume.c...
compiling tx_thread_time_slice.c...
compiling tx_thread_terminate.c...
compiling tx_thread_time_slice_change.c...
compiling tx_thread_timeout.c...
compiling tx_thread_wait_abort.c...
compiling tx_time_get.c...
compiling tx_time_set.c...
compiling txe_block_allocate.c...
compiling txe_block_pool_info_get.c...
compiling txe_block_pool_create.c...
compiling txe_block_pool_delete.c...
compiling txe_block_pool_prioritize.c...
compiling txe_block_release.c...
compiling txe_byte_allocate.c...
compiling txe_byte_pool_create.c...
compiling txe_byte_pool_info_get.c...
compiling txe_byte_pool_prioritize.c...
compiling txe_byte_pool_delete.c...
compiling txe_byte_release.c...
compiling txe_event_flags_delete.c...
compiling txe_event_flags_create.c...
compiling txe_event_flags_info_get.c...
compiling txe_event_flags_get.c...
compiling txe_event_flags_set.c...
compiling txe_event_flags_set_notify.c...
compiling txe_mutex_create.c...
compiling txe_mutex_delete.c...
compiling txe_mutex_get.c...
compiling txe_mutex_info_get.c...
compiling txe_mutex_put.c...
compiling txe_mutex_prioritize.c...
compiling txe_queue_create.c...
compiling txe_queue_delete.c...
compiling txe_queue_flush.c...
compiling txe_queue_info_get.c...
compiling txe_queue_front_send.c...
compiling txe_queue_prioritize.c...
compiling txe_queue_receive.c...
compiling txe_queue_send.c...
compiling txe_queue_send_notify.c...
compiling txe_semaphore_ceiling_put.c...
compiling txe_semaphore_delete.c...
compiling txe_semaphore_create.c...
compiling txe_semaphore_get.c...
compiling txe_semaphore_info_get.c...
compiling txe_semaphore_prioritize.c...
compiling txe_semaphore_put.c...
compiling txe_semaphore_put_notify.c...
compiling txe_thread_delete.c...
compiling txe_thread_entry_exit_notify.c...
compiling txe_thread_create.c...
compiling txe_thread_info_get.c...
compiling txe_thread_preemption_change.c...
compiling txe_thread_priority_change.c...
compiling txe_thread_relinquish.c...
compiling txe_thread_reset.c...
compiling txe_thread_resume.c...
compiling txe_thread_suspend.c...
compiling txe_thread_time_slice_change.c...
compiling txe_thread_wait_abort.c...
compiling txe_thread_terminate.c...
compiling tx_timer_activate.c...
compiling tx_timer_change.c...
compiling tx_timer_create.c...
compiling tx_timer_delete.c...
compiling tx_timer_deactivate.c...
compiling tx_timer_expiration_process.c...
compiling tx_timer_initialize.c...
compiling tx_timer_info_get.c...
compiling tx_timer_system_activate.c...
compiling tx_timer_system_deactivate.c...
compiling txe_timer_activate.c...
compiling txe_timer_change.c...
compiling tx_timer_thread_entry.c...
compiling txe_timer_deactivate.c...
compiling txe_timer_create.c...
compiling txe_timer_delete.c...
compiling txe_timer_info_get.c...
compiling app_filex.c...
compiling fx_directory_attributes_read.c...
compiling SDIO_drive.c...
compiling SDIO.c...
compiling fx_directory_attributes_set.c...
compiling SDTask.c...
compiling fx_directory_create.c...
compiling fx_directory_default_get.c...
compiling fx_directory_default_get_copy.c...
compiling fx_directory_delete.c...
compiling fx_directory_default_set.c...
compiling fx_directory_exFAT_entry_read.c...
compiling fx_directory_exFAT_entry_write.c...
compiling fx_directory_exFAT_free_search.c...
compiling fx_directory_entry_read.c...
compiling fx_directory_entry_write.c...
compiling fx_directory_exFAT_unicode_entry_write.c...
compiling fx_directory_first_full_entry_find.c...
compiling fx_directory_first_entry_find.c...
compiling fx_directory_information_get.c...
compiling fx_directory_free_search.c...
compiling fx_directory_local_path_clear.c...
compiling fx_directory_local_path_get.c...
compiling fx_directory_local_path_get_copy.c...
compiling fx_directory_local_path_restore.c...
compiling fx_directory_long_name_get.c...
compiling fx_directory_local_path_set.c...
compiling fx_directory_name_extract.c...
compiling fx_directory_long_name_get_extended.c...
compiling fx_directory_name_test.c...
compiling fx_directory_next_entry_find.c...
compiling fx_directory_short_name_get.c...
compiling fx_directory_next_full_entry_find.c...
compiling fx_directory_rename.c...
compiling fx_fault_tolerant_add_bitmap_log.c...
compiling fx_directory_short_name_get_extended.c...
compiling fx_fault_tolerant_add_dir_log.c...
compiling fx_fault_tolerant_add_checksum_log.c...
compiling fx_fault_tolerant_add_FAT_log.c...
compiling fx_fault_tolerant_apply_logs.c...
compiling fx_directory_search.c...
compiling fx_fault_tolerant_calculate_checksum.c...
compiling fx_fault_tolerant_cleanup_FAT_chain.c...
compiling fx_fault_tolerant_create_log_file.c...
compiling fx_fault_tolerant_read_directory_sector.c...
compiling fx_fault_tolerant_enable.c...
compiling fx_fault_tolerant_read_FAT.c...
compiling fx_fault_tolerant_recover.c...
compiling fx_fault_tolerant_read_log_file.c...
compiling fx_fault_tolerant_reset_log_file.c...
compiling fx_fault_tolerant_set_FAT_chain.c...
compiling fx_fault_tolerant_transaction_end.c...
compiling fx_fault_tolerant_transaction_fail.c...
compiling fx_fault_tolerant_transaction_start.c...
compiling fx_fault_tolerant_write_log_file.c...
compiling fx_file_allocate.c...
compiling fx_file_attributes_read.c...
compiling fx_file_best_effort_allocate.c...
compiling fx_file_attributes_set.c...
compiling fx_file_close.c...
compiling fx_file_date_time_set.c...
compiling fx_file_create.c...
compiling fx_file_delete.c...
compiling fx_file_extended_allocate.c...
compiling fx_file_extended_relative_seek.c...
compiling fx_file_extended_best_effort_allocate.c...
compiling fx_file_extended_seek.c...
compiling fx_file_extended_truncate.c...
compiling fx_file_open.c...
compiling fx_file_extended_truncate_release.c...
compiling fx_file_read.c...
compiling fx_file_relative_seek.c...
compiling fx_file_seek.c...
compiling fx_file_rename.c...
compiling fx_file_truncate.c...
compiling fx_file_truncate_release.c...
compiling fx_file_write_notify_set.c...
compiling fx_media_abort.c...
compiling fx_media_boot_info_extract.c...
compiling fx_file_write.c...
compiling fx_media_cache_invalidate.c...
compiling fx_media_check_FAT_chain_check.c...
compiling fx_media_check_lost_cluster_check.c...
compiling fx_media_check.c...
compiling fx_media_close_notify_set.c...
compiling fx_media_close.c...
compiling fx_media_exFAT_format.c...
compiling fx_media_extended_space_available.c...
compiling fx_media_flush.c...
compiling fx_media_format_oem_name_set.c...
compiling fx_media_format_type_set.c...
compiling fx_media_format_volume_id_set.c...
compiling fx_media_format.c...
compiling fx_media_open_notify_set.c...
compiling fx_media_open.c...
compiling fx_media_read.c...
compiling fx_media_space_available.c...
compiling fx_media_volume_get.c...
compiling fx_media_write.c...
compiling fx_media_volume_get_extended.c...
compiling fx_media_volume_set.c...
compiling fx_system_date_get.c...
compiling fx_system_date_set.c...
compiling fx_partition_offset_calculate.c...
compiling fx_system_initialize.c...
compiling fx_system_time_set.c...
compiling fx_system_time_get.c...
compiling fx_system_timer_entry.c...
compiling fx_unicode_directory_create.c...
compiling fx_unicode_directory_entry_change.c...
compiling fx_unicode_directory_rename.c...
compiling fx_unicode_file_create.c...
compiling fx_unicode_directory_entry_read.c...
compiling fx_unicode_file_rename.c...
compiling fx_unicode_directory_search.c...
compiling fx_unicode_length_get.c...
compiling fx_unicode_length_get_extended.c...
compiling fx_unicode_name_get.c...
compiling fx_unicode_name_get_extended.c...
compiling fx_unicode_short_name_get.c...
compiling fx_unicode_short_name_get_extended.c...
compiling fx_utility_16_unsigned_read.c...
compiling fx_utility_16_unsigned_write.c...
compiling fx_utility_32_unsigned_read.c...
compiling fx_utility_32_unsigned_write.c...
compiling fx_utility_64_unsigned_read.c...
compiling fx_utility_64_unsigned_write.c...
compiling fx_utility_absolute_path_get.c...
compiling fx_utility_exFAT_allocate_new_cluster.c...
compiling fx_utility_exFAT_bitmap_cache_prepare.c...
compiling fx_utility_exFAT_bitmap_cache_update.c...
compiling fx_utility_exFAT_bitmap_flush.c...
compiling fx_utility_exFAT_bitmap_free_cluster_find.c...
compiling fx_utility_exFAT_bitmap_initialize.c...
compiling fx_utility_exFAT_bitmap_start_sector_get.c...
compiling fx_utility_exFAT_cluster_state_get.c...
compiling fx_utility_exFAT_cluster_state_set.c...
compiling fx_utility_exFAT_cluster_free.c...
compiling fx_utility_exFAT_geometry_check.c...
compiling fx_utility_exFAT_name_hash_get.c...
compiling fx_utility_exFAT_size_calculate.c...
compiling fx_utility_exFAT_system_area_checksum_verify.c...
compiling fx_utility_exFAT_system_area_checksum_write.c...
compiling fx_utility_exFAT_system_area_format.c...
compiling fx_utility_exFAT_system_sector_write.c...
compiling fx_utility_exFAT_unicode_name_hash_get.c...
compiling fx_utility_exFAT_upcase_table.c...
compiling fx_utility_FAT_entry_read.c...
compiling fx_utility_FAT_entry_write.c...
compiling fx_utility_FAT_sector_get.c...
compiling fx_utility_FAT_map_flush.c...
compiling fx_utility_FAT_flush.c...
compiling fx_utility_logical_sector_cache_entry_read.c...
compiling fx_utility_logical_sector_write.c...
compiling fx_utility_logical_sector_read.c...
compiling fx_utility_memory_copy.c...
compiling fx_utility_memory_set.c...
compiling fx_utility_string_length_get.c...
compiling fx_utility_token_length_get.c...
compiling fx_utility_logical_sector_flush.c...
compiling fxe_directory_attributes_read.c...
compiling fxe_directory_attributes_set.c...
compiling fxe_directory_create.c...
compiling fxe_directory_default_get_copy.c...
compiling fxe_directory_default_get.c...
compiling fxe_directory_delete.c...
compiling fxe_directory_default_set.c...
compiling fxe_directory_first_entry_find.c...
compiling fxe_directory_first_full_entry_find.c...
compiling fxe_directory_information_get.c...
compiling fxe_directory_local_path_clear.c...
compiling fxe_directory_local_path_get.c...
compiling fxe_directory_local_path_get_copy.c...
compiling fxe_directory_local_path_restore.c...
compiling fxe_directory_long_name_get.c...
compiling fxe_directory_local_path_set.c...
compiling fxe_directory_long_name_get_extended.c...
compiling fxe_directory_name_test.c...
compiling fxe_directory_next_full_entry_find.c...
compiling fxe_directory_next_entry_find.c...
compiling fxe_directory_rename.c...
compiling fxe_directory_short_name_get.c...
compiling fxe_directory_short_name_get_extended.c...
compiling fxe_fault_tolerant_enable.c...
compiling fxe_file_allocate.c...
compiling fxe_file_attributes_set.c...
compiling fxe_file_attributes_read.c...
compiling fxe_file_best_effort_allocate.c...
compiling fxe_file_close.c...
compiling fxe_file_date_time_set.c...
compiling fxe_file_create.c...
compiling fxe_file_delete.c...
compiling fxe_file_extended_allocate.c...
compiling fxe_file_extended_relative_seek.c...
compiling fxe_file_extended_best_effort_allocate.c...
compiling fxe_file_extended_seek.c...
compiling fxe_file_extended_truncate.c...
compiling fxe_file_extended_truncate_release.c...
compiling fxe_file_open.c...
compiling fxe_file_read.c...
compiling fxe_file_rename.c...
compiling fxe_file_relative_seek.c...
compiling fxe_file_seek.c...
compiling fxe_file_truncate.c...
compiling fxe_file_truncate_release.c...
compiling fxe_file_write.c...
compiling fxe_file_write_notify_set.c...
compiling fxe_media_cache_invalidate.c...
compiling fxe_media_abort.c...
compiling fxe_media_check.c...
compiling fxe_media_close_notify_set.c...
compiling fxe_media_close.c...
compiling fxe_media_exFAT_format.c...
compiling fxe_media_extended_space_available.c...
compiling fxe_media_flush.c...
compiling fxe_media_format.c...
compiling fxe_media_open.c...
compiling fxe_media_open_notify_set.c...
compiling fxe_media_read.c...
compiling fxe_media_space_available.c...
compiling fxe_media_volume_get.c...
compiling fxe_media_volume_set.c...
compiling fxe_media_volume_get_extended.c...
compiling fxe_media_write.c...
compiling fxe_system_date_set.c...
compiling fxe_system_date_get.c...
compiling fxe_system_time_get.c...
compiling fxe_system_time_set.c...
compiling fxe_unicode_directory_create.c...
compiling fxe_unicode_directory_rename.c...
compiling fxe_unicode_file_create.c...
compiling fxe_unicode_file_rename.c...
compiling fxe_unicode_short_name_get.c...
compiling fxe_unicode_name_get.c...
compiling fxe_unicode_name_get_extended.c...
compiling fxe_unicode_short_name_get_extended.c...
compiling ux_device_msc.c...
compiling app_usbx_device.c...
compiling ux_device_class_storage_deactivate.c...
compiling ux_device_class_storage_activate.c...
compiling ux_device_class_storage_csw_send.c...
compiling ux_device_class_storage_control_request.c...
compiling ux_device_descriptors.c...
compiling ux_device_class_storage_entry.c...
compiling ux_device_class_storage_format.c...
compiling ux_device_class_storage_get_performance.c...
compiling ux_device_class_storage_get_status_notification.c...
compiling ux_device_class_storage_inquiry.c...
compiling ux_device_class_storage_get_configuration.c...
compiling ux_device_class_storage_initialize.c...
compiling ux_device_class_storage_mode_select.c...
compiling ux_device_class_storage_mode_sense.c...
compiling ux_device_class_storage_prevent_allow_media_removal.c...
compiling ux_device_class_storage_read.c...
compiling ux_device_class_storage_read_capacity.c...
compiling ux_device_class_storage_read_disk_information.c...
compiling ux_device_class_storage_read_dvd_structure.c...
compiling ux_device_class_storage_read_format_capacity.c...
compiling ux_device_class_storage_read_toc.c...
compiling ux_device_class_storage_report_key.c...
compiling ux_device_class_storage_request_sense.c...
compiling ux_device_class_storage_start_stop.c...
compiling ux_device_class_storage_synchronize_cache.c...
compiling ux_device_class_storage_test_ready.c...
compiling ux_device_class_storage_thread.c...
compiling ux_device_class_storage_uninitialize.c...
compiling ux_device_class_storage_verify.c...
compiling ux_device_class_storage_write.c...
compiling ux_device_stack_alternate_setting_get.c...
compiling ux_device_stack_class_register.c...
compiling ux_device_stack_alternate_setting_set.c...
compiling ux_device_stack_class_unregister.c...
compiling ux_device_stack_clear_feature.c...
compiling ux_device_stack_configuration_get.c...
compiling ux_device_stack_configuration_set.c...
compiling ux_device_stack_descriptor_send.c...
compiling ux_device_stack_endpoint_stall.c...
compiling ux_device_stack_control_request_process.c...
compiling ux_device_stack_disconnect.c...
compiling ux_device_stack_get_status.c...
compiling ux_device_stack_host_wakeup.c...
compiling ux_device_stack_initialize.c...
compiling ux_device_stack_interface_delete.c...
compiling ux_device_stack_interface_get.c...
compiling ux_device_stack_interface_start.c...
compiling ux_device_stack_microsoft_extension_register.c...
compiling ux_device_stack_interface_set.c...
compiling ux_device_stack_set_feature.c...
compiling ux_device_stack_transfer_abort.c...
compiling ux_device_stack_transfer_all_request_abort.c...
compiling ux_device_stack_transfer_request.c...
compiling ux_device_stack_uninitialize.c...
compiling ux_utility_debug_callback_register.c...
compiling ux_utility_debug_log.c...
compiling ux_utility_delay_ms.c...
compiling ux_utility_descriptor_pack.c...
compiling ux_utility_descriptor_parse.c...
compiling ux_utility_error_callback_register.c...
compiling ux_utility_event_flags_create.c...
compiling ux_utility_event_flags_delete.c...
compiling ux_utility_event_flags_get.c...
compiling ux_utility_event_flags_set.c...
compiling ux_utility_long_get.c...
compiling ux_utility_long_get_big_endian.c...
compiling ux_utility_long_put_big_endian.c...
compiling ux_utility_long_put.c...
compiling ux_utility_memory_allocate_add_safe.c...
compiling ux_utility_memory_allocate.c...
compiling ux_utility_memory_allocate_mulc_safe.c...
compiling ux_utility_memory_allocate_mulv_safe.c...
compiling ux_utility_memory_compare.c...
compiling ux_utility_memory_copy.c...
compiling ux_utility_memory_free.c...
compiling ux_utility_memory_set.c...
compiling ux_utility_memory_free_block_best_get.c...
compiling ux_utility_mutex_create.c...
compiling ux_utility_mutex_off.c...
compiling ux_utility_mutex_delete.c...
compiling ux_utility_mutex_on.c...
compiling ux_utility_pci_class_scan.c...
compiling ux_utility_physical_address.c...
compiling ux_utility_pci_write.c...
compiling ux_utility_pci_read.c...
compiling ux_utility_semaphore_create.c...
compiling ux_utility_semaphore_delete.c...
compiling ux_utility_semaphore_get.c...
compiling ux_utility_set_interrupt_handler.c...
compiling ux_utility_short_get_big_endian.c...
compiling ux_utility_semaphore_put.c...
compiling ux_utility_short_get.c...
compiling ux_utility_short_put.c...
compiling ux_utility_short_put_big_endian.c...
compiling ux_utility_string_length_check.c...
compiling ux_utility_string_length_get.c...
compiling ux_utility_string_to_unicode.c...
compiling ux_utility_thread_delete.c...
compiling ux_utility_thread_create.c...
compiling ux_utility_thread_identify.c...
compiling ux_utility_thread_relinquish.c...
compiling ux_utility_thread_resume.c...
compiling ux_utility_thread_schedule_other.c...
compiling ux_utility_thread_sleep.c...
compiling ux_utility_thread_suspend.c...
compiling ux_utility_timer_create.c...
compiling ux_utility_virtual_address.c...
compiling ux_utility_unicode_to_string.c...
compiling ux_system_error_handler.c...
compiling ux_system_uninitialize.c...
compiling ux_system_initialize.c...
compiling ux_dcd_stm32_endpoint_create.c...
compiling ux_dcd_stm32_callback.c...
compiling ux_dcd_stm32_endpoint_reset.c...
compiling ux_dcd_stm32_endpoint_destroy.c...
compiling ux_dcd_stm32_endpoint_stall.c...
compiling ux_dcd_stm32_endpoint_status.c...
compiling ux_dcd_stm32_frame_number_get.c...
compiling ux_dcd_stm32_function.c...
compiling ux_dcd_stm32_initialize.c...
compiling ux_dcd_stm32_initialize_complete.c...
compiling ux_dcd_stm32_interrupt_handler.c...
compiling ux_dcd_stm32_transfer_request.c...
compiling ux_dcd_stm32_uninitialize.c...
linking...
Program Size: Code=49462 RO-data=538 RW-data=1132 ZI-data=26636  
FromELF: creating hex file...
"AZRTOS_ThreadX\AZRTOS_ThreadX.axf" - 0 Error(s), 2 Warning(s).

<h2>Software Packages used:</h2>

Package Vendor: ARM
                http://www.keil.com/pack/ARM.CMSIS.5.7.0.pack
                ARM.CMSIS.5.7.0
                CMSIS (Cortex Microcontroller Software Interface Standard)
   * Component: CORE Version: 5.4.0

Package Vendor: Keil
                http://www.keil.com/pack/Keil.STM32F4xx_DFP.2.11.0.pack
                Keil.STM32F4xx_DFP.2.11.0
                STMicroelectronics STM32F4 Series Device Support, Drivers and Examples

<h2>Collection of Component include folders:</h2>
  .\RTE\_AZRTOS_ThreadX
  D:\keil 5\ARM\PACK\ARM\CMSIS\5.7.0\CMSIS\Core\Include
  D:\keil 5\ARM\PACK\Keil\STM32F4xx_DFP\2.11.0\Drivers\CMSIS\Device\ST\STM32F4xx\Include

<h2>Collection of Component Files used:</h2>

   * Component: ARM::CMSIS:CORE:5.4.0
      Include file:  CMSIS\Core\Include\tz_context.h
Build Time Elapsed:  00:00:35
</pre>
</body>
</html>
